Archive member included to satisfy reference by file (symbol)

app/libapp.a(main.c.obj)      (--whole-archive)
zephyr/libzephyr.a(cbprintf_packaged.c.obj)
                              (--whole-archive)
zephyr/libzephyr.a(dec.c.obj)
                              (--whole-archive)
zephyr/libzephyr.a(hex.c.obj)
                              (--whole-archive)
zephyr/libzephyr.a(printk.c.obj)
                              (--whole-archive)
zephyr/libzephyr.a(rb.c.obj)  (--whole-archive)
zephyr/libzephyr.a(sem.c.obj)
                              (--whole-archive)
zephyr/libzephyr.a(thread_entry.c.obj)
                              (--whole-archive)
zephyr/libzephyr.a(timeutil.c.obj)
                              (--whole-archive)
zephyr/libzephyr.a(heap.c.obj)
                              (--whole-archive)
zephyr/libzephyr.a(heap-validate.c.obj)
                              (--whole-archive)
zephyr/libzephyr.a(bitarray.c.obj)
                              (--whole-archive)
zephyr/libzephyr.a(multi_heap.c.obj)
                              (--whole-archive)
zephyr/libzephyr.a(onoff.c.obj)
                              (--whole-archive)
zephyr/libzephyr.a(notify.c.obj)
                              (--whole-archive)
zephyr/libzephyr.a(cbprintf_complete.c.obj)
                              (--whole-archive)
zephyr/libzephyr.a(assert.c.obj)
                              (--whole-archive)
zephyr/libzephyr.a(reboot.c.obj)
                              (--whole-archive)
zephyr/libzephyr.a(configs.c.obj)
                              (--whole-archive)
zephyr/libzephyr.a(log_core.c.obj)
                              (--whole-archive)
zephyr/libzephyr.a(log_mgmt.c.obj)
                              (--whole-archive)
zephyr/libzephyr.a(log_cache.c.obj)
                              (--whole-archive)
zephyr/libzephyr.a(log_msg.c.obj)
                              (--whole-archive)
zephyr/libzephyr.a(log_output.c.obj)
                              (--whole-archive)
zephyr/libzephyr.a(log_backend_uart.c.obj)
                              (--whole-archive)
zephyr/libzephyr.a(mem_attr.c.obj)
                              (--whole-archive)
zephyr/libzephyr.a(tracing_none.c.obj)
                              (--whole-archive)
zephyr/libzephyr.a(flash_map_partition_manager.c.obj)
                              (--whole-archive)
zephyr/arch/common/libarch__common.a(sw_isr_common.c.obj)
                              (--whole-archive)
zephyr/arch/arch/arm/core/libarch__arm__core.a(fatal.c.obj)
                              (--whole-archive)
zephyr/arch/arch/arm/core/libarch__arm__core.a(nmi.c.obj)
                              (--whole-archive)
zephyr/arch/arch/arm/core/libarch__arm__core.a(nmi_on_reset.S.obj)
                              (--whole-archive)
zephyr/arch/arch/arm/core/libarch__arm__core.a(tls.c.obj)
                              (--whole-archive)
zephyr/arch/arch/arm/core/cortex_m/libarch__arm__core__cortex_m.a(exc_exit.S.obj)
                              (--whole-archive)
zephyr/arch/arch/arm/core/cortex_m/libarch__arm__core__cortex_m.a(fault.c.obj)
                              (--whole-archive)
zephyr/arch/arch/arm/core/cortex_m/libarch__arm__core__cortex_m.a(fault_s.S.obj)
                              (--whole-archive)
zephyr/arch/arch/arm/core/cortex_m/libarch__arm__core__cortex_m.a(fpu.c.obj)
                              (--whole-archive)
zephyr/arch/arch/arm/core/cortex_m/libarch__arm__core__cortex_m.a(reset.S.obj)
                              (--whole-archive)
zephyr/arch/arch/arm/core/cortex_m/libarch__arm__core__cortex_m.a(scb.c.obj)
                              (--whole-archive)
zephyr/arch/arch/arm/core/cortex_m/libarch__arm__core__cortex_m.a(thread_abort.c.obj)
                              (--whole-archive)
zephyr/arch/arch/arm/core/cortex_m/libarch__arm__core__cortex_m.a(vector_table.S.obj)
                              (--whole-archive)
zephyr/arch/arch/arm/core/cortex_m/libarch__arm__core__cortex_m.a(swap.c.obj)
                              (--whole-archive)
zephyr/arch/arch/arm/core/cortex_m/libarch__arm__core__cortex_m.a(swap_helper.S.obj)
                              (--whole-archive)
zephyr/arch/arch/arm/core/cortex_m/libarch__arm__core__cortex_m.a(irq_manage.c.obj)
                              (--whole-archive)
zephyr/arch/arch/arm/core/cortex_m/libarch__arm__core__cortex_m.a(prep_c.c.obj)
                              (--whole-archive)
zephyr/arch/arch/arm/core/cortex_m/libarch__arm__core__cortex_m.a(thread.c.obj)
                              (--whole-archive)
zephyr/arch/arch/arm/core/cortex_m/libarch__arm__core__cortex_m.a(cpu_idle.S.obj)
                              (--whole-archive)
zephyr/arch/arch/arm/core/cortex_m/libarch__arm__core__cortex_m.a(irq_init.c.obj)
                              (--whole-archive)
zephyr/arch/arch/arm/core/cortex_m/libarch__arm__core__cortex_m.a(isr_wrapper.S.obj)
                              (--whole-archive)
[...]
Memory Configuration

Name             Origin             Length             Attributes
FLASH            0x0000000000008000 0x00000000000f8000 xr
RAM              0x0000000020008000 0x0000000000068000 xw
IDT_LIST         0x00000000ffff7fff 0x0000000000008000 xw
*default*        0x0000000000000000 0xffffffffffffffff

Linker script and memory map

                0x000000000000e6d4                vfprintf = __l_vfprintf
                0x0000000000000000                vfscanf = __l_vfscanf
LOAD zephyr/CMakeFiles/zephyr_final.dir/misc/empty_file.c.obj
LOAD zephyr/CMakeFiles/zephyr_final.dir/isr_tables.c.obj
LOAD zephyr/CMakeFiles/offsets.dir/./arch/arm/core/offsets/offsets.c.obj
LOAD tfm/api_ns/interface/lib/s_veneers.o
LOAD app/libapp.a
LOAD zephyr/libzephyr.a
LOAD zephyr/arch/common/libarch__common.a
LOAD zephyr/arch/arch/arm/core/libarch__arm__core.a
LOAD zephyr/arch/arch/arm/core/cortex_m/libarch__arm__core__cortex_m.a
LOAD zephyr/arch/arch/arm/core/cortex_m/cmse/libarch__arm__core__cortex_m__cmse.a
LOAD zephyr/arch/arch/arm/core/mpu/libarch__arm__core__mpu.a
LOAD zephyr/lib/libc/picolibc/liblib__libc__picolibc.a
LOAD zephyr/lib/libc/common/liblib__libc__common.a
LOAD zephyr/soc/soc/arm/nordic_nrf/libsoc__arm__nordic_nrf.a
LOAD zephyr/drivers/clock_control/libdrivers__clock_control.a
LOAD zephyr/drivers/console/libdrivers__console.a
LOAD zephyr/drivers/gpio/libdrivers__gpio.a
LOAD zephyr/drivers/led/libdrivers__led.a
LOAD zephyr/drivers/mbox/libdrivers__mbox.a
LOAD zephyr/drivers/pinctrl/libdrivers__pinctrl.a
LOAD zephyr/drivers/pwm/libdrivers__pwm.a
LOAD zephyr/drivers/serial/libdrivers__serial.a
LOAD zephyr/drivers/timer/libdrivers__timer.a
LOAD modules/nrf/lib/dk_buttons_and_leds/lib..__nrf__lib__dk_buttons_and_leds.a
LOAD modules/nrf/lib/fatal_error/lib..__nrf__lib__fatal_error.a
LOAD modules/nrf/subsys/nrf_security/src/zephyr/libmbedtls_zephyr.a
LOAD modules/nrf/modules/trusted-firmware-m/lib..__nrf__modules__trusted-firmware-m.a
LOAD modules/nrf/modules/trusted-firmware-m/libtfm_api_nrf.a
LOAD modules/trusted-firmware-m/libtfm_api.a
LOAD modules/hal_nordic/nrfx/libmodules__hal_nordic__nrfx.a
LOAD zephyr/kernel/libkernel.a
LOAD c:/ncs/toolchains/ce3b5ff664/opt/zephyr-sdk/arm-zephyr-eabi/bin/../lib/gcc/arm-zephyr-eabi/12.2.0/thumb/v8-m.main/nofp\libgcc.a
LOAD zephyr/arch/common/libisr_tables.a
LOAD modules/nrf/subsys/nrf_security/src/libmbedcrypto.a
LOAD C:/ncs/v2.6.1/nrfxlib/crypto/nrf_oberon/lib/cortex-m33/soft-float/liboberon_mbedtls_3.0.14.a
LOAD modules/nrf/subsys/nrf_security/src/libmbedcrypto_base.a
LOAD C:/ncs/v2.6.1/nrfxlib/crypto/nrf_oberon/lib/cortex-m33/soft-float/liboberon_3.0.14.a
LOAD c:\ncs\toolchains\ce3b5ff664\opt\zephyr-sdk\arm-zephyr-eabi\bin\../lib/gcc/../../picolibc/arm-zephyr-eabi/lib/thumb/v8-m.main/nofp\libc.a
LOAD c:/ncs/toolchains/ce3b5ff664/opt/zephyr-sdk/arm-zephyr-eabi/bin/../lib/gcc/arm-zephyr-eabi/12.2.0/thumb/v8-m.main/nofp\libgcc.a
                0x0000000000000020                _region_min_align = 0x20

.rel.plt        0x0000000000008000        0x0
 *(SORT_BY_ALIGNMENT(.rel.plt))
                [!provide]                        PROVIDE (__rel_iplt_start = .)
 *(SORT_BY_ALIGNMENT(.rel.iplt))
 .rel.iplt      0x0000000000008000        0x0 zephyr/CMakeFiles/zephyr_final.dir/isr_tables.c.obj
                [!provide]                        PROVIDE (__rel_iplt_end = .)

.rela.plt       0x0000000000000000        0x0
 *(SORT_BY_ALIGNMENT(.rela.plt))
                [!provide]                        PROVIDE (__rela_iplt_start = .)
 *(SORT_BY_ALIGNMENT(.rela.iplt))
                [!provide]                        PROVIDE (__rela_iplt_end = .)

.rel.dyn
 *(SORT_BY_ALIGNMENT(.rel.*))

.rela.dyn
 *(SORT_BY_ALIGNMENT(.rela.*))

/DISCARD/
 *(SORT_BY_ALIGNMENT(.plt))

/DISCARD/
 *(SORT_BY_ALIGNMENT(.iplt))
                0x0000000000008000                __rom_region_start = 0x8000

rom_start       0x0000000000008000      0x154
                0x0000000000008000                __rom_start_address = .
 FILL mask 0x00
                0x0000000000008000                . = (. + (0x0 - (. - __rom_start_address)))
                0x0000000000008000                . = ALIGN (0x4)
                0x0000000000008000                . = ALIGN (0x80)
                0x0000000000008000                . = ALIGN (0x200)
                0x0000000000008000                _vector_start = .
 *(SORT_BY_ALIGNMENT(.exc_vector_table))
 *(SORT_BY_ALIGNMENT(.exc_vector_table.*))
 .exc_vector_table._vector_table_section
                0x0000000000008000       0x40 zephyr/arch/arch/arm/core/cortex_m/libarch__arm__core__cortex_m.a(vector_table.S.obj)
                0x0000000000008000                _vector_table
 *(SORT_BY_ALIGNMENT(.vectors))
                0x0000000000008154                _vector_end = .
                0x0000000000008040                . = ALIGN (0x4)
 *(SORT_BY_ALIGNMENT(.gnu.linkonce.irq_vector_table*))
 .gnu.linkonce.irq_vector_table
                0x0000000000008040      0x114 zephyr/CMakeFiles/zephyr_final.dir/isr_tables.c.obj
                0x0000000000008040                _irq_vector_table
                0x0000000000008154                _vector_end = .

text            0x0000000000008158     0x7c6c
                0x0000000000008158                __text_region_start = .
 *(SORT_BY_ALIGNMENT(.text))
 .text          0x0000000000008158       0x30 c:/ncs/toolchains/ce3b5ff664/opt/zephyr-sdk/arm-zephyr-eabi/bin/../lib/gcc/arm-zephyr-eabi/12.2.0/thumb/v8-m.main/nofp\libgcc.a(_aeabi_uldivmod.o)
                0x0000000000008158                __aeabi_uldivmod
 .text          0x0000000000008188        0x4 c:/ncs/toolchains/ce3b5ff664/opt/zephyr-sdk/arm-zephyr-eabi/bin/../lib/gcc/arm-zephyr-eabi/12.2.0/thumb/v8-m.main/nofp\libgcc.a(_dvmd_tls.o)
                0x0000000000008188                __aeabi_idiv0
                0x0000000000008188                __aeabi_ldiv0
 .text          0x000000000000818c      0x29c c:/ncs/toolchains/ce3b5ff664/opt/zephyr-sdk/arm-zephyr-eabi/bin/../lib/gcc/arm-zephyr-eabi/12.2.0/thumb/v8-m.main/nofp\libgcc.a(_udivmoddi4.o)
                0x000000000000818c                __udivmoddi4
 .text          0x0000000000008428       0x10 c:\ncs\toolchains\ce3b5ff664\opt\zephyr-sdk\arm-zephyr-eabi\bin\../lib/gcc/../../picolibc/arm-zephyr-eabi/lib/thumb/v8-m.main/nofp\libc.a(strlen.S.o)
                0x0000000000008428                strlen
 *(SORT_BY_ALIGNMENT(.text.*))
 .text.pwm_set.constprop.0
                0x0000000000008438       0xa8 app/libapp.a(main.c.obj)
 .text.pwm_set  0x00000000000084e0       0x9c zephyr/drivers/led/libdrivers__led.a(led_pwm.c.obj)
 .text.set_motor_angle
                0x000000000000857c       0x3c app/libapp.a(main.c.obj)
                0x000000000000857c                set_motor_angle
 .text.button_handler
                0x00000000000085b8       0x7c app/libapp.a(main.c.obj)
                0x00000000000085b8                button_handler
 .text.main     0x0000000000008634       0x84 app/libapp.a(main.c.obj)
                0x0000000000008634                main
 .text.cbvprintf_package
                0x00000000000086b8      0x3a4 zephyr/libzephyr.a(cbprintf_packaged.c.obj)
                0x00000000000086b8                cbvprintf_package
 .text.__printk_hook_install
                0x0000000000008a5c        0xc zephyr/libzephyr.a(printk.c.obj)
                0x0000000000008a5c                __printk_hook_install
 .text.z_thread_entry
                0x0000000000008a68       0x34 zephyr/libzephyr.a(thread_entry.c.obj)
                0x0000000000008a68                z_thread_entry
 .text.process_event
                0x0000000000008a9c      0x21c zephyr/libzephyr.a(onoff.c.obj)
 .text.z_log_init.isra.0
                0x0000000000008cb8       0xd0 zephyr/libzephyr.a(log_core.c.obj)
 .text.log_format_func_t_get
                0x0000000000008d88        0xc zephyr/libzephyr.a(log_core.c.obj)
                0x0000000000008d88                log_format_func_t_get
 .text.log_set_timestamp_func
                0x0000000000008d94       0x20 zephyr/libzephyr.a(log_core.c.obj)
                0x0000000000008d94                log_set_timestamp_func
 .text.log_core_init
                0x0000000000008db4       0x28 zephyr/libzephyr.a(log_core.c.obj)
                0x0000000000008db4                log_core_init
 .text.z_impl_log_panic
                0x0000000000008ddc       0x3c zephyr/libzephyr.a(log_core.c.obj)
                0x0000000000008ddc                z_impl_log_panic
 .text.z_log_dropped
                0x0000000000008e18       0x28 zephyr/libzephyr.a(log_core.c.obj)
                0x0000000000008e18                z_log_dropped
 .text.z_log_msg_commit
                0x0000000000008e40       0x38 zephyr/libzephyr.a(log_core.c.obj)
                0x0000000000008e40                z_log_msg_commit
 .text.log_source_name_get
                0x0000000000008e78       0x1c zephyr/libzephyr.a(log_mgmt.c.obj)
                0x0000000000008e78                log_source_name_get
 .text.log_backend_enable
                0x0000000000008e94       0x28 zephyr/libzephyr.a(log_mgmt.c.obj)
                0x0000000000008e94                log_backend_enable
 .text.z_log_msg_runtime_vcreate
                0x0000000000008ebc       0x8c zephyr/libzephyr.a(log_msg.c.obj)
                0x0000000000008ebc                z_log_msg_runtime_vcreate
 .text.print_formatted
                0x0000000000008f48       0x24 zephyr/libzephyr.a(log_output.c.obj)
 .text.newline_print
                0x0000000000008f6c       0x1c zephyr/libzephyr.a(log_output.c.obj)
 .text.log_output_process
                0x0000000000008f88      0x2a4 zephyr/libzephyr.a(log_output.c.obj)
                0x0000000000008f88                log_output_process
 .text.log_output_msg_process
                0x000000000000922c       0x70 zephyr/libzephyr.a(log_output.c.obj)
                0x000000000000922c                log_output_msg_process
 .text.log_output_timestamp_freq_set
                0x000000000000929c       0x2c zephyr/libzephyr.a(log_output.c.obj)
                0x000000000000929c                log_output_timestamp_freq_set
 .text.char_out
                0x00000000000092c8       0x24 zephyr/libzephyr.a(log_backend_uart.c.obj)
 .text.mem_attr_get_regions
                0x00000000000092ec        0xc zephyr/libzephyr.a(mem_attr.c.obj)
                0x00000000000092ec                mem_attr_get_regions
 .text.z_arm_fatal_error
                0x00000000000092f8       0xa0 zephyr/arch/arch/arm/core/libarch__arm__core.a(fatal.c.obj)
                0x00000000000092f8                z_arm_fatal_error
 .text.z_SysNmiOnReset
                0x0000000000009398        0x8 zephyr/arch/arch/arm/core/libarch__arm__core.a(nmi_on_reset.S.obj)
                0x0000000000009398                z_SysNmiOnReset
 .text.arch_tls_stack_setup
                0x00000000000093a0       0x5c zephyr/arch/arch/arm/core/libarch__arm__core.a(tls.c.obj)
                0x00000000000093a0                arch_tls_stack_setup
 .text._HandlerModeExit
                0x00000000000093fc       0x1c zephyr/arch/arch/arm/core/cortex_m/libarch__arm__core__cortex_m.a(exc_exit.S.obj)
                0x00000000000093fc                z_arm_int_exit
                0x00000000000093fc                z_arm_exc_exit
 .text.mem_manage_fault.constprop.0
                0x0000000000009418      0x130 zephyr/arch/arch/arm/core/cortex_m/libarch__arm__core__cortex_m.a(fault.c.obj)
 .text.bus_fault.constprop.0
                0x0000000000009548      0x13c zephyr/arch/arch/arm/core/cortex_m/libarch__arm__core__cortex_m.a(fault.c.obj)
 .text.usage_fault.constprop.0
                0x0000000000009684      0x128 zephyr/arch/arch/arm/core/cortex_m/libarch__arm__core__cortex_m.a(fault.c.obj)
 .text.z_arm_fault
                0x00000000000097ac      0x218 zephyr/arch/arch/arm/core/cortex_m/libarch__arm__core__cortex_m.a(fault.c.obj)
                0x00000000000097ac                z_arm_fault
 .text.z_arm_fault_init
                0x00000000000099c4       0x18 zephyr/arch/arch/arm/core/cortex_m/libarch__arm__core__cortex_m.a(fault.c.obj)
                0x00000000000099c4                z_arm_fault_init
 .text.__fault  0x00000000000099dc       0x14 zephyr/arch/arch/arm/core/cortex_m/libarch__arm__core__cortex_m.a(fault_s.S.obj)
                0x00000000000099dc                z_arm_usage_fault
                0x00000000000099dc                z_arm_mpu_fault
                0x00000000000099dc                z_arm_exc_spurious
                0x00000000000099dc                z_arm_debug_monitor
                0x00000000000099dc                z_arm_hard_fault
                0x00000000000099dc                z_arm_bus_fault
 .text._reset_section
                0x00000000000099f0       0x60 zephyr/arch/arch/arm/core/cortex_m/libarch__arm__core__cortex_m.a(reset.S.obj)
                0x00000000000099f0                __start
                0x00000000000099f0                z_arm_reset
 .text.sys_arch_reboot
                0x0000000000009a50       0x24 zephyr/arch/arch/arm/core/cortex_m/libarch__arm__core__cortex_m.a(scb.c.obj)
                0x0000000000009a50                sys_arch_reboot
 .text.z_arm_clear_arm_mpu_config
                0x0000000000009a74       0x24 zephyr/arch/arch/arm/core/cortex_m/libarch__arm__core__cortex_m.a(scb.c.obj)
                0x0000000000009a74                z_arm_clear_arm_mpu_config
 .text.z_arm_init_arch_hw_at_boot
                0x0000000000009a98       0x4c zephyr/arch/arch/arm/core/cortex_m/libarch__arm__core__cortex_m.a(scb.c.obj)
                0x0000000000009a98                z_arm_init_arch_hw_at_boot
 .text.z_impl_k_thread_abort
                0x0000000000009ae4       0x2c zephyr/arch/arch/arm/core/cortex_m/libarch__arm__core__cortex_m.a(thread_abort.c.obj)
                0x0000000000009ae4                z_impl_k_thread_abort
 .text.arch_swap
                0x0000000000009b10       0x30 zephyr/arch/arch/arm/core/cortex_m/libarch__arm__core__cortex_m.a(swap.c.obj)
                0x0000000000009b10                arch_swap
 .text.z_arm_pendsv
                0x0000000000009b40       0x70 zephyr/arch/arch/arm/core/cortex_m/libarch__arm__core__cortex_m.a(swap_helper.S.obj)
                0x0000000000009b40                z_arm_pendsv
 .text.z_arm_svc
                0x0000000000009bb0       0x20 zephyr/arch/arch/arm/core/cortex_m/libarch__arm__core__cortex_m.a(swap_helper.S.obj)
                0x0000000000009bb0                z_arm_svc
 .text.arch_irq_enable
                0x0000000000009bd0       0x1c zephyr/arch/arch/arm/core/cortex_m/libarch__arm__core__cortex_m.a(irq_manage.c.obj)
                0x0000000000009bd0                arch_irq_enable
 .text.arch_irq_disable
                0x0000000000009bec       0x28 zephyr/arch/arch/arm/core/cortex_m/libarch__arm__core__cortex_m.a(irq_manage.c.obj)
                0x0000000000009bec                arch_irq_disable
 .text.arch_irq_is_enabled
                0x0000000000009c14       0x1c zephyr/arch/arch/arm/core/cortex_m/libarch__arm__core__cortex_m.a(irq_manage.c.obj)
                0x0000000000009c14                arch_irq_is_enabled
 .text.z_arm_irq_priority_set
                0x0000000000009c30       0x2c zephyr/arch/arch/arm/core/cortex_m/libarch__arm__core__cortex_m.a(irq_manage.c.obj)
                0x0000000000009c30                z_arm_irq_priority_set
 .text.z_arm_prep_c
                0x0000000000009c5c       0x38 zephyr/arch/arch/arm/core/cortex_m/libarch__arm__core__cortex_m.a(prep_c.c.obj)
                0x0000000000009c5c                z_arm_prep_c
 .text.arch_new_thread
                0x0000000000009c94       0x3c zephyr/arch/arch/arm/core/cortex_m/libarch__arm__core__cortex_m.a(thread.c.obj)
                0x0000000000009c94                arch_new_thread
 .text.arch_switch_to_main_thread
                0x0000000000009cd0       0x34 zephyr/arch/arch/arm/core/cortex_m/libarch__arm__core__cortex_m.a(thread.c.obj)
                0x0000000000009cd0                arch_switch_to_main_thread
 .text.z_arm_cpu_idle_init
                0x0000000000009d04        0xc zephyr/arch/arch/arm/core/cortex_m/libarch__arm__core__cortex_m.a(cpu_idle.S.obj)
                0x0000000000009d04                z_arm_cpu_idle_init
 .text.arch_cpu_idle
                0x0000000000009d10       0x38 zephyr/arch/arch/arm/core/cortex_m/libarch__arm__core__cortex_m.a(cpu_idle.S.obj)
                0x0000000000009d10                arch_cpu_idle
 .text.arch_cpu_atomic_idle
                0x0000000000009d48       0x34 zephyr/arch/arch/arm/core/cortex_m/libarch__arm__core__cortex_m.a(cpu_idle.S.obj)
                0x0000000000009d48                arch_cpu_atomic_idle
 .text.z_arm_interrupt_init
                0x0000000000009d7c       0x18 zephyr/arch/arch/arm/core/cortex_m/libarch__arm__core__cortex_m.a(irq_init.c.obj)
                0x0000000000009d7c                z_arm_interrupt_init
 .text._isr_wrapper
                0x0000000000009d94       0x28 zephyr/arch/arch/arm/core/cortex_m/libarch__arm__core__cortex_m.a(isr_wrapper.S.obj)
                0x0000000000009d94                _isr_wrapper
 .text.z_arm_configure_static_mpu_regions
                0x0000000000009dbc       0x38 zephyr/arch/arch/arm/core/mpu/libarch__arm__core__mpu.a(arm_core_mpu.c.obj)
                0x0000000000009dbc                z_arm_configure_static_mpu_regions
 .text.region_init
                0x0000000000009df4       0x34 zephyr/arch/arch/arm/core/mpu/libarch__arm__core__mpu.a(arm_mpu.c.obj)
 .text.region_allocate_and_init
                0x0000000000009e28       0x38 zephyr/arch/arch/arm/core/mpu/libarch__arm__core__mpu.a(arm_mpu.c.obj)
 .text.mpu_configure_regions_and_partition.constprop.0
                0x0000000000009e60      0x170 zephyr/arch/arch/arm/core/mpu/libarch__arm__core__mpu.a(arm_mpu.c.obj)
 .text.arm_core_mpu_enable
                0x0000000000009fd0       0x18 zephyr/arch/arch/arm/core/mpu/libarch__arm__core__mpu.a(arm_mpu.c.obj)
                0x0000000000009fd0                arm_core_mpu_enable
 .text.arm_core_mpu_disable
                0x0000000000009fe8       0x14 zephyr/arch/arch/arm/core/mpu/libarch__arm__core__mpu.a(arm_mpu.c.obj)
                0x0000000000009fe8                arm_core_mpu_disable
 .text.arm_core_mpu_configure_static_mpu_regions
                0x0000000000009ffc       0x14 zephyr/arch/arch/arm/core/mpu/libarch__arm__core__mpu.a(arm_mpu.c.obj)
                0x0000000000009ffc                arm_core_mpu_configure_static_mpu_regions
 .text.arm_core_mpu_mark_areas_for_dynamic_regions
                0x000000000000a010       0xb8 zephyr/arch/arch/arm/core/mpu/libarch__arm__core__mpu.a(arm_mpu.c.obj)
                0x000000000000a010                arm_core_mpu_mark_areas_for_dynamic_regions
 .text.z_arm_mpu_init
                0x000000000000a0c8      0x114 zephyr/arch/arch/arm/core/mpu/libarch__arm__core__mpu.a(arm_mpu.c.obj)
                0x000000000000a0c8                z_arm_mpu_init
 .text.z_impl_zephyr_fputc
                0x000000000000a1dc       0x10 zephyr/lib/libc/picolibc/liblib__libc__picolibc.a(libc-hooks.c.obj)
                0x000000000000a1dc                z_impl_zephyr_fputc
 .text.__stdout_hook_install
                0x000000000000a1ec       0x18 zephyr/lib/libc/picolibc/liblib__libc__picolibc.a(libc-hooks.c.obj)
                0x000000000000a1ec                __stdout_hook_install
 .text.cbvprintf
                0x000000000000a204       0x38 zephyr/lib/libc/picolibc/liblib__libc__picolibc.a(libc-hooks.c.obj)
                0x000000000000a204                cbvprintf
 .text.malloc_prepare
                0x000000000000a23c       0x24 zephyr/lib/libc/common/liblib__libc__common.a(malloc.c.obj)
 .text.rtc_pretick_init
                0x000000000000a260       0x60 zephyr/soc/soc/arm/nordic_nrf/libsoc__arm__nordic_nrf.a(soc.c.obj)
 .text.z_arm_on_enter_cpu_idle
                0x000000000000a2c0       0x68 zephyr/soc/soc/arm/nordic_nrf/libsoc__arm__nordic_nrf.a(soc.c.obj)
                0x000000000000a2c0                z_arm_on_enter_cpu_idle
 .text.arch_busy_wait
                0x000000000000a328       0x24 zephyr/soc/soc/arm/nordic_nrf/libsoc__arm__nordic_nrf.a(soc.c.obj)
                0x000000000000a328                arch_busy_wait
 .text.z_log_msg_runtime_create.constprop.0
                0x000000000000a34c       0x24 zephyr/soc/soc/arm/nordic_nrf/libsoc__arm__nordic_nrf.a(sync_rtc.c.obj)
 .text.rtc_cb   0x000000000000a370       0x40 zephyr/soc/soc/arm/nordic_nrf/libsoc__arm__nordic_nrf.a(sync_rtc.c.obj)
 .text.sync_rtc_setup
                0x000000000000a3b0       0xc8 zephyr/soc/soc/arm/nordic_nrf/libsoc__arm__nordic_nrf.a(sync_rtc.c.obj)
 .text.mbox_callback
                0x000000000000a478       0x80 zephyr/soc/soc/arm/nordic_nrf/libsoc__arm__nordic_nrf.a(sync_rtc.c.obj)
 .text.z_arm_platform_init
                0x000000000000a4f8        0x4 zephyr/soc/soc/arm/nordic_nrf/libsoc__arm__nordic_nrf.a(soc_nrf_common.S.obj)
                0x000000000000a4f8                z_arm_platform_init
 .text.onoff_stop
                0x000000000000a4fc       0x30 zephyr/drivers/clock_control/libdrivers__clock_control.a(clock_control_nrf.c.obj)
 .text.onoff_start
                0x000000000000a52c       0x44 zephyr/drivers/clock_control/libdrivers__clock_control.a(clock_control_nrf.c.obj)
 .text.clk_init
                0x000000000000a570       0x64 zephyr/drivers/clock_control/libdrivers__clock_control.a(clock_control_nrf.c.obj)
 .text.clkstarted_handle.constprop.0
                0x000000000000a5d4       0x34 zephyr/drivers/clock_control/libdrivers__clock_control.a(clock_control_nrf.c.obj)
 .text.clock_event_handler
                0x000000000000a608       0x30 zephyr/drivers/clock_control/libdrivers__clock_control.a(clock_control_nrf.c.obj)
 .text.generic_hfclk_start
                0x000000000000a638       0x64 zephyr/drivers/clock_control/libdrivers__clock_control.a(clock_control_nrf.c.obj)
 .text.api_blocking_start
                0x000000000000a69c       0x34 zephyr/drivers/clock_control/libdrivers__clock_control.a(clock_control_nrf.c.obj)
 .text.generic_hfclk_stop
                0x000000000000a6d0       0x34 zephyr/drivers/clock_control/libdrivers__clock_control.a(clock_control_nrf.c.obj)
 .text.z_nrf_clock_control_lf_on
                0x000000000000a704       0xf8 zephyr/drivers/clock_control/libdrivers__clock_control.a(clock_control_nrf.c.obj)
                0x000000000000a704                z_nrf_clock_control_lf_on
 .text.uart_console_init
                0x000000000000a7fc       0x28 zephyr/drivers/console/libdrivers__console.a(uart_console.c.obj)
 .text.console_out
                0x000000000000a824       0x28 zephyr/drivers/console/libdrivers__console.a(uart_console.c.obj)
 .text.gpio_nrfx_pin_interrupt_configure
                0x000000000000a84c      0x100 zephyr/drivers/gpio/libdrivers__gpio.a(gpio_nrfx.c.obj)
 .text.gpio_nrfx_init
                0x000000000000a94c       0x48 zephyr/drivers/gpio/libdrivers__gpio.a(gpio_nrfx.c.obj)
 .text.nrfx_gpio_handler
                0x000000000000a994       0x4c zephyr/drivers/gpio/libdrivers__gpio.a(gpio_nrfx.c.obj)
 .text.gpio_nrfx_pin_configure
                0x000000000000a9e0      0x18c zephyr/drivers/gpio/libdrivers__gpio.a(gpio_nrfx.c.obj)
 .text.led_gpio_init
                0x000000000000ab6c       0xec zephyr/drivers/led/libdrivers__led.a(led_gpio.c.obj)
 .text.led_pwm_init
                0x000000000000ac58       0x68 zephyr/drivers/led/libdrivers__led.a(led_pwm.c.obj)
 .text.mbox_nrf_init
                0x000000000000acc0       0xb0 zephyr/drivers/mbox/libdrivers__mbox.a(mbox_nrfx_ipc.c.obj)
 .text.mbox_nrf_send
                0x000000000000ad70       0x50 zephyr/drivers/mbox/libdrivers__mbox.a(mbox_nrfx_ipc.c.obj)
 .text.mbox_dispatcher
                0x000000000000adc0       0x78 zephyr/drivers/mbox/libdrivers__mbox.a(mbox_nrfx_ipc.c.obj)
 .text.mbox_nrf_set_enabled
                0x000000000000ae38       0xa0 zephyr/drivers/mbox/libdrivers__mbox.a(mbox_nrfx_ipc.c.obj)
 .text.nrf_gpio_pin_port_decode
                0x000000000000aed8       0x24 zephyr/drivers/pinctrl/libdrivers__pinctrl.a(pinctrl_nrf.c.obj)
 .text.pinctrl_configure_pins
                0x000000000000aefc      0x1a0 zephyr/drivers/pinctrl/libdrivers__pinctrl.a(pinctrl_nrf.c.obj)
                0x000000000000aefc                pinctrl_configure_pins
 .text.nrf_gpio_pin_port_decode
                0x000000000000b09c       0x24 zephyr/drivers/pwm/libdrivers__pwm.a(pwm_nrfx.c.obj)
 .text.pwm_nrfx_get_cycles_per_sec
                0x000000000000b0c0       0x10 zephyr/drivers/pwm/libdrivers__pwm.a(pwm_nrfx.c.obj)
 .text.pwm_nrfx_set_cycles
                0x000000000000b0d0      0x1ac zephyr/drivers/pwm/libdrivers__pwm.a(pwm_nrfx.c.obj)
 .text.pwm_nrfx_init0
                0x000000000000b27c       0xc8 zephyr/drivers/pwm/libdrivers__pwm.a(pwm_nrfx.c.obj)
 .text.z_log_msg_runtime_create.constprop.0
                0x000000000000b344       0x24 zephyr/drivers/serial/libdrivers__serial.a(uart_nrfx_uarte.c.obj)
 .text.uarte_0_init
                0x000000000000b368      0x288 zephyr/drivers/serial/libdrivers__serial.a(uart_nrfx_uarte.c.obj)
 .text.uarte_nrfx_poll_out
                0x000000000000b5f0       0xcc zephyr/drivers/serial/libdrivers__serial.a(uart_nrfx_uarte.c.obj)
 .text.compare_int_lock
                0x000000000000b6bc       0x40 zephyr/drivers/timer/libdrivers__timer.a(nrf_rtc_timer.c.obj)
 .text.sys_clock_timeout_handler
                0x000000000000b6fc       0x48 zephyr/drivers/timer/libdrivers__timer.a(nrf_rtc_timer.c.obj)
 .text.compare_int_unlock
                0x000000000000b744       0x4c zephyr/drivers/timer/libdrivers__timer.a(nrf_rtc_timer.c.obj)
 .text.z_nrf_rtc_timer_compare_evt_address_get
                0x000000000000b790       0x10 zephyr/drivers/timer/libdrivers__timer.a(nrf_rtc_timer.c.obj)
                0x000000000000b790                z_nrf_rtc_timer_compare_evt_address_get
 .text.z_nrf_rtc_timer_compare_read
                0x000000000000b7a0       0x10 zephyr/drivers/timer/libdrivers__timer.a(nrf_rtc_timer.c.obj)
                0x000000000000b7a0                z_nrf_rtc_timer_compare_read
 .text.z_nrf_rtc_timer_read
                0x000000000000b7b0       0x44 zephyr/drivers/timer/libdrivers__timer.a(nrf_rtc_timer.c.obj)
                0x000000000000b7b0                z_nrf_rtc_timer_read
 .text.compare_set
                0x000000000000b7f4      0x124 zephyr/drivers/timer/libdrivers__timer.a(nrf_rtc_timer.c.obj)
 .text.sys_clock_driver_init
                0x000000000000b918       0xa4 zephyr/drivers/timer/libdrivers__timer.a(nrf_rtc_timer.c.obj)
 .text.rtc_nrf_isr
                0x000000000000b9bc      0x100 zephyr/drivers/timer/libdrivers__timer.a(nrf_rtc_timer.c.obj)
                0x000000000000b9bc                rtc_nrf_isr
 .text.z_nrf_rtc_timer_chan_alloc
                0x000000000000babc       0x3c zephyr/drivers/timer/libdrivers__timer.a(nrf_rtc_timer.c.obj)
                0x000000000000babc                z_nrf_rtc_timer_chan_alloc
 .text.z_nrf_rtc_timer_chan_free
                0x000000000000baf8       0x1c zephyr/drivers/timer/libdrivers__timer.a(nrf_rtc_timer.c.obj)
                0x000000000000baf8                z_nrf_rtc_timer_chan_free
 .text.sys_clock_set_timeout
                0x000000000000bb14       0x5c zephyr/drivers/timer/libdrivers__timer.a(nrf_rtc_timer.c.obj)
                0x000000000000bb14                sys_clock_set_timeout
 .text.sys_clock_elapsed
                0x000000000000bb70       0x14 zephyr/drivers/timer/libdrivers__timer.a(nrf_rtc_timer.c.obj)
                0x000000000000bb70                sys_clock_elapsed
 .text.get_buttons
                0x000000000000bb84       0x74 modules/nrf/lib/dk_buttons_and_leds/lib..__nrf__lib__dk_buttons_and_leds.a(dk_buttons_and_leds.c.obj)
 .text.callback_ctrl
                0x000000000000bbf8       0xac modules/nrf/lib/dk_buttons_and_leds/lib..__nrf__lib__dk_buttons_and_leds.a(dk_buttons_and_leds.c.obj)
 .text.button_pressed
                0x000000000000bca4       0x80 modules/nrf/lib/dk_buttons_and_leds/lib..__nrf__lib__dk_buttons_and_leds.a(dk_buttons_and_leds.c.obj)
 .text.buttons_scan_fn
                0x000000000000bd24      0x11c modules/nrf/lib/dk_buttons_and_leds/lib..__nrf__lib__dk_buttons_and_leds.a(dk_buttons_and_leds.c.obj)
 .text.dk_read_buttons
                0x000000000000be40       0x20 modules/nrf/lib/dk_buttons_and_leds/lib..__nrf__lib__dk_buttons_and_leds.a(dk_buttons_and_leds.c.obj)
                0x000000000000be40                dk_read_buttons
 .text.dk_buttons_init
                0x000000000000be60      0x12c modules/nrf/lib/dk_buttons_and_leds/lib..__nrf__lib__dk_buttons_and_leds.a(dk_buttons_and_leds.c.obj)
                0x000000000000be60                dk_buttons_init
 .text.z_log_msg_runtime_create.constprop.0
                0x000000000000bf8c       0x24 modules/nrf/lib/fatal_error/lib..__nrf__lib__fatal_error.a(fatal_error.c.obj)
 .text.k_sys_fatal_error_handler
                0x000000000000bfb0       0x2c modules/nrf/lib/fatal_error/lib..__nrf__lib__fatal_error.a(fatal_error.c.obj)
                0x000000000000bfb0                k_sys_fatal_error_handler
 .text.ns_fault_init
                0x000000000000bfdc       0x3c modules/nrf/modules/trusted-firmware-m/lib..__nrf__modules__trusted-firmware-m.a(fault.c.obj)
 .text.arm_fault
                0x000000000000c018      0x338 modules/nrf/modules/trusted-firmware-m/lib..__nrf__modules__trusted-firmware-m.a(fault.c.obj)
                0x000000000000c018                arm_fault
 .text.tfm_ns_fault_handler_callback
                0x000000000000c350       0x48 modules/nrf/modules/trusted-firmware-m/lib..__nrf__modules__trusted-firmware-m.a(fault.c.obj)
                0x000000000000c350                tfm_ns_fault_handler_callback
 .text.tfm_ns_interface_dispatch
                0x000000000000c398       0x68 modules/trusted-firmware-m/libtfm_api.a(interface.c.obj)
                0x000000000000c398                tfm_ns_interface_dispatch
 .text.tfm_platform_ioctl
                0x000000000000c400       0x4c modules/trusted-firmware-m/libtfm_api.a(tfm_platform_api.c.obj)
                0x000000000000c400                tfm_platform_ioctl
 .text.psa_call
                0x000000000000c44c       0x34 modules/trusted-firmware-m/libtfm_api.a(tfm_tz_psa_ns_api.c.obj)
                0x000000000000c44c                psa_call
 .text.nrfx_flag32_alloc
                0x000000000000c480       0x40 modules/hal_nordic/nrfx/libmodules__hal_nordic__nrfx.a(nrfx_flag32_allocator.c.obj)
                0x000000000000c480                nrfx_flag32_alloc
 .text.nrfx_flag32_free
                0x000000000000c4c0       0x38 modules/hal_nordic/nrfx/libmodules__hal_nordic__nrfx.a(nrfx_flag32_allocator.c.obj)
                0x000000000000c4c0                nrfx_flag32_free
 .text.nrfx_gppi_channels_enable
                0x000000000000c4f8        0xc modules/hal_nordic/nrfx/libmodules__hal_nordic__nrfx.a(nrfx_gppi_dppi.c.obj)
                0x000000000000c4f8                nrfx_gppi_channels_enable
 .text.nrfx_gppi_channels_disable
                0x000000000000c504        0xc modules/hal_nordic/nrfx/libmodules__hal_nordic__nrfx.a(nrfx_gppi_dppi.c.obj)
                0x000000000000c504                nrfx_gppi_channels_disable
 .text.clock_stop
                0x000000000000c510      0x158 modules/hal_nordic/nrfx/libmodules__hal_nordic__nrfx.a(nrfx_clock.c.obj)
 .text.nrfx_clock_init
                0x000000000000c668       0x20 modules/hal_nordic/nrfx/libmodules__hal_nordic__nrfx.a(nrfx_clock.c.obj)
                0x000000000000c668                nrfx_clock_init
 .text.nrfx_clock_enable
                0x000000000000c688       0x30 modules/hal_nordic/nrfx/libmodules__hal_nordic__nrfx.a(nrfx_clock.c.obj)
                0x000000000000c688                nrfx_clock_enable
 .text.nrfx_clock_start
                0x000000000000c6b8       0xd8 modules/hal_nordic/nrfx/libmodules__hal_nordic__nrfx.a(nrfx_clock.c.obj)
                0x000000000000c6b8                nrfx_clock_start
 .text.nrfx_power_clock_irq_handler
                0x000000000000c790       0xac modules/hal_nordic/nrfx/libmodules__hal_nordic__nrfx.a(nrfx_clock.c.obj)
                0x000000000000c790                nrfx_power_clock_irq_handler
 .text.nrfx_dppi_channel_alloc
                0x000000000000c83c        0xc modules/hal_nordic/nrfx/libmodules__hal_nordic__nrfx.a(nrfx_dppi.c.obj)
                0x000000000000c83c                nrfx_dppi_channel_alloc
 .text.nrfx_dppi_channel_free
                0x000000000000c848       0x1c modules/hal_nordic/nrfx/libmodules__hal_nordic__nrfx.a(nrfx_dppi.c.obj)
                0x000000000000c848                nrfx_dppi_channel_free
 .text.nrf_gpio_pin_port_decode
                0x000000000000c864       0x24 modules/hal_nordic/nrfx/libmodules__hal_nordic__nrfx.a(nrfx_gpiote.c.obj)
 .text.get_pin_idx
                0x000000000000c888       0x14 modules/hal_nordic/nrfx/libmodules__hal_nordic__nrfx.a(nrfx_gpiote.c.obj)
 .text.release_handler
                0x000000000000c89c       0x70 modules/hal_nordic/nrfx/libmodules__hal_nordic__nrfx.a(nrfx_gpiote.c.obj)
 .text.latch_pending_read_and_check
                0x000000000000c90c       0x3c modules/hal_nordic/nrfx/libmodules__hal_nordic__nrfx.a(nrfx_gpiote.c.obj)
 .text.pin_te_get.isra.0
                0x000000000000c948       0x20 modules/hal_nordic/nrfx/libmodules__hal_nordic__nrfx.a(nrfx_gpiote.c.obj)
 .text.pin_is_output.isra.0
                0x000000000000c968       0x24 modules/hal_nordic/nrfx/libmodules__hal_nordic__nrfx.a(nrfx_gpiote.c.obj)
 .text.pin_in_use_by_te.isra.0
                0x000000000000c98c       0x24 modules/hal_nordic/nrfx/libmodules__hal_nordic__nrfx.a(nrfx_gpiote.c.obj)
 .text.__nrfy_internal_gpiote_events_process.constprop.0
                0x000000000000c9b0       0x5c modules/hal_nordic/nrfx/libmodules__hal_nordic__nrfx.a(nrfx_gpiote.c.obj)
 .text.irq_handler.constprop.0
                0x000000000000ca0c      0x1a8 modules/hal_nordic/nrfx/libmodules__hal_nordic__nrfx.a(nrfx_gpiote.c.obj)
 .text.pin_uninit
                0x000000000000cbb4       0xa4 modules/hal_nordic/nrfx/libmodules__hal_nordic__nrfx.a(nrfx_gpiote.c.obj)
 .text.nrfx_gpiote_input_configure
                0x000000000000cc58      0x1ec modules/hal_nordic/nrfx/libmodules__hal_nordic__nrfx.a(nrfx_gpiote.c.obj)
                0x000000000000cc58                nrfx_gpiote_input_configure
 .text.nrfx_gpiote_output_configure
                0x000000000000ce44      0x138 modules/hal_nordic/nrfx/libmodules__hal_nordic__nrfx.a(nrfx_gpiote.c.obj)
                0x000000000000ce44                nrfx_gpiote_output_configure
 .text.nrfx_gpiote_global_callback_set
                0x000000000000cf7c       0x1c modules/hal_nordic/nrfx/libmodules__hal_nordic__nrfx.a(nrfx_gpiote.c.obj)
                0x000000000000cf7c                nrfx_gpiote_global_callback_set
 .text.nrfx_gpiote_channel_get
                0x000000000000cf98       0x3c modules/hal_nordic/nrfx/libmodules__hal_nordic__nrfx.a(nrfx_gpiote.c.obj)
                0x000000000000cf98                nrfx_gpiote_channel_get
 .text.nrfx_gpiote_init
                0x000000000000cfd4       0x80 modules/hal_nordic/nrfx/libmodules__hal_nordic__nrfx.a(nrfx_gpiote.c.obj)
                0x000000000000cfd4                nrfx_gpiote_init
 .text.nrfx_gpiote_init_check
                0x000000000000d054       0x1c modules/hal_nordic/nrfx/libmodules__hal_nordic__nrfx.a(nrfx_gpiote.c.obj)
                0x000000000000d054                nrfx_gpiote_init_check
 .text.nrfx_gpiote_channel_free
                0x000000000000d070       0x18 modules/hal_nordic/nrfx/libmodules__hal_nordic__nrfx.a(nrfx_gpiote.c.obj)
                0x000000000000d070                nrfx_gpiote_channel_free
 .text.nrfx_gpiote_channel_alloc
                0x000000000000d088       0x18 modules/hal_nordic/nrfx/libmodules__hal_nordic__nrfx.a(nrfx_gpiote.c.obj)
                0x000000000000d088                nrfx_gpiote_channel_alloc
 .text.nrfx_gpiote_trigger_enable
                0x000000000000d0a0       0xa4 modules/hal_nordic/nrfx/libmodules__hal_nordic__nrfx.a(nrfx_gpiote.c.obj)
                0x000000000000d0a0                nrfx_gpiote_trigger_enable
 .text.nrfx_gpiote_1_irq_handler
                0x000000000000d144        0xc modules/hal_nordic/nrfx/libmodules__hal_nordic__nrfx.a(nrfx_gpiote.c.obj)
                0x000000000000d144                nrfx_gpiote_1_irq_handler
 .text.nrfx_ipc_init
                0x000000000000d150       0x30 modules/hal_nordic/nrfx/libmodules__hal_nordic__nrfx.a(nrfx_ipc.c.obj)
                0x000000000000d150                nrfx_ipc_init
 .text.nrfx_ipc_config_load
                0x000000000000d180       0x40 modules/hal_nordic/nrfx/libmodules__hal_nordic__nrfx.a(nrfx_ipc.c.obj)
                0x000000000000d180                nrfx_ipc_config_load
 .text.nrfx_ipc_receive_event_enable
                0x000000000000d1c0       0x10 modules/hal_nordic/nrfx/libmodules__hal_nordic__nrfx.a(nrfx_ipc.c.obj)
                0x000000000000d1c0                nrfx_ipc_receive_event_enable
 .text.nrfx_ipc_receive_event_disable
                0x000000000000d1d0       0x10 modules/hal_nordic/nrfx/libmodules__hal_nordic__nrfx.a(nrfx_ipc.c.obj)
                0x000000000000d1d0                nrfx_ipc_receive_event_disable
 .text.nrfx_ipc_irq_handler
                0x000000000000d1e0       0x40 modules/hal_nordic/nrfx/libmodules__hal_nordic__nrfx.a(nrfx_ipc.c.obj)
                0x000000000000d1e0                nrfx_ipc_irq_handler
 .text.nrf_gpio_pin_port_decode
                0x000000000000d220       0x24 modules/hal_nordic/nrfx/libmodules__hal_nordic__nrfx.a(nrfx_pwm.c.obj)
 .text.pwm_stopped_check
                0x000000000000d244       0x34 modules/hal_nordic/nrfx/libmodules__hal_nordic__nrfx.a(nrfx_pwm.c.obj)
 .text.pwm_configure
                0x000000000000d278       0xe4 modules/hal_nordic/nrfx/libmodules__hal_nordic__nrfx.a(nrfx_pwm.c.obj)
 .text.nrfx_pwm_init
                0x000000000000d35c       0x4c modules/hal_nordic/nrfx/libmodules__hal_nordic__nrfx.a(nrfx_pwm.c.obj)
                0x000000000000d35c                nrfx_pwm_init
 .text.nrfx_pwm_simple_playback
                0x000000000000d3a8       0x7c modules/hal_nordic/nrfx/libmodules__hal_nordic__nrfx.a(nrfx_pwm.c.obj)
                0x000000000000d3a8                nrfx_pwm_simple_playback
 .text.nrfx_pwm_stop
                0x000000000000d424       0x44 modules/hal_nordic/nrfx/libmodules__hal_nordic__nrfx.a(nrfx_pwm.c.obj)
                0x000000000000d424                nrfx_pwm_stop
 .text.z_fatal_error
                0x000000000000d468       0xd0 zephyr/kernel/libkernel.a(fatal.c.obj)
                0x000000000000d468                z_fatal_error
 .text.z_sys_init_run_level
                0x000000000000d538       0x48 zephyr/kernel/libkernel.a(init.c.obj)
 .text.bg_thread_main
                0x000000000000d580       0x34 zephyr/kernel/libkernel.a(init.c.obj)
 .text.z_bss_zero
                0x000000000000d5b4       0x18 zephyr/kernel/libkernel.a(init.c.obj)
                0x000000000000d5b4                z_bss_zero
 .text.z_init_cpu
                0x000000000000d5cc       0x7c zephyr/kernel/libkernel.a(init.c.obj)
                0x000000000000d5cc                z_init_cpu
 .text.z_cstart
                0x000000000000d648       0xe0 zephyr/kernel/libkernel.a(init.c.obj)
                0x000000000000d648                z_cstart
 .text.z_setup_new_thread
                0x000000000000d728       0x7c zephyr/kernel/libkernel.a(thread.c.obj)
                0x000000000000d728                z_setup_new_thread
 .text.z_impl_k_thread_create
                0x000000000000d7a4       0x58 zephyr/kernel/libkernel.a(thread.c.obj)
                0x000000000000d7a4                z_impl_k_thread_create
 .text.z_init_static_threads
                0x000000000000d7fc       0x98 zephyr/kernel/libkernel.a(thread.c.obj)
                0x000000000000d7fc                z_init_static_threads
 .text.z_impl_k_mutex_unlock
                0x000000000000d894       0x78 zephyr/kernel/libkernel.a(mutex.c.obj)
                0x000000000000d894                z_impl_k_mutex_unlock
 .text.z_impl_k_mutex_lock
                0x000000000000d90c       0xf4 zephyr/kernel/libkernel.a(mutex.c.obj)
                0x000000000000d90c                z_impl_k_mutex_lock
 .text.z_impl_k_sem_give
                0x000000000000da00       0x48 zephyr/kernel/libkernel.a(sem.c.obj)
                0x000000000000da00                z_impl_k_sem_give
 .text.z_impl_k_sem_take
                0x000000000000da48       0x50 zephyr/kernel/libkernel.a(sem.c.obj)
                0x000000000000da48                z_impl_k_sem_take
 .text.work_queue_main
                0x000000000000da98      0x138 zephyr/kernel/libkernel.a(work.c.obj)
 .text.submit_to_queue_locked
                0x000000000000dbd0       0xb4 zephyr/kernel/libkernel.a(work.c.obj)
 .text.k_work_queue_start
                0x000000000000dc84       0x70 zephyr/kernel/libkernel.a(work.c.obj)
                0x000000000000dc84                k_work_queue_start
 .text.k_work_schedule_for_queue
                0x000000000000dcf4       0x54 zephyr/kernel/libkernel.a(work.c.obj)
                0x000000000000dcf4                k_work_schedule_for_queue
 .text.k_work_schedule
                0x000000000000dd48        0xc zephyr/kernel/libkernel.a(work.c.obj)
                0x000000000000dd48                k_work_schedule
 .text.k_work_reschedule_for_queue
                0x000000000000dd54       0x5c zephyr/kernel/libkernel.a(work.c.obj)
                0x000000000000dd54                k_work_reschedule_for_queue
 .text.k_work_reschedule
                0x000000000000ddb0        0xc zephyr/kernel/libkernel.a(work.c.obj)
                0x000000000000ddb0                k_work_reschedule
 .text.sliceable
                0x000000000000ddbc       0x3c zephyr/kernel/libkernel.a(sched.c.obj)
 .text.slice_timeout
                0x000000000000ddf8       0x20 zephyr/kernel/libkernel.a(sched.c.obj)
 .text.z_reset_time_slice
                0x000000000000de18       0x50 zephyr/kernel/libkernel.a(sched.c.obj)
                0x000000000000de18                z_reset_time_slice
 .text.update_cache
                0x000000000000de68       0x3c zephyr/kernel/libkernel.a(sched.c.obj)
 .text.move_thread_to_end_of_prio_q
                0x000000000000dea4       0x74 zephyr/kernel/libkernel.a(sched.c.obj)
 .text.ready_thread
                0x000000000000df18       0x68 zephyr/kernel/libkernel.a(sched.c.obj)
 .text.unready_thread
                0x000000000000df80       0x30 zephyr/kernel/libkernel.a(sched.c.obj)
 .text.pend_locked
                0x000000000000dfb0       0x30 zephyr/kernel/libkernel.a(sched.c.obj)
 .text.z_thread_halt
                0x000000000000dfe0       0xa0 zephyr/kernel/libkernel.a(sched.c.obj)
 .text.z_time_slice
                0x000000000000e080       0x60 zephyr/kernel/libkernel.a(sched.c.obj)
                0x000000000000e080                z_time_slice
 .text.z_pend_curr
                0x000000000000e0e0       0x3c zephyr/kernel/libkernel.a(sched.c.obj)
                0x000000000000e0e0                z_pend_curr
 .text.z_set_prio
                0x000000000000e11c       0x8c zephyr/kernel/libkernel.a(sched.c.obj)
                0x000000000000e11c                z_set_prio
 .text.z_reschedule
                0x000000000000e1a8       0x24 zephyr/kernel/libkernel.a(sched.c.obj)
                0x000000000000e1a8                z_reschedule
 .text.z_sched_start
                0x000000000000e1cc       0x3c zephyr/kernel/libkernel.a(sched.c.obj)
                0x000000000000e1cc                z_sched_start
 .text.k_sched_lock
                0x000000000000e208       0x28 zephyr/kernel/libkernel.a(sched.c.obj)
                0x000000000000e208                k_sched_lock
 .text.k_sched_unlock
                0x000000000000e230       0x38 zephyr/kernel/libkernel.a(sched.c.obj)
                0x000000000000e230                k_sched_unlock
 .text.z_sched_init
                0x000000000000e268       0x10 zephyr/kernel/libkernel.a(sched.c.obj)
                0x000000000000e268                z_sched_init
 .text.z_impl_k_yield
                0x000000000000e278       0x7c zephyr/kernel/libkernel.a(sched.c.obj)
                0x000000000000e278                z_impl_k_yield
 .text.z_tick_sleep
                0x000000000000e2f4       0x88 zephyr/kernel/libkernel.a(sched.c.obj)
 .text.z_impl_k_sleep
                0x000000000000e37c       0x34 zephyr/kernel/libkernel.a(sched.c.obj)
                0x000000000000e37c                z_impl_k_sleep
 .text.z_impl_k_sched_current_thread_query
                0x000000000000e3b0        0xc zephyr/kernel/libkernel.a(sched.c.obj)
                0x000000000000e3b0                z_impl_k_sched_current_thread_query
 .text.z_sched_wait
                0x000000000000e3bc       0x24 zephyr/kernel/libkernel.a(sched.c.obj)
                0x000000000000e3bc                z_sched_wait
 .text.z_data_copy
                0x000000000000e3e0       0x34 zephyr/kernel/libkernel.a(xip.c.obj)
                0x000000000000e3e0                z_data_copy
 .text.elapsed  0x000000000000e414       0x14 zephyr/kernel/libkernel.a(timeout.c.obj)
 .text.next_timeout
                0x000000000000e428       0x40 zephyr/kernel/libkernel.a(timeout.c.obj)
 .text.remove_timeout
                0x000000000000e468       0x38 zephyr/kernel/libkernel.a(timeout.c.obj)
 .text.z_add_timeout
                0x000000000000e4a0       0xec zephyr/kernel/libkernel.a(timeout.c.obj)
                0x000000000000e4a0                z_add_timeout
 .text.sys_clock_announce
                0x000000000000e58c       0xd4 zephyr/kernel/libkernel.a(timeout.c.obj)
                0x000000000000e58c                sys_clock_announce
 .text.sys_clock_tick_get
                0x000000000000e660       0x34 zephyr/kernel/libkernel.a(timeout.c.obj)
                0x000000000000e660                sys_clock_tick_get
 .text.boot_banner
                0x000000000000e694        0xc zephyr/kernel/libkernel.a(banner.c.obj)
                0x000000000000e694                boot_banner
 .text.k_sys_work_q_init
                0x000000000000e6a0       0x34 zephyr/kernel/libkernel.a(system_work_q.c.obj)
 .text.__l_vfprintf
                0x000000000000e6d4      0x4b4 c:\ncs\toolchains\ce3b5ff664\opt\zephyr-sdk\arm-zephyr-eabi\bin\../lib/gcc/../../picolibc/arm-zephyr-eabi/lib/thumb/v8-m.main/nofp\libc.a(libc_tinystdio_vflprintf.c.o)
                0x000000000000e6d4                __l_vfprintf
 .text._OffsetAbsSyms
                0x000000000000eb88        0x2 zephyr/CMakeFiles/offsets.dir/./arch/arm/core/offsets/offsets.c.obj
                0x000000000000eb88                _OffsetAbsSyms
 .text.z_log_msg_runtime_create.constprop.0
                0x000000000000eb8a       0x1e app/libapp.a(main.c.obj)
 .text.cbpprintf_external
                0x000000000000eba8       0x62 zephyr/libzephyr.a(cbprintf_packaged.c.obj)
                0x000000000000eba8                cbpprintf_external
 .text.arch_printk_char_out
                0x000000000000ec0a        0x4 zephyr/libzephyr.a(printk.c.obj)
                0x000000000000ec0a                arch_printk_char_out
 .text.printk   0x000000000000ec0e       0x1a zephyr/libzephyr.a(printk.c.obj)
                0x000000000000ec0e                printk
 .text.chunk_field
                0x000000000000ec28       0x16 zephyr/libzephyr.a(heap.c.obj)
 .text.chunk_set
                0x000000000000ec3e       0x16 zephyr/libzephyr.a(heap.c.obj)
 .text.chunk_size
                0x000000000000ec54        0xc zephyr/libzephyr.a(heap.c.obj)
 .text.set_chunk_used
                0x000000000000ec60       0x30 zephyr/libzephyr.a(heap.c.obj)
 .text.set_chunk_size
                0x000000000000ec90        0x8 zephyr/libzephyr.a(heap.c.obj)
 .text.bucket_idx.isra.0
                0x000000000000ec98       0x1c zephyr/libzephyr.a(heap.c.obj)
 .text.free_list_add
                0x000000000000ecb4       0x84 zephyr/libzephyr.a(heap.c.obj)
 .text.sys_heap_init
                0x000000000000ed38       0xb0 zephyr/libzephyr.a(heap.c.obj)
                0x000000000000ed38                sys_heap_init
 .text.process_recheck
                0x000000000000ede8       0x38 zephyr/libzephyr.a(onoff.c.obj)
 .text.validate_args
                0x000000000000ee20       0x20 zephyr/libzephyr.a(onoff.c.obj)
 .text.notify_one
                0x000000000000ee40       0x2c zephyr/libzephyr.a(onoff.c.obj)
 .text.transition_complete
                0x000000000000ee6c       0x1c zephyr/libzephyr.a(onoff.c.obj)
 .text.onoff_manager_init
                0x000000000000ee88       0x26 zephyr/libzephyr.a(onoff.c.obj)
                0x000000000000ee88                onoff_manager_init
 .text.onoff_request
                0x000000000000eeae       0xb0 zephyr/libzephyr.a(onoff.c.obj)
                0x000000000000eeae                onoff_request
 .text.sys_notify_validate
                0x000000000000ef5e       0x22 zephyr/libzephyr.a(notify.c.obj)
                0x000000000000ef5e                sys_notify_validate
 .text.sys_notify_finalize
                0x000000000000ef80       0x1a zephyr/libzephyr.a(notify.c.obj)
                0x000000000000ef80                sys_notify_finalize
 .text._ConfigAbsSyms
                0x000000000000ef9a        0x2 zephyr/libzephyr.a(configs.c.obj)
                0x000000000000ef9a                _ConfigAbsSyms
 .text.dummy_timestamp
                0x000000000000ef9c        0x4 zephyr/libzephyr.a(log_core.c.obj)
 .text.default_get_timestamp
                0x000000000000efa0        0x4 zephyr/libzephyr.a(log_core.c.obj)
 .text.atomic_inc
                0x000000000000efa4       0x12 zephyr/libzephyr.a(log_core.c.obj)
 .text.enable_logger
                0x000000000000efb6        0xe zephyr/libzephyr.a(log_core.c.obj)
 .text.z_log_vprintk
                0x000000000000efc4       0x1c zephyr/libzephyr.a(log_core.c.obj)
                0x000000000000efc4                z_log_vprintk
 .text.z_log_notify_backend_enabled
                0x000000000000efe0        0x2 zephyr/libzephyr.a(log_core.c.obj)
                0x000000000000efe0                z_log_notify_backend_enabled
 .text.z_log_get_tag
                0x000000000000efe2        0x4 zephyr/libzephyr.a(log_core.c.obj)
                0x000000000000efe2                z_log_get_tag
 .text.z_log_msg_finalize
                0x000000000000efe6       0x32 zephyr/libzephyr.a(log_msg.c.obj)
                0x000000000000efe6                z_log_msg_finalize
 .text.out_func
                0x000000000000f018       0x1c zephyr/libzephyr.a(log_output.c.obj)
 .text.cr_out_func
                0x000000000000f034       0x1c zephyr/libzephyr.a(log_output.c.obj)
 .text.buffer_write
                0x000000000000f050       0x1a zephyr/libzephyr.a(log_output.c.obj)
 .text.log_output_flush
                0x000000000000f06a       0x1a zephyr/libzephyr.a(log_output.c.obj)
                0x000000000000f06a                log_output_flush
 .text.format_set
                0x000000000000f084        0xc zephyr/libzephyr.a(log_backend_uart.c.obj)
 .text.log_backend_uart_init
                0x000000000000f090        0xc zephyr/libzephyr.a(log_backend_uart.c.obj)
 .text.panic    0x000000000000f09c       0x10 zephyr/libzephyr.a(log_backend_uart.c.obj)
 .text.process  0x000000000000f0ac       0x1e zephyr/libzephyr.a(log_backend_uart.c.obj)
 .text.z_log_msg_runtime_create.constprop.0
                0x000000000000f0ca       0x20 zephyr/arch/arch/arm/core/libarch__arm__core.a(fatal.c.obj)
 .text.z_do_kernel_oops
                0x000000000000f0ea        0x8 zephyr/arch/arch/arm/core/libarch__arm__core.a(fatal.c.obj)
                0x000000000000f0ea                z_do_kernel_oops
 .text.z_arm_nmi
                0x000000000000f0f2        0xe zephyr/arch/arch/arm/core/libarch__arm__core.a(nmi.c.obj)
                0x000000000000f0f2                z_arm_nmi
 .text.z_log_msg_runtime_create.constprop.0
                0x000000000000f100       0x20 zephyr/arch/arch/arm/core/cortex_m/libarch__arm__core__cortex_m.a(fault.c.obj)
 .text.z_arm_save_fp_context
                0x000000000000f120        0x2 zephyr/arch/arch/arm/core/cortex_m/libarch__arm__core__cortex_m.a(fpu.c.obj)
                0x000000000000f120                z_arm_save_fp_context
 .text.z_arm_restore_fp_context
                0x000000000000f122        0x2 zephyr/arch/arch/arm/core/cortex_m/libarch__arm__core__cortex_m.a(fpu.c.obj)
                0x000000000000f122                z_arm_restore_fp_context
 .text.z_irq_spurious
                0x000000000000f124        0x8 zephyr/arch/arch/arm/core/cortex_m/libarch__arm__core__cortex_m.a(irq_manage.c.obj)
                0x000000000000f124                z_irq_spurious
 .text.configure_builtin_stack_guard
                0x000000000000f12c        0x8 zephyr/arch/arch/arm/core/cortex_m/libarch__arm__core__cortex_m.a(thread.c.obj)
                0x000000000000f12c                configure_builtin_stack_guard
 .text.arm_cmse_mpu_region_get
                0x000000000000f134       0x12 zephyr/arch/arch/arm/core/cortex_m/cmse/libarch__arm__core__cortex_m__cmse.a(arm_core_cmse.c.obj)
                0x000000000000f134                arm_cmse_mpu_region_get
 .text.z_log_msg_runtime_create.constprop.0
                0x000000000000f146       0x20 zephyr/arch/arch/arm/core/mpu/libarch__arm__core__mpu.a(arm_mpu.c.obj)
 .text.mpu_configure_region
                0x000000000000f166       0x32 zephyr/arch/arch/arm/core/mpu/libarch__arm__core__mpu.a(arm_mpu.c.obj)
 .text.cbputc   0x000000000000f198        0xc zephyr/lib/libc/picolibc/liblib__libc__picolibc.a(libc-hooks.c.obj)
 .text.picolibc_put
                0x000000000000f1a4        0xa zephyr/lib/libc/picolibc/liblib__libc__picolibc.a(libc-hooks.c.obj)
 .text.nordicsemi_nrf53_init
                0x000000000000f1ae       0x1c zephyr/soc/soc/arm/nordic_nrf/libsoc__arm__nordic_nrf.a(soc.c.obj)
 .text.get_status
                0x000000000000f1ca       0x12 zephyr/drivers/clock_control/libdrivers__clock_control.a(clock_control_nrf.c.obj)
 .text.set_on_state
                0x000000000000f1dc       0x26 zephyr/drivers/clock_control/libdrivers__clock_control.a(clock_control_nrf.c.obj)
 .text.stop     0x000000000000f202       0x52 zephyr/drivers/clock_control/libdrivers__clock_control.a(clock_control_nrf.c.obj)
 .text.api_stop
                0x000000000000f254        0x6 zephyr/drivers/clock_control/libdrivers__clock_control.a(clock_control_nrf.c.obj)
 .text.async_start
                0x000000000000f25a       0x5c zephyr/drivers/clock_control/libdrivers__clock_control.a(clock_control_nrf.c.obj)
 .text.api_start
                0x000000000000f2b6        0xe zephyr/drivers/clock_control/libdrivers__clock_control.a(clock_control_nrf.c.obj)
 .text.onoff_started_callback
                0x000000000000f2c4       0x12 zephyr/drivers/clock_control/libdrivers__clock_control.a(clock_control_nrf.c.obj)
 .text.hfclkaudio_start
                0x000000000000f2d6        0x6 zephyr/drivers/clock_control/libdrivers__clock_control.a(clock_control_nrf.c.obj)
 .text.hfclk192m_start
                0x000000000000f2dc        0x6 zephyr/drivers/clock_control/libdrivers__clock_control.a(clock_control_nrf.c.obj)
 .text.lfclk_start
                0x000000000000f2e2        0x6 zephyr/drivers/clock_control/libdrivers__clock_control.a(clock_control_nrf.c.obj)
 .text.hfclkaudio_stop
                0x000000000000f2e8        0x6 zephyr/drivers/clock_control/libdrivers__clock_control.a(clock_control_nrf.c.obj)
 .text.hfclk192m_stop
                0x000000000000f2ee        0x6 zephyr/drivers/clock_control/libdrivers__clock_control.a(clock_control_nrf.c.obj)
 .text.lfclk_stop
                0x000000000000f2f4        0x6 zephyr/drivers/clock_control/libdrivers__clock_control.a(clock_control_nrf.c.obj)
 .text.blocking_start_callback
                0x000000000000f2fa        0x6 zephyr/drivers/clock_control/libdrivers__clock_control.a(clock_control_nrf.c.obj)
 .text.gpio_nrfx_port_get_raw
                0x000000000000f300        0xc zephyr/drivers/gpio/libdrivers__gpio.a(gpio_nrfx.c.obj)
 .text.gpio_nrfx_port_set_masked_raw
                0x000000000000f30c       0x14 zephyr/drivers/gpio/libdrivers__gpio.a(gpio_nrfx.c.obj)
 .text.gpio_nrfx_port_set_bits_raw
                0x000000000000f320        0xa zephyr/drivers/gpio/libdrivers__gpio.a(gpio_nrfx.c.obj)
 .text.gpio_nrfx_port_clear_bits_raw
                0x000000000000f32a        0xa zephyr/drivers/gpio/libdrivers__gpio.a(gpio_nrfx.c.obj)
 .text.gpio_nrfx_port_toggle_bits
                0x000000000000f334       0x14 zephyr/drivers/gpio/libdrivers__gpio.a(gpio_nrfx.c.obj)
 .text.gpio_nrfx_manage_callback
                0x000000000000f348       0x52 zephyr/drivers/gpio/libdrivers__gpio.a(gpio_nrfx.c.obj)
 .text.led_gpio_set_brightness
                0x000000000000f39a       0x42 zephyr/drivers/led/libdrivers__led.a(led_gpio.c.obj)
 .text.led_gpio_on
                0x000000000000f3dc        0x6 zephyr/drivers/led/libdrivers__led.a(led_gpio.c.obj)
 .text.led_gpio_off
                0x000000000000f3e2        0x6 zephyr/drivers/led/libdrivers__led.a(led_gpio.c.obj)
 .text.z_log_msg_runtime_create.constprop.0
                0x000000000000f3e8       0x20 zephyr/drivers/led/libdrivers__led.a(led_gpio.c.obj)
 .text.led_pwm_blink
                0x000000000000f408       0x44 zephyr/drivers/led/libdrivers__led.a(led_pwm.c.obj)
 .text.led_pwm_set_brightness
                0x000000000000f44c       0x48 zephyr/drivers/led/libdrivers__led.a(led_pwm.c.obj)
 .text.led_pwm_on
                0x000000000000f494        0x6 zephyr/drivers/led/libdrivers__led.a(led_pwm.c.obj)
 .text.led_pwm_off
                0x000000000000f49a        0x6 zephyr/drivers/led/libdrivers__led.a(led_pwm.c.obj)
 .text.z_log_msg_runtime_create.constprop.0
                0x000000000000f4a0       0x20 zephyr/drivers/led/libdrivers__led.a(led_pwm.c.obj)
 .text.mbox_nrf_register_callback
                0x000000000000f4c0       0x1c zephyr/drivers/mbox/libdrivers__mbox.a(mbox_nrfx_ipc.c.obj)
 .text.mbox_nrf_mtu_get
                0x000000000000f4dc        0x4 zephyr/drivers/mbox/libdrivers__mbox.a(mbox_nrfx_ipc.c.obj)
 .text.mbox_nrf_max_channels_get
                0x000000000000f4e0        0x4 zephyr/drivers/mbox/libdrivers__mbox.a(mbox_nrfx_ipc.c.obj)
 .text.z_log_msg_runtime_create.constprop.0
                0x000000000000f4e4       0x20 zephyr/drivers/mbox/libdrivers__mbox.a(mbox_nrfx_ipc.c.obj)
 .text.pinctrl_lookup_state
                0x000000000000f504       0x26 zephyr/drivers/pinctrl/libdrivers__pinctrl.a(common.c.obj)
                0x000000000000f504                pinctrl_lookup_state
 .text.z_log_msg_runtime_create.constprop.0
                0x000000000000f52a       0x20 zephyr/drivers/pwm/libdrivers__pwm.a(pwm_nrfx.c.obj)
 .text.uarte_nrfx_err_check
                0x000000000000f54a        0xe zephyr/drivers/serial/libdrivers__serial.a(uart_nrfx_uarte.c.obj)
 .text.uarte_nrfx_poll_in
                0x000000000000f558       0x28 zephyr/drivers/serial/libdrivers__serial.a(uart_nrfx_uarte.c.obj)
 .text.is_tx_ready.isra.0
                0x000000000000f580       0x20 zephyr/drivers/serial/libdrivers__serial.a(uart_nrfx_uarte.c.obj)
 .text.uarte_nrfx_isr_int
                0x000000000000f5a0       0x72 zephyr/drivers/serial/libdrivers__serial.a(uart_nrfx_uarte.c.obj)
 .text.event_clear
                0x000000000000f612       0x18 zephyr/drivers/timer/libdrivers__timer.a(nrf_rtc_timer.c.obj)
 .text.z_nrf_rtc_timer_capture_task_address_get
                0x000000000000f62a       0x12 zephyr/drivers/timer/libdrivers__timer.a(nrf_rtc_timer.c.obj)
                0x000000000000f62a                z_nrf_rtc_timer_capture_task_address_get
 .text.z_nrf_rtc_timer_set
                0x000000000000f63c       0x18 zephyr/drivers/timer/libdrivers__timer.a(nrf_rtc_timer.c.obj)
                0x000000000000f63c                z_nrf_rtc_timer_set
 .text.sys_clock_cycle_get_32
                0x000000000000f654        0x8 zephyr/drivers/timer/libdrivers__timer.a(nrf_rtc_timer.c.obj)
                0x000000000000f654                sys_clock_cycle_get_32
 .text.gpio_pin_configure_dt
                0x000000000000f65c       0x2a modules/nrf/lib/dk_buttons_and_leds/lib..__nrf__lib__dk_buttons_and_leds.a(dk_buttons_and_leds.c.obj)
 .text.z_log_msg_runtime_create.constprop.0
                0x000000000000f686       0x20 modules/nrf/lib/dk_buttons_and_leds/lib..__nrf__lib__dk_buttons_and_leds.a(dk_buttons_and_leds.c.obj)
 .text.z_log_msg_runtime_create.constprop.0
                0x000000000000f6a6       0x20 modules/nrf/modules/trusted-firmware-m/lib..__nrf__modules__trusted-firmware-m.a(fault.c.obj)
 .text.tfm_platform_ns_fault_set_handler
                0x000000000000f6c6       0x4e modules/nrf/modules/trusted-firmware-m/libtfm_api_nrf.a(tfm_ioctl_ns_api.c.obj)
                0x000000000000f6c6                tfm_platform_ns_fault_set_handler
 .text.ns_interface_init
                0x000000000000f714        0x4 modules/trusted-firmware-m/libtfm_api.a(interface.c.obj)
 .text.SystemInit
                0x000000000000f718        0x2 modules/hal_nordic/nrfx/libmodules__hal_nordic__nrfx.a(system_nrf5340_application.c.obj)
                0x000000000000f718                SystemInit
 .text.nrfx_isr
                0x000000000000f71a        0x2 modules/hal_nordic/nrfx/libmodules__hal_nordic__nrfx.a(nrfx_glue.c.obj)
                0x000000000000f71a                nrfx_isr
 .text.nrfx_busy_wait
                0x000000000000f71c        0x4 modules/hal_nordic/nrfx/libmodules__hal_nordic__nrfx.a(nrfx_glue.c.obj)
                0x000000000000f71c                nrfx_busy_wait
 .text.nrfx_gppi_event_endpoint_setup
                0x000000000000f720        0xa modules/hal_nordic/nrfx/libmodules__hal_nordic__nrfx.a(nrfx_gppi_dppi.c.obj)
                0x000000000000f720                nrfx_gppi_event_endpoint_setup
 .text.nrfx_gppi_task_endpoint_setup
                0x000000000000f72a        0xa modules/hal_nordic/nrfx/libmodules__hal_nordic__nrfx.a(nrfx_gppi_dppi.c.obj)
                0x000000000000f72a                nrfx_gppi_task_endpoint_setup
 .text.nrfx_gppi_channel_endpoints_setup
                0x000000000000f734        0xe modules/hal_nordic/nrfx/libmodules__hal_nordic__nrfx.a(nrfx_gppi_dppi.c.obj)
                0x000000000000f734                nrfx_gppi_channel_endpoints_setup
 .text.nrfx_gppi_event_endpoint_clear
                0x000000000000f742        0x8 modules/hal_nordic/nrfx/libmodules__hal_nordic__nrfx.a(nrfx_gppi_dppi.c.obj)
                0x000000000000f742                nrfx_gppi_event_endpoint_clear
 .text.nrfx_gppi_task_endpoint_clear
                0x000000000000f74a        0x8 modules/hal_nordic/nrfx/libmodules__hal_nordic__nrfx.a(nrfx_gppi_dppi.c.obj)
                0x000000000000f74a                nrfx_gppi_task_endpoint_clear
 .text.nrfx_gppi_channel_alloc
                0x000000000000f752        0x4 modules/hal_nordic/nrfx/libmodules__hal_nordic__nrfx.a(nrfx_gppi_dppi.c.obj)
                0x000000000000f752                nrfx_gppi_channel_alloc
 .text.nrfx_clock_stop
                0x000000000000f756        0x4 modules/hal_nordic/nrfx/libmodules__hal_nordic__nrfx.a(nrfx_clock.c.obj)
                0x000000000000f756                nrfx_clock_stop
 .text.nrf_gpio_reconfigure
                0x000000000000f75a       0x92 modules/hal_nordic/nrfx/libmodules__hal_nordic__nrfx.a(nrfx_gpiote.c.obj)
 .text.nrf_gpio_cfg_sense_set
                0x000000000000f7ec       0x1e modules/hal_nordic/nrfx/libmodules__hal_nordic__nrfx.a(nrfx_gpiote.c.obj)
 .text.call_handler
                0x000000000000f80a       0x3e modules/hal_nordic/nrfx/libmodules__hal_nordic__nrfx.a(nrfx_gpiote.c.obj)
 .text.pin_trigger_disable
                0x000000000000f848       0x4a modules/hal_nordic/nrfx/libmodules__hal_nordic__nrfx.a(nrfx_gpiote.c.obj)
 .text.nrfx_gpiote_pin_uninit
                0x000000000000f892        0x4 modules/hal_nordic/nrfx/libmodules__hal_nordic__nrfx.a(nrfx_gpiote.c.obj)
                0x000000000000f892                nrfx_gpiote_pin_uninit
 .text.nrfx_gpiote_trigger_disable
                0x000000000000f896        0x4 modules/hal_nordic/nrfx/libmodules__hal_nordic__nrfx.a(nrfx_gpiote.c.obj)
                0x000000000000f896                nrfx_gpiote_trigger_disable
 .text.start_playback
                0x000000000000f89a       0x4e modules/hal_nordic/nrfx/libmodules__hal_nordic__nrfx.a(nrfx_pwm.c.obj)
 .text.__nrfy_internal_pwm_event_handle.isra.0
                0x000000000000f8e8       0x22 modules/hal_nordic/nrfx/libmodules__hal_nordic__nrfx.a(nrfx_pwm.c.obj)
 .text.__nrfy_internal_pwm_events_process
                0x000000000000f90a       0x54 modules/hal_nordic/nrfx/libmodules__hal_nordic__nrfx.a(nrfx_pwm.c.obj)
 .text.nrfx_pwm_stopped_check
                0x000000000000f95e        0x4 modules/hal_nordic/nrfx/libmodules__hal_nordic__nrfx.a(nrfx_pwm.c.obj)
                0x000000000000f95e                nrfx_pwm_stopped_check
 .text.z_impl_k_busy_wait
                0x000000000000f962        0x8 zephyr/kernel/libkernel.a(busy_wait.c.obj)
                0x000000000000f962                z_impl_k_busy_wait
 .text.z_device_state_init
                0x000000000000f96a        0x2 zephyr/kernel/libkernel.a(device.c.obj)
                0x000000000000f96a                z_device_state_init
 .text.z_device_is_ready
                0x000000000000f96c       0x16 zephyr/kernel/libkernel.a(device.c.obj)
                0x000000000000f96c                z_device_is_ready
 .text.z_log_msg_runtime_create.constprop.0
                0x000000000000f982       0x20 zephyr/kernel/libkernel.a(fatal.c.obj)
 .text.z_early_memset
                0x000000000000f9a2        0x4 zephyr/kernel/libkernel.a(init.c.obj)
                0x000000000000f9a2                z_early_memset
 .text.z_early_memcpy
                0x000000000000f9a6        0x4 zephyr/kernel/libkernel.a(init.c.obj)
                0x000000000000f9a6                z_early_memcpy
 .text.k_is_in_isr
                0x000000000000f9aa        0xc zephyr/kernel/libkernel.a(thread.c.obj)
                0x000000000000f9aa                k_is_in_isr
 .text.z_impl_k_thread_name_set
                0x000000000000f9b6        0x6 zephyr/kernel/libkernel.a(thread.c.obj)
                0x000000000000f9b6                z_impl_k_thread_name_set
 .text.k_thread_name_get
                0x000000000000f9bc        0x4 zephyr/kernel/libkernel.a(thread.c.obj)
                0x000000000000f9bc                k_thread_name_get
 .text.z_impl_k_thread_start
                0x000000000000f9c0        0x4 zephyr/kernel/libkernel.a(thread.c.obj)
                0x000000000000f9c0                z_impl_k_thread_start
 .text.idle     0x000000000000f9c4       0x18 zephyr/kernel/libkernel.a(idle.c.obj)
                0x000000000000f9c4                idle
 .text.adjust_owner_prio.isra.0
                0x000000000000f9dc       0x10 zephyr/kernel/libkernel.a(mutex.c.obj)
 .text.z_impl_k_mutex_init
                0x000000000000f9ec        0xe zephyr/kernel/libkernel.a(mutex.c.obj)
                0x000000000000f9ec                z_impl_k_mutex_init
 .text.flag_test_and_clear
                0x000000000000f9fa       0x16 zephyr/kernel/libkernel.a(work.c.obj)
 .text.unschedule_locked
                0x000000000000fa10       0x1e zephyr/kernel/libkernel.a(work.c.obj)
 .text.notify_queue_locked.isra.0
                0x000000000000fa2e        0xe zephyr/kernel/libkernel.a(work.c.obj)
 .text.work_timeout
                0x000000000000fa3c       0x3e zephyr/kernel/libkernel.a(work.c.obj)
 .text.k_work_init_delayable
                0x000000000000fa7a       0x18 zephyr/kernel/libkernel.a(work.c.obj)
                0x000000000000fa7a                k_work_init_delayable
 .text.sys_dlist_remove
                0x000000000000fa92       0x10 zephyr/kernel/libkernel.a(sched.c.obj)
 .text.unpend_thread_no_timeout
                0x000000000000faa2       0x14 zephyr/kernel/libkernel.a(sched.c.obj)
 .text.add_to_waitq_locked
                0x000000000000fab6       0x50 zephyr/kernel/libkernel.a(sched.c.obj)
 .text.z_ready_thread
                0x000000000000fb06       0x20 zephyr/kernel/libkernel.a(sched.c.obj)
                0x000000000000fb06                z_ready_thread
 .text.z_impl_k_thread_suspend
                0x000000000000fb26       0x36 zephyr/kernel/libkernel.a(sched.c.obj)
                0x000000000000fb26                z_impl_k_thread_suspend
 .text.z_sched_wake_thread
                0x000000000000fb5c       0x44 zephyr/kernel/libkernel.a(sched.c.obj)
                0x000000000000fb5c                z_sched_wake_thread
 .text.z_thread_timeout
                0x000000000000fba0        0x8 zephyr/kernel/libkernel.a(sched.c.obj)
                0x000000000000fba0                z_thread_timeout
 .text.z_unpend_first_thread
                0x000000000000fba8       0x38 zephyr/kernel/libkernel.a(sched.c.obj)
                0x000000000000fba8                z_unpend_first_thread
 .text.z_reschedule_irqlock
                0x000000000000fbe0       0x18 zephyr/kernel/libkernel.a(sched.c.obj)
                0x000000000000fbe0                z_reschedule_irqlock
 .text.z_reschedule_unlocked
                0x000000000000fbf8       0x14 zephyr/kernel/libkernel.a(sched.c.obj)
 .text.z_thread_abort
                0x000000000000fc0c       0x42 zephyr/kernel/libkernel.a(sched.c.obj)
                0x000000000000fc0c                z_thread_abort
 .text.z_sched_wake
                0x000000000000fc4e       0x46 zephyr/kernel/libkernel.a(sched.c.obj)
                0x000000000000fc4e                z_sched_wake
 .text.z_abort_timeout
                0x000000000000fc94       0x2c zephyr/kernel/libkernel.a(timeout.c.obj)
                0x000000000000fc94                z_abort_timeout
 .text.sys_clock_tick_get_32
                0x000000000000fcc0        0x8 zephyr/kernel/libkernel.a(timeout.c.obj)
                0x000000000000fcc0                sys_clock_tick_get_32
 .text.strnlen  0x000000000000fcc8       0x18 c:\ncs\toolchains\ce3b5ff664\opt\zephyr-sdk\arm-zephyr-eabi\bin\../lib/gcc/../../picolibc/arm-zephyr-eabi/lib/thumb/v8-m.main/nofp\libc.a(libc_string_strnlen.c.o)
                0x000000000000fcc8                strnlen
 .text.__ultoa_invert
                0x000000000000fce0       0xac c:\ncs\toolchains\ce3b5ff664\opt\zephyr-sdk\arm-zephyr-eabi\bin\../lib/gcc/../../picolibc/arm-zephyr-eabi/lib/thumb/v8-m.main/nofp\libc.a(libc_tinystdio_vflprintf.c.o)
 .text.memcpy   0x000000000000fd8c       0x1a c:\ncs\toolchains\ce3b5ff664\opt\zephyr-sdk\arm-zephyr-eabi\bin\../lib/gcc/../../picolibc/arm-zephyr-eabi/lib/thumb/v8-m.main/nofp\libc.a(memcpy.c.o)
                0x000000000000fd8c                __aeabi_memcpy
                0x000000000000fd8c                __aeabi_memcpy4
                0x000000000000fd8c                __aeabi_memcpy8
                0x000000000000fd8c                memcpy
 .text.memset   0x000000000000fda6       0x10 c:\ncs\toolchains\ce3b5ff664\opt\zephyr-sdk\arm-zephyr-eabi\bin\../lib/gcc/../../picolibc/arm-zephyr-eabi/lib/thumb/v8-m.main/nofp\libc.a(memset.c.o)
                0x000000000000fda6                memset
 *(SORT_BY_ALIGNMENT(.TEXT.*))
 *fill*         0x000000000000fdb6        0x2 
 .TEXT.__aeabi_read_tp
                0x000000000000fdb8        0xc zephyr/arch/arch/arm/core/cortex_m/libarch__arm__core__cortex_m.a(__aeabi_read_tp.S.obj)
                0x000000000000fdb8                __aeabi_read_tp
 *(SORT_BY_ALIGNMENT(.gnu.linkonce.t.*))
 *(SORT_BY_ALIGNMENT(.glue_7t))
 .glue_7t       0x000000000000fdc4        0x0 linker stubs
 *(SORT_BY_ALIGNMENT(.glue_7))
 .glue_7        0x000000000000fdc4        0x0 linker stubs
 *(SORT_BY_ALIGNMENT(.vfp11_veneer))
 .vfp11_veneer  0x000000000000fdc4        0x0 linker stubs
 *(SORT_BY_ALIGNMENT(.v4_bx))
 .v4_bx         0x000000000000fdc4        0x0 linker stubs
                0x000000000000fdc4                . = ALIGN (0x4)
                0x000000000000fdc4                __text_region_end = .

.ARM.exidx      0x000000000000fdc4        0x8
                0x000000000000fdc4                __exidx_start = .
 *(SORT_BY_ALIGNMENT(.ARM.exidx*) SORT_BY_ALIGNMENT(gnu.linkonce.armexidx.*))
 .ARM.exidx     0x000000000000fdc4        0x8 c:/ncs/toolchains/ce3b5ff664/opt/zephyr-sdk/arm-zephyr-eabi/bin/../lib/gcc/arm-zephyr-eabi/12.2.0/thumb/v8-m.main/nofp\libgcc.a(_udivmoddi4.o)
 .ARM.exidx     0x000000000000fdcc        0x0 c:\ncs\toolchains\ce3b5ff664\opt\zephyr-sdk\arm-zephyr-eabi\bin\../lib/gcc/../../picolibc/arm-zephyr-eabi/lib/thumb/v8-m.main/nofp\libc.a(strlen.S.o)
                                          0x8 (size before relaxing)
                0x000000000000fdcc                __exidx_end = .
                0x000000000000fdcc                __rodata_region_start = .

initlevel       0x000000000000fdcc       0x90
                0x000000000000fdcc                __init_start = .
                0x000000000000fdcc                __init_EARLY_start = .
 *(SORT_BY_NAME(SORT_BY_ALIGNMENT(.z_init_EARLY?_*)))
 *(SORT_BY_NAME(SORT_BY_ALIGNMENT(.z_init_EARLY??_*)))
                0x000000000000fdcc                __init_PRE_KERNEL_1_start = .
 *(SORT_BY_NAME(SORT_BY_ALIGNMENT(.z_init_PRE_KERNEL_1?_*)))
 .z_init_PRE_KERNEL_10_0_
                0x000000000000fdcc        0x8 zephyr/soc/soc/arm/nordic_nrf/libsoc__arm__nordic_nrf.a(soc.c.obj)
 .z_init_PRE_KERNEL_10_0_
                0x000000000000fdd4        0x8 modules/nrf/modules/trusted-firmware-m/lib..__nrf__modules__trusted-firmware-m.a(fault.c.obj)
 *(SORT_BY_NAME(SORT_BY_ALIGNMENT(.z_init_PRE_KERNEL_1??_*)))
 .z_init_PRE_KERNEL_130_00076_
                0x000000000000fddc        0x8 zephyr/drivers/clock_control/libdrivers__clock_control.a(clock_control_nrf.c.obj)
 .z_init_PRE_KERNEL_140_00013_
                0x000000000000fde4        0x8 zephyr/drivers/gpio/libdrivers__gpio.a(gpio_nrfx.c.obj)
 .z_init_PRE_KERNEL_140_00032_
                0x000000000000fdec        0x8 zephyr/drivers/gpio/libdrivers__gpio.a(gpio_nrfx.c.obj)
 .z_init_PRE_KERNEL_155_00115_
                0x000000000000fdf4        0x8 zephyr/drivers/serial/libdrivers__serial.a(uart_nrfx_uarte.c.obj)
 .z_init_PRE_KERNEL_160_0_
                0x000000000000fdfc        0x8 zephyr/drivers/console/libdrivers__console.a(uart_console.c.obj)
                0x000000000000fe04                __init_PRE_KERNEL_2_start = .
 *(SORT_BY_NAME(SORT_BY_ALIGNMENT(.z_init_PRE_KERNEL_2?_*)))
 .z_init_PRE_KERNEL_20_0_
                0x000000000000fe04        0x8 zephyr/drivers/timer/libdrivers__timer.a(nrf_rtc_timer.c.obj)
 *(SORT_BY_NAME(SORT_BY_ALIGNMENT(.z_init_PRE_KERNEL_2??_*)))
                0x000000000000fe0c                __init_POST_KERNEL_start = .
 *(SORT_BY_NAME(SORT_BY_ALIGNMENT(.z_init_POST_KERNEL?_*)))
 .z_init_POST_KERNEL0_0_
                0x000000000000fe0c        0x8 zephyr/libzephyr.a(log_core.c.obj)
 .z_init_POST_KERNEL0_0_
                0x000000000000fe14        0x8 zephyr/soc/soc/arm/nordic_nrf/libsoc__arm__nordic_nrf.a(soc.c.obj)
 *(SORT_BY_NAME(SORT_BY_ALIGNMENT(.z_init_POST_KERNEL??_*)))
 .z_init_POST_KERNEL40_00025_
                0x000000000000fe1c        0x8 zephyr/drivers/mbox/libdrivers__mbox.a(mbox_nrfx_ipc.c.obj)
 .z_init_POST_KERNEL40_0_
                0x000000000000fe24        0x8 zephyr/lib/libc/common/liblib__libc__common.a(malloc.c.obj)
 .z_init_POST_KERNEL40_0_
                0x000000000000fe2c        0x8 modules/trusted-firmware-m/libtfm_api.a(interface.c.obj)
 .z_init_POST_KERNEL40_0_
                0x000000000000fe34        0x8 zephyr/kernel/libkernel.a(system_work_q.c.obj)
 .z_init_POST_KERNEL50_00067_
                0x000000000000fe3c        0x8 zephyr/drivers/pwm/libdrivers__pwm.a(pwm_nrfx.c.obj)
 .z_init_POST_KERNEL90_00027_
                0x000000000000fe44        0x8 zephyr/drivers/led/libdrivers__led.a(led_gpio.c.obj)
 .z_init_POST_KERNEL90_00068_
                0x000000000000fe4c        0x8 zephyr/drivers/led/libdrivers__led.a(led_pwm.c.obj)
 .z_init_POST_KERNEL90_0_
                0x000000000000fe54        0x8 zephyr/soc/soc/arm/nordic_nrf/libsoc__arm__nordic_nrf.a(sync_rtc.c.obj)
                0x000000000000fe5c                __init_APPLICATION_start = .
 *(SORT_BY_NAME(SORT_BY_ALIGNMENT(.z_init_APPLICATION?_*)))
 *(SORT_BY_NAME(SORT_BY_ALIGNMENT(.z_init_APPLICATION??_*)))
                0x000000000000fe5c                __init_SMP_start = .
 *(SORT_BY_NAME(SORT_BY_ALIGNMENT(.z_init_SMP?_*)))
 *(SORT_BY_NAME(SORT_BY_ALIGNMENT(.z_init_SMP??_*)))
                0x000000000000fe5c                __init_end = .

device_area     0x000000000000fe5c       0xa0
                0x000000000000fe5c                _device_list_start = .
 *(SORT_BY_NAME(SORT_BY_ALIGNMENT(._device.static.*_?_*)))
 *(SORT_BY_NAME(SORT_BY_ALIGNMENT(._device.static.*_??_*)))
 ._device.static.1_30_
                0x000000000000fe5c       0x14 zephyr/drivers/clock_control/libdrivers__clock_control.a(clock_control_nrf.c.obj)
                0x000000000000fe5c                __device_dts_ord_76
 ._device.static.1_40_
                0x000000000000fe70       0x28 zephyr/drivers/gpio/libdrivers__gpio.a(gpio_nrfx.c.obj)
                0x000000000000fe70                __device_dts_ord_32
                0x000000000000fe84                __device_dts_ord_13
 ._device.static.1_55_
                0x000000000000fe98       0x14 zephyr/drivers/serial/libdrivers__serial.a(uart_nrfx_uarte.c.obj)
                0x000000000000fe98                __device_dts_ord_115
 ._device.static.3_40_
                0x000000000000feac       0x14 zephyr/drivers/mbox/libdrivers__mbox.a(mbox_nrfx_ipc.c.obj)
                0x000000000000feac                __device_dts_ord_25
 ._device.static.3_50_
                0x000000000000fec0       0x14 zephyr/drivers/pwm/libdrivers__pwm.a(pwm_nrfx.c.obj)
                0x000000000000fec0                __device_dts_ord_67
 ._device.static.3_90_
                0x000000000000fed4       0x14 zephyr/drivers/led/libdrivers__led.a(led_gpio.c.obj)
                0x000000000000fed4                __device_dts_ord_27
 ._device.static.3_90_
                0x000000000000fee8       0x14 zephyr/drivers/led/libdrivers__led.a(led_pwm.c.obj)
                0x000000000000fee8                __device_dts_ord_68
                0x000000000000fefc                _device_list_end = .

sw_isr_table    0x000000000000fefc      0x228
                0x000000000000fefc                . = ALIGN (0x4)
 *(SORT_BY_ALIGNMENT(.gnu.linkonce.sw_isr_table*))
 .gnu.linkonce.sw_isr_table
                0x000000000000fefc      0x228 zephyr/CMakeFiles/zephyr_final.dir/isr_tables.c.obj
                0x000000000000fefc                _sw_isr_table

initlevel_error
                0x000000000000fdcc        0x0
 *(SORT_BY_NAME(SORT_BY_ALIGNMENT(.z_init_[_A-Z0-9]*)))
                0x0000000000000001                ASSERT ((SIZEOF (initlevel_error) == 0x0), Undefined initialization levels used.)

app_shmem_regions
                0x0000000000010124        0x0
                0x0000000000010124                __app_shmem_regions_start = .
 *(SORT_BY_NAME(SORT_BY_ALIGNMENT(.app_regions.*)))
                0x0000000000010124                __app_shmem_regions_end = .

k_p4wq_initparam_area
                0x0000000000010124        0x0
                0x0000000000010124                _k_p4wq_initparam_list_start = .
 *(SORT_BY_NAME(SORT_BY_ALIGNMENT(._k_p4wq_initparam.static.*)))
                0x0000000000010124                _k_p4wq_initparam_list_end = .

_static_thread_data_area
                0x0000000000010124        0x0
                0x0000000000010124                __static_thread_data_list_start = .
 *(SORT_BY_NAME(SORT_BY_ALIGNMENT(.__static_thread_data.static.*)))
                0x0000000000010124                __static_thread_data_list_end = .

device_deps     0x0000000000010124        0x0
                0x0000000000010124                __device_deps_start = .
 *(SORT_BY_NAME(SORT_BY_ALIGNMENT(.__device_deps_pass2*)))
                0x0000000000010124                __device_deps_end = .

ztest           0x0000000000010124        0x0
                0x0000000000010124                _ztest_expected_result_entry_list_start = .
 *(SORT_BY_NAME(SORT_BY_ALIGNMENT(._ztest_expected_result_entry.static.*)))
                0x0000000000010124                _ztest_expected_result_entry_list_end = .
                0x0000000000010124                _ztest_suite_node_list_start = .
 *(SORT_BY_NAME(SORT_BY_ALIGNMENT(._ztest_suite_node.static.*)))
                0x0000000000010124                _ztest_suite_node_list_end = .
                0x0000000000010124                _ztest_unit_test_list_start = .
 *(SORT_BY_NAME(SORT_BY_ALIGNMENT(._ztest_unit_test.static.*)))
                0x0000000000010124                _ztest_unit_test_list_end = .
                0x0000000000010124                _ztest_test_rule_list_start = .
 *(SORT_BY_NAME(SORT_BY_ALIGNMENT(._ztest_test_rule.static.*)))
                0x0000000000010124                _ztest_test_rule_list_end = .

bt_l2cap_fixed_chan_area
                0x0000000000010124        0x0
                0x0000000000010124                _bt_l2cap_fixed_chan_list_start = .
 *(SORT_BY_NAME(SORT_BY_ALIGNMENT(._bt_l2cap_fixed_chan.static.*)))
                0x0000000000010124                _bt_l2cap_fixed_chan_list_end = .

bt_gatt_service_static_area
                0x0000000000010124        0x0
                0x0000000000010124                _bt_gatt_service_static_list_start = .
 *(SORT_BY_NAME(SORT_BY_ALIGNMENT(._bt_gatt_service_static.static.*)))
                0x0000000000010124                _bt_gatt_service_static_list_end = .

log_strings_area
                0x0000000000010124        0x0
                0x0000000000010124                _log_strings_list_start = .
 *(SORT_BY_NAME(SORT_BY_ALIGNMENT(._log_strings.static.*)))
                0x0000000000010124                _log_strings_list_end = .

log_const_area  0x0000000000010124       0x88
                0x0000000000010124                _log_const_list_start = .
 *(SORT_BY_NAME(SORT_BY_ALIGNMENT(._log_const.static.*)))
 ._log_const.static.log_const_Lesson4_Exercise2_
                0x0000000000010124        0x8 app/libapp.a(main.c.obj)
                0x0000000000010124                log_const_Lesson4_Exercise2
 ._log_const.static.log_const_cbprintf_package_
                0x000000000001012c        0x8 zephyr/libzephyr.a(cbprintf_packaged.c.obj)
                0x000000000001012c                log_const_cbprintf_package
 ._log_const.static.log_const_clock_control_
                0x0000000000010134        0x8 zephyr/drivers/clock_control/libdrivers__clock_control.a(clock_control_nrf.c.obj)
                0x0000000000010134                log_const_clock_control
 ._log_const.static.log_const_dk_buttons_and_leds_
                0x000000000001013c        0x8 modules/nrf/lib/dk_buttons_and_leds/lib..__nrf__lib__dk_buttons_and_leds.a(dk_buttons_and_leds.c.obj)
                0x000000000001013c                log_const_dk_buttons_and_leds
 ._log_const.static.log_const_fatal_error_
                0x0000000000010144        0x8 modules/nrf/lib/fatal_error/lib..__nrf__lib__fatal_error.a(fatal_error.c.obj)
                0x0000000000010144                log_const_fatal_error
 ._log_const.static.log_const_led_gpio_
                0x000000000001014c        0x8 zephyr/drivers/led/libdrivers__led.a(led_gpio.c.obj)
                0x000000000001014c                log_const_led_gpio
 ._log_const.static.log_const_led_pwm_
                0x0000000000010154        0x8 zephyr/drivers/led/libdrivers__led.a(led_pwm.c.obj)
                0x0000000000010154                log_const_led_pwm
 ._log_const.static.log_const_log_
                0x000000000001015c        0x8 zephyr/libzephyr.a(log_core.c.obj)
                0x000000000001015c                log_const_log
 ._log_const.static.log_const_log_mgmt_
                0x0000000000010164        0x8 zephyr/libzephyr.a(log_mgmt.c.obj)
                0x0000000000010164                log_const_log_mgmt
 ._log_const.static.log_const_log_uart_
                0x000000000001016c        0x8 zephyr/libzephyr.a(log_backend_uart.c.obj)
                0x000000000001016c                log_const_log_uart
 ._log_const.static.log_const_mbox_nrfx_ipc_
                0x0000000000010174        0x8 zephyr/drivers/mbox/libdrivers__mbox.a(mbox_nrfx_ipc.c.obj)
                0x0000000000010174                log_const_mbox_nrfx_ipc
 ._log_const.static.log_const_mpu_
                0x000000000001017c        0x8 zephyr/arch/arch/arm/core/mpu/libarch__arm__core__mpu.a(arm_core_mpu.c.obj)
                0x000000000001017c                log_const_mpu
 ._log_const.static.log_const_os_
                0x0000000000010184        0x8 zephyr/kernel/libkernel.a(init.c.obj)
                0x0000000000010184                log_const_os
 ._log_const.static.log_const_pwm_nrfx_
                0x000000000001018c        0x8 zephyr/drivers/pwm/libdrivers__pwm.a(pwm_nrfx.c.obj)
                0x000000000001018c                log_const_pwm_nrfx
 ._log_const.static.log_const_soc_
                0x0000000000010194        0x8 zephyr/soc/soc/arm/nordic_nrf/libsoc__arm__nordic_nrf.a(soc.c.obj)
                0x0000000000010194                log_const_soc
 ._log_const.static.log_const_sync_rtc_
                0x000000000001019c        0x8 zephyr/soc/soc/arm/nordic_nrf/libsoc__arm__nordic_nrf.a(sync_rtc.c.obj)
                0x000000000001019c                log_const_sync_rtc
 ._log_const.static.log_const_uart_nrfx_uarte_
                0x00000000000101a4        0x8 zephyr/drivers/serial/libdrivers__serial.a(uart_nrfx_uarte.c.obj)
                0x00000000000101a4                log_const_uart_nrfx_uarte
                0x00000000000101ac                _log_const_list_end = .

log_backend_area
                0x00000000000101ac       0x10
                0x00000000000101ac                _log_backend_list_start = .
 *(SORT_BY_NAME(SORT_BY_ALIGNMENT(._log_backend.static.*)))
 ._log_backend.static.log_backend_uart_
                0x00000000000101ac       0x10 zephyr/libzephyr.a(log_backend_uart.c.obj)
                0x00000000000101bc                _log_backend_list_end = .

log_link_area   0x00000000000101bc        0x0
                0x00000000000101bc                _log_link_list_start = .
 *(SORT_BY_NAME(SORT_BY_ALIGNMENT(._log_link.static.*)))
                0x00000000000101bc                _log_link_list_end = .

tracing_backend_area
                0x00000000000101bc        0x0
                0x00000000000101bc                _tracing_backend_list_start = .
 *(SORT_BY_NAME(SORT_BY_ALIGNMENT(._tracing_backend.static.*)))
                0x00000000000101bc                _tracing_backend_list_end = .

zephyr_dbg_info
 *(SORT_BY_ALIGNMENT(.dbg_thread_info))

symbol_to_keep  0x00000000000101bc        0x0
                0x00000000000101bc                __symbol_to_keep_start = .
 *(SORT_BY_NAME(SORT_BY_ALIGNMENT(.symbol_to_keep*)))
                0x00000000000101bc                __symbol_to_keep_end = .

shell_area      0x00000000000101bc        0x0
                0x00000000000101bc                _shell_list_start = .
 *(SORT_BY_NAME(SORT_BY_ALIGNMENT(._shell.static.*)))
                0x00000000000101bc                _shell_list_end = .

shell_root_cmds_area
                0x00000000000101bc        0x0
                0x00000000000101bc                _shell_root_cmds_list_start = .
 *(SORT_BY_NAME(SORT_BY_ALIGNMENT(._shell_root_cmds.static.*)))
                0x00000000000101bc                _shell_root_cmds_list_end = .

shell_subcmds_area
                0x00000000000101bc        0x0
                0x00000000000101bc                _shell_subcmds_list_start = .
 *(SORT_BY_NAME(SORT_BY_ALIGNMENT(._shell_subcmds.static.*)))
                0x00000000000101bc                _shell_subcmds_list_end = .

shell_dynamic_subcmds_area
                0x00000000000101bc        0x0
                0x00000000000101bc                _shell_dynamic_subcmds_list_start = .
 *(SORT_BY_NAME(SORT_BY_ALIGNMENT(._shell_dynamic_subcmds.static.*)))
                0x00000000000101bc                _shell_dynamic_subcmds_list_end = .

cfb_font_area   0x00000000000101bc        0x0
                0x00000000000101bc                _cfb_font_list_start = .
 *(SORT_BY_NAME(SORT_BY_ALIGNMENT(._cfb_font.static.*)))
                0x00000000000101bc                _cfb_font_list_end = .

tdata           0x00000000000101bc        0x0
 *(SORT_BY_ALIGNMENT(.tdata) SORT_BY_ALIGNMENT(.tdata.*) SORT_BY_ALIGNMENT(.gnu.linkonce.td.*))

tbss            0x00000000000101bc        0x4
 *(SORT_BY_ALIGNMENT(.tbss) SORT_BY_ALIGNMENT(.tbss.*) SORT_BY_ALIGNMENT(.gnu.linkonce.tb.*) SORT_BY_ALIGNMENT(.tcommon))
 .tbss.z_tls_current
                0x00000000000101bc        0x4 zephyr/libzephyr.a(thread_entry.c.obj)
                0x00000000000101bc                z_tls_current
                0x00000000000101bc                PROVIDE (__tdata_start = LOADADDR (tdata))
                0x0000000000000000                PROVIDE (__tdata_size = SIZEOF (tdata))
                [!provide]                        PROVIDE (__tdata_end = (__tdata_start + __tdata_size))
                0x0000000000000001                PROVIDE (__tdata_align = ALIGNOF (tdata))
                [!provide]                        PROVIDE (__tbss_start = ADDR (tbss))
                0x0000000000000004                PROVIDE (__tbss_size = SIZEOF (tbss))
                [!provide]                        PROVIDE (__tbss_end = (__tbss_start + __tbss_size))
                0x0000000000000004                PROVIDE (__tbss_align = ALIGNOF (tbss))
                [!provide]                        PROVIDE (__tls_start = __tdata_start)
                [!provide]                        PROVIDE (__tls_end = __tbss_end)
                [!provide]                        PROVIDE (__tls_size = (__tbss_end - __tdata_start))

rodata          0x00000000000101c0      0xfe0
 *(SORT_BY_ALIGNMENT(.rodata))
 *(SORT_BY_ALIGNMENT(.rodata.*))
 .rodata.delay_machine_code.0
                0x00000000000101c0        0x6 zephyr/soc/soc/arm/nordic_nrf/libsoc__arm__nordic_nrf.a(soc.c.obj)
 *fill*         0x00000000000101c6        0x2 
 .rodata.format_table
                0x00000000000101c8       0x10 zephyr/libzephyr.a(log_core.c.obj)
 .rodata.colors
                0x00000000000101d8       0x14 zephyr/libzephyr.a(log_output.c.obj)
 .rodata.severity
                0x00000000000101ec       0x14 zephyr/libzephyr.a(log_output.c.obj)
 .rodata.lbu_cb_ctx
                0x0000000000010200        0x8 zephyr/libzephyr.a(log_backend_uart.c.obj)
 .rodata.lbu_output
                0x0000000000010208       0x10 zephyr/libzephyr.a(log_backend_uart.c.obj)
 .rodata.log_backend_uart_api
                0x0000000000010218       0x1c zephyr/libzephyr.a(log_backend_uart.c.obj)
                0x0000000000010218                log_backend_uart_api
 .rodata.mem_attr_region
                0x0000000000010234        0x0 zephyr/libzephyr.a(mem_attr.c.obj)
 .rodata.static_regions
                0x0000000000010234        0xc zephyr/arch/arch/arm/core/mpu/libarch__arm__core__mpu.a(arm_core_mpu.c.obj)
 .rodata.mpu_config
                0x0000000000010240        0x8 zephyr/arch/arch/arm/core/mpu/libarch__arm__core__mpu.a(arm_mpu_regions.c.obj)
                0x0000000000010240                mpu_config
 .rodata.mpu_regions
                0x0000000000010248       0x20 zephyr/arch/arch/arm/core/mpu/libarch__arm__core__mpu.a(arm_mpu_regions.c.obj)
 .rodata.transitions.0
                0x0000000000010268        0xc zephyr/drivers/clock_control/libdrivers__clock_control.a(clock_control_nrf.c.obj)
 .rodata.config
                0x0000000000010274       0x30 zephyr/drivers/clock_control/libdrivers__clock_control.a(clock_control_nrf.c.obj)
 .rodata.clock_control_api
                0x00000000000102a4       0x1c zephyr/drivers/clock_control/libdrivers__clock_control.a(clock_control_nrf.c.obj)
 .rodata.gpio_nrfx_p1_cfg
                0x00000000000102c0       0x18 zephyr/drivers/gpio/libdrivers__gpio.a(gpio_nrfx.c.obj)
 .rodata.gpio_nrfx_p0_cfg
                0x00000000000102d8       0x18 zephyr/drivers/gpio/libdrivers__gpio.a(gpio_nrfx.c.obj)
 .rodata.gpio_nrfx_drv_api_funcs
                0x00000000000102f0       0x24 zephyr/drivers/gpio/libdrivers__gpio.a(gpio_nrfx.c.obj)
 .rodata.led_gpio_config_0
                0x0000000000010314        0x8 zephyr/drivers/led/libdrivers__led.a(led_gpio.c.obj)
 .rodata.gpio_dt_spec_0
                0x000000000001031c       0x20 zephyr/drivers/led/libdrivers__led.a(led_gpio.c.obj)
 .rodata.led_gpio_api
                0x000000000001033c       0x1c zephyr/drivers/led/libdrivers__led.a(led_gpio.c.obj)
 .rodata.led_pwm_config_0
                0x0000000000010358        0x8 zephyr/drivers/led/libdrivers__led.a(led_pwm.c.obj)
 .rodata.led_pwm_0
                0x0000000000010360       0x10 zephyr/drivers/led/libdrivers__led.a(led_pwm.c.obj)
 .rodata.led_pwm_api
                0x0000000000010370       0x1c zephyr/drivers/led/libdrivers__led.a(led_pwm.c.obj)
 .rodata.mbox_nrf_driver_api
                0x000000000001038c       0x14 zephyr/drivers/mbox/libdrivers__mbox.a(mbox_nrfx_ipc.c.obj)
 .rodata.pwm_nrfx_0_config
                0x00000000000103a0       0x3c zephyr/drivers/pwm/libdrivers__pwm.a(pwm_nrfx.c.obj)
 .rodata.__pinctrl_dev_config__device_dts_ord_67
                0x00000000000103dc        0xc zephyr/drivers/pwm/libdrivers__pwm.a(pwm_nrfx.c.obj)
 .rodata.__pinctrl_states__device_dts_ord_67
                0x00000000000103e8        0x8 zephyr/drivers/pwm/libdrivers__pwm.a(pwm_nrfx.c.obj)
 .rodata.__pinctrl_state_pins_0__device_dts_ord_67
                0x00000000000103f0        0x4 zephyr/drivers/pwm/libdrivers__pwm.a(pwm_nrfx.c.obj)
 .rodata.pwm_nrfx_drv_api_funcs
                0x00000000000103f4        0x8 zephyr/drivers/pwm/libdrivers__pwm.a(pwm_nrfx.c.obj)
 .rodata.uarte_0z_config