Archive member included to satisfy reference by file (symbol)

app/libapp.a(main.c.obj)      (--whole-archive)
zephyr/libzephyr.a(cbprintf_packaged.c.obj)
                              (--whole-archive)
zephyr/libzephyr.a(dec.c.obj)
                              (--whole-archive)
zephyr/libzephyr.a(hex.c.obj)
                              (--whole-archive)
zephyr/libzephyr.a(printk.c.obj)
                              (--whole-archive)
zephyr/libzephyr.a(rb.c.obj)  (--whole-archive)
zephyr/libzephyr.a(sem.c.obj)
                              (--whole-archive)
zephyr/libzephyr.a(thread_entry.c.obj)
                              (--whole-archive)
zephyr/libzephyr.a(timeutil.c.obj)
                              (--whole-archive)
zephyr/libzephyr.a(heap.c.obj)
                              (--whole-archive)
zephyr/libzephyr.a(heap-validate.c.obj)
                              (--whole-archive)
zephyr/libzephyr.a(bitarray.c.obj)
                              (--whole-archive)
zephyr/libzephyr.a(multi_heap.c.obj)
                              (--whole-archive)
zephyr/libzephyr.a(onoff.c.obj)
                              (--whole-archive)
zephyr/libzephyr.a(notify.c.obj)
                              (--whole-archive)
zephyr/libzephyr.a(cbprintf_complete.c.obj)
                              (--whole-archive)
zephyr/libzephyr.a(assert.c.obj)
                              (--whole-archive)
zephyr/libzephyr.a(mpsc_pbuf.c.obj)
                              (--whole-archive)
zephyr/libzephyr.a(reboot.c.obj)
                              (--whole-archive)
zephyr/libzephyr.a(configs.c.obj)
                              (--whole-archive)
zephyr/libzephyr.a(log_core.c.obj)
                              (--whole-archive)
zephyr/libzephyr.a(log_mgmt.c.obj)
                              (--whole-archive)
zephyr/libzephyr.a(log_cache.c.obj)
                              (--whole-archive)
zephyr/libzephyr.a(log_msg.c.obj)
                              (--whole-archive)
zephyr/libzephyr.a(log_output.c.obj)
                              (--whole-archive)
zephyr/libzephyr.a(log_backend_uart.c.obj)
                              (--whole-archive)
zephyr/libzephyr.a(mem_attr.c.obj)
                              (--whole-archive)
zephyr/libzephyr.a(tracing_none.c.obj)
                              (--whole-archive)
zephyr/libzephyr.a(flash_map_partition_manager.c.obj)
                              (--whole-archive)
zephyr/arch/common/libarch__common.a(sw_isr_common.c.obj)
                              (--whole-archive)
zephyr/arch/arch/arm/core/libarch__arm__core.a(fatal.c.obj)
                              (--whole-archive)
zephyr/arch/arch/arm/core/libarch__arm__core.a(nmi.c.obj)
                              (--whole-archive)
zephyr/arch/arch/arm/core/libarch__arm__core.a(nmi_on_reset.S.obj)
                              (--whole-archive)
zephyr/arch/arch/arm/core/libarch__arm__core.a(tls.c.obj)
                              (--whole-archive)
zephyr/arch/arch/arm/core/cortex_m/libarch__arm__core__cortex_m.a(exc_exit.S.obj)
                              (--whole-archive)
zephyr/arch/arch/arm/core/cortex_m/libarch__arm__core__cortex_m.a(fault.c.obj)
                              (--whole-archive)
zephyr/arch/arch/arm/core/cortex_m/libarch__arm__core__cortex_m.a(fault_s.S.obj)
                              (--whole-archive)
zephyr/arch/arch/arm/core/cortex_m/libarch__arm__core__cortex_m.a(fpu.c.obj)
                              (--whole-archive)
zephyr/arch/arch/arm/core/cortex_m/libarch__arm__core__cortex_m.a(reset.S.obj)
                              (--whole-archive)
zephyr/arch/arch/arm/core/cortex_m/libarch__arm__core__cortex_m.a(scb.c.obj)
                              (--whole-archive)
zephyr/arch/arch/arm/core/cortex_m/libarch__arm__core__cortex_m.a(thread_abort.c.obj)
                              (--whole-archive)
zephyr/arch/arch/arm/core/cortex_m/libarch__arm__core__cortex_m.a(vector_table.S.obj)
                              (--whole-archive)
zephyr/arch/arch/arm/core/cortex_m/libarch__arm__core__cortex_m.a(swap.c.obj)
                              (--whole-archive)
zephyr/arch/arch/arm/core/cortex_m/libarch__arm__core__cortex_m.a(swap_helper.S.obj)
                              (--whole-archive)
zephyr/arch/arch/arm/core/cortex_m/libarch__arm__core__cortex_m.a(irq_manage.c.obj)
                              (--whole-archive)
zephyr/arch/arch/arm/core/cortex_m/libarch__arm__core__cortex_m.a(prep_c.c.obj)
                              (--whole-archive)
zephyr/arch/arch/arm/core/cortex_m/libarch__arm__core__cortex_m.a(thread.c.obj)
                              (--whole-archive)
zephyr/arch/arch/arm/core/cortex_m/libarch__arm__core__cortex_m.a(cpu_idle.S.obj)
                              (--whole-archive)
zephyr/arch/arch/arm/core/cortex_m/libarch__arm__core__cortex_m.a(irq_init.c.obj)
                              (--whole-archive)
zephyr/arch/arch/arm/core/cortex_m/libarch__arm__core__cortex_m.a(isr_wrapper.S.obj)
[...]
Memory Configuration

Name             Origin             Length             Attributes
FLASH            0x0000000000008000 0x00000000000f8000 xr
RAM              0x0000000020008000 0x0000000000068000 xw
IDT_LIST         0x00000000ffff7fff 0x0000000000008000 xw
*default*        0x0000000000000000 0xffffffffffffffff

Linker script and memory map

                0x000000000000e1e4                vfprintf = __l_vfprintf
                0x0000000000000000                vfscanf = __l_vfscanf
LOAD zephyr/CMakeFiles/zephyr_final.dir/misc/empty_file.c.obj
LOAD zephyr/CMakeFiles/zephyr_final.dir/isr_tables.c.obj
LOAD zephyr/CMakeFiles/offsets.dir/./arch/arm/core/offsets/offsets.c.obj
LOAD tfm/api_ns/interface/lib/s_veneers.o
LOAD app/libapp.a
LOAD zephyr/libzephyr.a
LOAD zephyr/arch/common/libarch__common.a
LOAD zephyr/arch/arch/arm/core/libarch__arm__core.a
LOAD zephyr/arch/arch/arm/core/cortex_m/libarch__arm__core__cortex_m.a
LOAD zephyr/arch/arch/arm/core/cortex_m/cmse/libarch__arm__core__cortex_m__cmse.a
LOAD zephyr/arch/arch/arm/core/mpu/libarch__arm__core__mpu.a
LOAD zephyr/lib/libc/picolibc/liblib__libc__picolibc.a
LOAD zephyr/lib/libc/common/liblib__libc__common.a
LOAD zephyr/soc/soc/arm/nordic_nrf/libsoc__arm__nordic_nrf.a
LOAD zephyr/drivers/adc/libdrivers__adc.a
LOAD zephyr/drivers/clock_control/libdrivers__clock_control.a
LOAD zephyr/drivers/console/libdrivers__console.a
LOAD zephyr/drivers/gpio/libdrivers__gpio.a
LOAD zephyr/drivers/mbox/libdrivers__mbox.a
LOAD zephyr/drivers/pinctrl/libdrivers__pinctrl.a
LOAD zephyr/drivers/serial/libdrivers__serial.a
LOAD zephyr/drivers/timer/libdrivers__timer.a
LOAD modules/nrf/lib/fatal_error/lib..__nrf__lib__fatal_error.a
LOAD modules/nrf/subsys/nrf_security/src/zephyr/libmbedtls_zephyr.a
LOAD modules/nrf/modules/trusted-firmware-m/lib..__nrf__modules__trusted-firmware-m.a
LOAD modules/nrf/modules/trusted-firmware-m/libtfm_api_nrf.a
LOAD modules/trusted-firmware-m/libtfm_api.a
LOAD modules/hal_nordic/nrfx/libmodules__hal_nordic__nrfx.a
LOAD zephyr/kernel/libkernel.a
LOAD c:/ncs/toolchains/ce3b5ff664/opt/zephyr-sdk/arm-zephyr-eabi/bin/../lib/gcc/arm-zephyr-eabi/12.2.0/thumb/v8-m.main/nofp\libgcc.a
LOAD zephyr/arch/common/libisr_tables.a
LOAD modules/nrf/subsys/nrf_security/src/libmbedcrypto.a
LOAD C:/ncs/v2.6.1/nrfxlib/crypto/nrf_oberon/lib/cortex-m33/soft-float/liboberon_mbedtls_3.0.14.a
LOAD modules/nrf/subsys/nrf_security/src/libmbedcrypto_base.a
LOAD C:/ncs/v2.6.1/nrfxlib/crypto/nrf_oberon/lib/cortex-m33/soft-float/liboberon_3.0.14.a
LOAD c:\ncs\toolchains\ce3b5ff664\opt\zephyr-sdk\arm-zephyr-eabi\bin\../lib/gcc/../../picolibc/arm-zephyr-eabi/lib/thumb/v8-m.main/nofp\libc.a
LOAD c:/ncs/toolchains/ce3b5ff664/opt/zephyr-sdk/arm-zephyr-eabi/bin/../lib/gcc/arm-zephyr-eabi/12.2.0/thumb/v8-m.main/nofp\libgcc.a
                0x0000000000000020                _region_min_align = 0x20

.rel.plt        0x0000000000008000        0x0
 *(SORT_BY_ALIGNMENT(.rel.plt))
                [!provide]                        PROVIDE (__rel_iplt_start = .)
 *(SORT_BY_ALIGNMENT(.rel.iplt))
 .rel.iplt      0x0000000000008000        0x0 zephyr/CMakeFiles/zephyr_final.dir/isr_tables.c.obj
                [!provide]                        PROVIDE (__rel_iplt_end = .)

.rela.plt       0x0000000000000000        0x0
 *(SORT_BY_ALIGNMENT(.rela.plt))
                [!provide]                        PROVIDE (__rela_iplt_start = .)
 *(SORT_BY_ALIGNMENT(.rela.iplt))
                [!provide]                        PROVIDE (__rela_iplt_end = .)

.rel.dyn
 *(SORT_BY_ALIGNMENT(.rel.*))

.rela.dyn
 *(SORT_BY_ALIGNMENT(.rela.*))

/DISCARD/
 *(SORT_BY_ALIGNMENT(.plt))

/DISCARD/
 *(SORT_BY_ALIGNMENT(.iplt))
                0x0000000000008000                __rom_region_start = 0x8000

rom_start       0x0000000000008000      0x154
                0x0000000000008000                __rom_start_address = .
 FILL mask 0x00
                0x0000000000008000                . = (. + (0x0 - (. - __rom_start_address)))
                0x0000000000008000                . = ALIGN (0x4)
                0x0000000000008000                . = ALIGN (0x80)
                0x0000000000008000                . = ALIGN (0x200)
                0x0000000000008000                _vector_start = .
 *(SORT_BY_ALIGNMENT(.exc_vector_table))
 *(SORT_BY_ALIGNMENT(.exc_vector_table.*))
 .exc_vector_table._vector_table_section
                0x0000000000008000       0x40 zephyr/arch/arch/arm/core/cortex_m/libarch__arm__core__cortex_m.a(vector_table.S.obj)
                0x0000000000008000                _vector_table
 *(SORT_BY_ALIGNMENT(.vectors))
                0x0000000000008154                _vector_end = .
                0x0000000000008040                . = ALIGN (0x4)
 *(SORT_BY_ALIGNMENT(.gnu.linkonce.irq_vector_table*))
 .gnu.linkonce.irq_vector_table
                0x0000000000008040      0x114 zephyr/CMakeFiles/zephyr_final.dir/isr_tables.c.obj
                0x0000000000008040                _irq_vector_table
                0x0000000000008154                _vector_end = .

text            0x0000000000008154     0x7a60
                0x0000000000008154                __text_region_start = .
 *(SORT_BY_ALIGNMENT(.text))
 .text          0x0000000000008154       0x30 c:/ncs/toolchains/ce3b5ff664/opt/zephyr-sdk/arm-zephyr-eabi/bin/../lib/gcc/arm-zephyr-eabi/12.2.0/thumb/v8-m.main/nofp\libgcc.a(_aeabi_uldivmod.o)
                0x0000000000008154                __aeabi_uldivmod
 .text          0x0000000000008184        0x4 c:/ncs/toolchains/ce3b5ff664/opt/zephyr-sdk/arm-zephyr-eabi/bin/../lib/gcc/arm-zephyr-eabi/12.2.0/thumb/v8-m.main/nofp\libgcc.a(_dvmd_tls.o)
                0x0000000000008184                __aeabi_idiv0
                0x0000000000008184                __aeabi_ldiv0
 .text          0x0000000000008188      0x29c c:/ncs/toolchains/ce3b5ff664/opt/zephyr-sdk/arm-zephyr-eabi/bin/../lib/gcc/arm-zephyr-eabi/12.2.0/thumb/v8-m.main/nofp\libgcc.a(_udivmoddi4.o)
                0x0000000000008188                __udivmoddi4
 .text          0x0000000000008424       0x10 c:\ncs\toolchains\ce3b5ff664\opt\zephyr-sdk\arm-zephyr-eabi\bin\../lib/gcc/../../picolibc/arm-zephyr-eabi/lib/thumb/v8-m.main/nofp\libc.a(strlen.S.o)
                0x0000000000008424                strlen
 *(SORT_BY_ALIGNMENT(.text.*))
 .text.main     0x0000000000008434       0xe0 app/libapp.a(main.c.obj)
                0x0000000000008434                main
 .text.cbvprintf_package
                0x0000000000008514      0x3a4 zephyr/libzephyr.a(cbprintf_packaged.c.obj)
                0x0000000000008514                cbvprintf_package
 .text.cbprintf_package_convert
                0x00000000000088b8      0x3b4 zephyr/libzephyr.a(cbprintf_packaged.c.obj)
                0x00000000000088b8                cbprintf_package_convert
 .text.__printk_hook_install
                0x0000000000008c6c        0xc zephyr/libzephyr.a(printk.c.obj)
                0x0000000000008c6c                __printk_hook_install
 .text.z_thread_entry
                0x0000000000008c78       0x34 zephyr/libzephyr.a(thread_entry.c.obj)
                0x0000000000008c78                z_thread_entry
 .text.process_event
                0x0000000000008cac      0x21c zephyr/libzephyr.a(onoff.c.obj)
 .text.activate_foreach_backend
                0x0000000000008ec8       0x64 zephyr/libzephyr.a(log_core.c.obj)
 .text.enable_logger
                0x0000000000008f2c       0x5c zephyr/libzephyr.a(log_core.c.obj)
 .text.log_process_thread_timer_expiry_fn
                0x0000000000008f88        0xc zephyr/libzephyr.a(log_core.c.obj)
 .text.z_log_init
                0x0000000000008f94       0x90 zephyr/libzephyr.a(log_core.c.obj)
 .text.log_format_func_t_get
                0x0000000000009024        0xc zephyr/libzephyr.a(log_core.c.obj)
                0x0000000000009024                log_format_func_t_get
 .text.log_set_timestamp_func
                0x0000000000009030       0x20 zephyr/libzephyr.a(log_core.c.obj)
                0x0000000000009030                log_set_timestamp_func
 .text.z_log_notify_backend_enabled
                0x0000000000009050       0x1c zephyr/libzephyr.a(log_core.c.obj)
                0x0000000000009050                z_log_notify_backend_enabled
 .text.z_log_dropped
                0x000000000000906c       0x28 zephyr/libzephyr.a(log_core.c.obj)
                0x000000000000906c                z_log_dropped
 .text.z_log_dropped_read_and_clear
                0x0000000000009094       0x18 zephyr/libzephyr.a(log_core.c.obj)
                0x0000000000009094                z_log_dropped_read_and_clear
 .text.dropped_notify
                0x00000000000090ac       0x30 zephyr/libzephyr.a(log_core.c.obj)
                0x00000000000090ac                dropped_notify
 .text.z_log_msg_init
                0x00000000000090dc       0x20 zephyr/libzephyr.a(log_core.c.obj)
                0x00000000000090dc                z_log_msg_init
 .text.log_core_init
                0x00000000000090fc       0x34 zephyr/libzephyr.a(log_core.c.obj)
                0x00000000000090fc                log_core_init
 .text.z_log_msg_alloc
                0x0000000000009130       0x10 zephyr/libzephyr.a(log_core.c.obj)
                0x0000000000009130                z_log_msg_alloc
 .text.z_log_msg_local_claim
                0x0000000000009140        0xc zephyr/libzephyr.a(log_core.c.obj)
                0x0000000000009140                z_log_msg_local_claim
 .text.z_log_msg_free
                0x000000000000914c       0x10 zephyr/libzephyr.a(log_core.c.obj)
                0x000000000000914c                z_log_msg_free
 .text.z_log_msg_pending
                0x000000000000915c        0xc zephyr/libzephyr.a(log_core.c.obj)
                0x000000000000915c                z_log_msg_pending
 .text.z_impl_log_process
                0x0000000000009168       0xb4 zephyr/libzephyr.a(log_core.c.obj)
                0x0000000000009168                z_impl_log_process
 .text.z_impl_log_panic
                0x000000000000921c       0x44 zephyr/libzephyr.a(log_core.c.obj)
                0x000000000000921c                z_impl_log_panic
 .text.log_process_thread_func
                0x0000000000009260       0xa4 zephyr/libzephyr.a(log_core.c.obj)
 .text.z_log_msg_post_finalize
                0x0000000000009304       0x78 zephyr/libzephyr.a(log_core.c.obj)
 .text.z_log_msg_commit
                0x000000000000937c       0x24 zephyr/libzephyr.a(log_core.c.obj)
                0x000000000000937c                z_log_msg_commit
 .text.log_source_name_get
                0x00000000000093a0       0x1c zephyr/libzephyr.a(log_mgmt.c.obj)
                0x00000000000093a0                log_source_name_get
 .text.log_backend_enable
                0x00000000000093bc       0x28 zephyr/libzephyr.a(log_mgmt.c.obj)
                0x00000000000093bc                log_backend_enable
 .text.z_impl_z_log_msg_static_create
                0x00000000000093e4      0x108 zephyr/libzephyr.a(log_msg.c.obj)
                0x00000000000093e4                z_impl_z_log_msg_static_create
 .text.z_log_msg_runtime_vcreate
                0x00000000000094ec       0x8c zephyr/libzephyr.a(log_msg.c.obj)
                0x00000000000094ec                z_log_msg_runtime_vcreate
 .text.print_formatted
                0x0000000000009578       0x24 zephyr/libzephyr.a(log_output.c.obj)
 .text.newline_print
                0x000000000000959c       0x1c zephyr/libzephyr.a(log_output.c.obj)
 .text.log_output_process
                0x00000000000095b8      0x2a4 zephyr/libzephyr.a(log_output.c.obj)
                0x00000000000095b8                log_output_process
 .text.log_output_msg_process
                0x000000000000985c       0x70 zephyr/libzephyr.a(log_output.c.obj)
                0x000000000000985c                log_output_msg_process
 .text.log_output_dropped_process
                0x00000000000098cc       0x58 zephyr/libzephyr.a(log_output.c.obj)
                0x00000000000098cc                log_output_dropped_process
 .text.log_output_timestamp_freq_set
                0x0000000000009924       0x2c zephyr/libzephyr.a(log_output.c.obj)
                0x0000000000009924                log_output_timestamp_freq_set
 .text.char_out
                0x0000000000009950       0x24 zephyr/libzephyr.a(log_backend_uart.c.obj)
 .text.mem_attr_get_regions
                0x0000000000009974        0xc zephyr/libzephyr.a(mem_attr.c.obj)
                0x0000000000009974                mem_attr_get_regions
 .text.z_arm_fatal_error
                0x0000000000009980       0xa0 zephyr/arch/arch/arm/core/libarch__arm__core.a(fatal.c.obj)
                0x0000000000009980                z_arm_fatal_error
 .text.z_SysNmiOnReset
                0x0000000000009a20        0x8 zephyr/arch/arch/arm/core/libarch__arm__core.a(nmi_on_reset.S.obj)
                0x0000000000009a20                z_SysNmiOnReset
 .text.arch_tls_stack_setup
                0x0000000000009a28       0x5c zephyr/arch/arch/arm/core/libarch__arm__core.a(tls.c.obj)
                0x0000000000009a28                arch_tls_stack_setup
 .text._HandlerModeExit
                0x0000000000009a84       0x1c zephyr/arch/arch/arm/core/cortex_m/libarch__arm__core__cortex_m.a(exc_exit.S.obj)
                0x0000000000009a84                z_arm_int_exit
                0x0000000000009a84                z_arm_exc_exit
 .text.mem_manage_fault.constprop.0
                0x0000000000009aa0       0xd0 zephyr/arch/arch/arm/core/cortex_m/libarch__arm__core__cortex_m.a(fault.c.obj)
 .text.usage_fault.constprop.0
                0x0000000000009b70       0xbc zephyr/arch/arch/arm/core/cortex_m/libarch__arm__core__cortex_m.a(fault.c.obj)
 .text.bus_fault.constprop.0
                0x0000000000009c2c       0xd0 zephyr/arch/arch/arm/core/cortex_m/libarch__arm__core__cortex_m.a(fault.c.obj)
 .text.z_arm_fault
                0x0000000000009cfc      0x1e0 zephyr/arch/arch/arm/core/cortex_m/libarch__arm__core__cortex_m.a(fault.c.obj)
                0x0000000000009cfc                z_arm_fault
 .text.z_arm_fault_init
                0x0000000000009edc       0x18 zephyr/arch/arch/arm/core/cortex_m/libarch__arm__core__cortex_m.a(fault.c.obj)
                0x0000000000009edc                z_arm_fault_init
 .text.__fault  0x0000000000009ef4       0x14 zephyr/arch/arch/arm/core/cortex_m/libarch__arm__core__cortex_m.a(fault_s.S.obj)
                0x0000000000009ef4                z_arm_usage_fault
                0x0000000000009ef4                z_arm_mpu_fault
                0x0000000000009ef4                z_arm_exc_spurious
                0x0000000000009ef4                z_arm_debug_monitor
                0x0000000000009ef4                z_arm_hard_fault
                0x0000000000009ef4                z_arm_bus_fault
 .text._reset_section
                0x0000000000009f08       0x60 zephyr/arch/arch/arm/core/cortex_m/libarch__arm__core__cortex_m.a(reset.S.obj)
                0x0000000000009f08                __start
                0x0000000000009f08                z_arm_reset
 .text.sys_arch_reboot
                0x0000000000009f68       0x24 zephyr/arch/arch/arm/core/cortex_m/libarch__arm__core__cortex_m.a(scb.c.obj)
                0x0000000000009f68                sys_arch_reboot
 .text.z_arm_clear_arm_mpu_config
                0x0000000000009f8c       0x24 zephyr/arch/arch/arm/core/cortex_m/libarch__arm__core__cortex_m.a(scb.c.obj)
                0x0000000000009f8c                z_arm_clear_arm_mpu_config
 .text.z_arm_init_arch_hw_at_boot
                0x0000000000009fb0       0x4c zephyr/arch/arch/arm/core/cortex_m/libarch__arm__core__cortex_m.a(scb.c.obj)
                0x0000000000009fb0                z_arm_init_arch_hw_at_boot
 .text.z_impl_k_thread_abort
                0x0000000000009ffc       0x2c zephyr/arch/arch/arm/core/cortex_m/libarch__arm__core__cortex_m.a(thread_abort.c.obj)
                0x0000000000009ffc                z_impl_k_thread_abort
 .text.arch_swap
                0x000000000000a028       0x30 zephyr/arch/arch/arm/core/cortex_m/libarch__arm__core__cortex_m.a(swap.c.obj)
                0x000000000000a028                arch_swap
 .text.z_arm_pendsv
                0x000000000000a058       0x70 zephyr/arch/arch/arm/core/cortex_m/libarch__arm__core__cortex_m.a(swap_helper.S.obj)
                0x000000000000a058                z_arm_pendsv
 .text.z_arm_svc
                0x000000000000a0c8       0x20 zephyr/arch/arch/arm/core/cortex_m/libarch__arm__core__cortex_m.a(swap_helper.S.obj)
                0x000000000000a0c8                z_arm_svc
 .text.arch_irq_enable
                0x000000000000a0e8       0x1c zephyr/arch/arch/arm/core/cortex_m/libarch__arm__core__cortex_m.a(irq_manage.c.obj)
                0x000000000000a0e8                arch_irq_enable
 .text.arch_irq_disable
                0x000000000000a104       0x28 zephyr/arch/arch/arm/core/cortex_m/libarch__arm__core__cortex_m.a(irq_manage.c.obj)
                0x000000000000a104                arch_irq_disable
 .text.arch_irq_is_enabled
                0x000000000000a12c       0x1c zephyr/arch/arch/arm/core/cortex_m/libarch__arm__core__cortex_m.a(irq_manage.c.obj)
                0x000000000000a12c                arch_irq_is_enabled
 .text.z_arm_irq_priority_set
                0x000000000000a148       0x2c zephyr/arch/arch/arm/core/cortex_m/libarch__arm__core__cortex_m.a(irq_manage.c.obj)
                0x000000000000a148                z_arm_irq_priority_set
 .text.z_arm_prep_c
                0x000000000000a174       0x38 zephyr/arch/arch/arm/core/cortex_m/libarch__arm__core__cortex_m.a(prep_c.c.obj)
                0x000000000000a174                z_arm_prep_c
 .text.arch_new_thread
                0x000000000000a1ac       0x3c zephyr/arch/arch/arm/core/cortex_m/libarch__arm__core__cortex_m.a(thread.c.obj)
                0x000000000000a1ac                arch_new_thread
 .text.arch_switch_to_main_thread
                0x000000000000a1e8       0x34 zephyr/arch/arch/arm/core/cortex_m/libarch__arm__core__cortex_m.a(thread.c.obj)
                0x000000000000a1e8                arch_switch_to_main_thread
 .text.z_arm_cpu_idle_init
                0x000000000000a21c        0xc zephyr/arch/arch/arm/core/cortex_m/libarch__arm__core__cortex_m.a(cpu_idle.S.obj)
                0x000000000000a21c                z_arm_cpu_idle_init
 .text.arch_cpu_idle
                0x000000000000a228       0x38 zephyr/arch/arch/arm/core/cortex_m/libarch__arm__core__cortex_m.a(cpu_idle.S.obj)
                0x000000000000a228                arch_cpu_idle
 .text.arch_cpu_atomic_idle
                0x000000000000a260       0x34 zephyr/arch/arch/arm/core/cortex_m/libarch__arm__core__cortex_m.a(cpu_idle.S.obj)
                0x000000000000a260                arch_cpu_atomic_idle
 .text.z_arm_interrupt_init
                0x000000000000a294       0x18 zephyr/arch/arch/arm/core/cortex_m/libarch__arm__core__cortex_m.a(irq_init.c.obj)
                0x000000000000a294                z_arm_interrupt_init
 .text._isr_wrapper
                0x000000000000a2ac       0x28 zephyr/arch/arch/arm/core/cortex_m/libarch__arm__core__cortex_m.a(isr_wrapper.S.obj)
                0x000000000000a2ac                _isr_wrapper
 .text.z_arm_configure_static_mpu_regions
                0x000000000000a2d4       0x38 zephyr/arch/arch/arm/core/mpu/libarch__arm__core__mpu.a(arm_core_mpu.c.obj)
                0x000000000000a2d4                z_arm_configure_static_mpu_regions
 .text.region_init
                0x000000000000a30c       0x34 zephyr/arch/arch/arm/core/mpu/libarch__arm__core__mpu.a(arm_mpu.c.obj)
 .text.region_allocate_and_init
                0x000000000000a340       0x28 zephyr/arch/arch/arm/core/mpu/libarch__arm__core__mpu.a(arm_mpu.c.obj)
 .text.mpu_configure_regions_and_partition.constprop.0
                0x000000000000a368      0x164 zephyr/arch/arch/arm/core/mpu/libarch__arm__core__mpu.a(arm_mpu.c.obj)
 .text.arm_core_mpu_enable
                0x000000000000a4cc       0x18 zephyr/arch/arch/arm/core/mpu/libarch__arm__core__mpu.a(arm_mpu.c.obj)
                0x000000000000a4cc                arm_core_mpu_enable
 .text.arm_core_mpu_disable
                0x000000000000a4e4       0x14 zephyr/arch/arch/arm/core/mpu/libarch__arm__core__mpu.a(arm_mpu.c.obj)
                0x000000000000a4e4                arm_core_mpu_disable
 .text.arm_core_mpu_configure_static_mpu_regions
                0x000000000000a4f8       0x14 zephyr/arch/arch/arm/core/mpu/libarch__arm__core__mpu.a(arm_mpu.c.obj)
                0x000000000000a4f8                arm_core_mpu_configure_static_mpu_regions
 .text.arm_core_mpu_mark_areas_for_dynamic_regions
                0x000000000000a50c       0xb8 zephyr/arch/arch/arm/core/mpu/libarch__arm__core__mpu.a(arm_mpu.c.obj)
                0x000000000000a50c                arm_core_mpu_mark_areas_for_dynamic_regions
 .text.z_arm_mpu_init
                0x000000000000a5c4      0x108 zephyr/arch/arch/arm/core/mpu/libarch__arm__core__mpu.a(arm_mpu.c.obj)
                0x000000000000a5c4                z_arm_mpu_init
 .text.z_impl_zephyr_fputc
                0x000000000000a6cc       0x10 zephyr/lib/libc/picolibc/liblib__libc__picolibc.a(libc-hooks.c.obj)
                0x000000000000a6cc                z_impl_zephyr_fputc
 .text.__stdout_hook_install
                0x000000000000a6dc       0x18 zephyr/lib/libc/picolibc/liblib__libc__picolibc.a(libc-hooks.c.obj)
                0x000000000000a6dc                __stdout_hook_install
 .text.cbvprintf
                0x000000000000a6f4       0x38 zephyr/lib/libc/picolibc/liblib__libc__picolibc.a(libc-hooks.c.obj)
                0x000000000000a6f4                cbvprintf
 .text.malloc_prepare
                0x000000000000a72c       0x24 zephyr/lib/libc/common/liblib__libc__common.a(malloc.c.obj)
 .text.rtc_pretick_init
                0x000000000000a750       0x60 zephyr/soc/soc/arm/nordic_nrf/libsoc__arm__nordic_nrf.a(soc.c.obj)
 .text.z_arm_on_enter_cpu_idle
                0x000000000000a7b0       0x68 zephyr/soc/soc/arm/nordic_nrf/libsoc__arm__nordic_nrf.a(soc.c.obj)
                0x000000000000a7b0                z_arm_on_enter_cpu_idle
 .text.arch_busy_wait
                0x000000000000a818       0x24 zephyr/soc/soc/arm/nordic_nrf/libsoc__arm__nordic_nrf.a(soc.c.obj)
                0x000000000000a818                arch_busy_wait
 .text.rtc_cb   0x000000000000a83c       0x40 zephyr/soc/soc/arm/nordic_nrf/libsoc__arm__nordic_nrf.a(sync_rtc.c.obj)
 .text.sync_rtc_setup
                0x000000000000a87c       0xbc zephyr/soc/soc/arm/nordic_nrf/libsoc__arm__nordic_nrf.a(sync_rtc.c.obj)
 .text.mbox_callback
                0x000000000000a938       0x80 zephyr/soc/soc/arm/nordic_nrf/libsoc__arm__nordic_nrf.a(sync_rtc.c.obj)
 .text.z_arm_platform_init
                0x000000000000a9b8        0x4 zephyr/soc/soc/arm/nordic_nrf/libsoc__arm__nordic_nrf.a(soc_nrf_common.S.obj)
                0x000000000000a9b8                z_arm_platform_init
 .text.adc_context_start_sampling
                0x000000000000a9bc       0x1c zephyr/drivers/adc/libdrivers__adc.a(adc_nrfx_saadc.c.obj)
 .text.adc_nrfx_channel_setup
                0x000000000000a9d8       0xfc zephyr/drivers/adc/libdrivers__adc.a(adc_nrfx_saadc.c.obj)
 .text.adc_nrfx_read
                0x000000000000aad4      0x1c8 zephyr/drivers/adc/libdrivers__adc.a(adc_nrfx_saadc.c.obj)
 .text.init_saadc
                0x000000000000ac9c       0x44 zephyr/drivers/adc/libdrivers__adc.a(adc_nrfx_saadc.c.obj)
 .text.saadc_irq_handler
                0x000000000000ace0       0xc4 zephyr/drivers/adc/libdrivers__adc.a(adc_nrfx_saadc.c.obj)
 .text.onoff_stop
                0x000000000000ada4       0x30 zephyr/drivers/clock_control/libdrivers__clock_control.a(clock_control_nrf.c.obj)
 .text.onoff_start
                0x000000000000add4       0x44 zephyr/drivers/clock_control/libdrivers__clock_control.a(clock_control_nrf.c.obj)
 .text.clk_init
                0x000000000000ae18       0x64 zephyr/drivers/clock_control/libdrivers__clock_control.a(clock_control_nrf.c.obj)
 .text.clkstarted_handle.constprop.0
                0x000000000000ae7c       0x34 zephyr/drivers/clock_control/libdrivers__clock_control.a(clock_control_nrf.c.obj)
 .text.clock_event_handler
                0x000000000000aeb0       0x30 zephyr/drivers/clock_control/libdrivers__clock_control.a(clock_control_nrf.c.obj)
 .text.generic_hfclk_start
                0x000000000000aee0       0x64 zephyr/drivers/clock_control/libdrivers__clock_control.a(clock_control_nrf.c.obj)
 .text.api_blocking_start
                0x000000000000af44       0x34 zephyr/drivers/clock_control/libdrivers__clock_control.a(clock_control_nrf.c.obj)
 .text.generic_hfclk_stop
                0x000000000000af78       0x34 zephyr/drivers/clock_control/libdrivers__clock_control.a(clock_control_nrf.c.obj)
 .text.z_nrf_clock_control_lf_on
                0x000000000000afac       0xf8 zephyr/drivers/clock_control/libdrivers__clock_control.a(clock_control_nrf.c.obj)
                0x000000000000afac                z_nrf_clock_control_lf_on
 .text.uart_console_init
                0x000000000000b0a4       0x28 zephyr/drivers/console/libdrivers__console.a(uart_console.c.obj)
 .text.console_out
                0x000000000000b0cc       0x28 zephyr/drivers/console/libdrivers__console.a(uart_console.c.obj)
 .text.gpio_nrfx_pin_interrupt_configure
                0x000000000000b0f4      0x100 zephyr/drivers/gpio/libdrivers__gpio.a(gpio_nrfx.c.obj)
 .text.gpio_nrfx_init
                0x000000000000b1f4       0x48 zephyr/drivers/gpio/libdrivers__gpio.a(gpio_nrfx.c.obj)
 .text.nrfx_gpio_handler
                0x000000000000b23c       0x4c zephyr/drivers/gpio/libdrivers__gpio.a(gpio_nrfx.c.obj)
 .text.gpio_nrfx_pin_configure
                0x000000000000b288      0x18c zephyr/drivers/gpio/libdrivers__gpio.a(gpio_nrfx.c.obj)
 .text.mbox_nrf_init
                0x000000000000b414       0x9c zephyr/drivers/mbox/libdrivers__mbox.a(mbox_nrfx_ipc.c.obj)
 .text.mbox_nrf_set_enabled
                0x000000000000b4b0       0x94 zephyr/drivers/mbox/libdrivers__mbox.a(mbox_nrfx_ipc.c.obj)
 .text.mbox_nrf_send
                0x000000000000b544       0x44 zephyr/drivers/mbox/libdrivers__mbox.a(mbox_nrfx_ipc.c.obj)
 .text.mbox_dispatcher
                0x000000000000b588       0x60 zephyr/drivers/mbox/libdrivers__mbox.a(mbox_nrfx_ipc.c.obj)
 .text.nrf_gpio_pin_port_decode
                0x000000000000b5e8       0x24 zephyr/drivers/pinctrl/libdrivers__pinctrl.a(pinctrl_nrf.c.obj)
 .text.pinctrl_configure_pins
                0x000000000000b60c      0x1a0 zephyr/drivers/pinctrl/libdrivers__pinctrl.a(pinctrl_nrf.c.obj)
                0x000000000000b60c                pinctrl_configure_pins
 .text.uarte_0_init
                0x000000000000b7ac      0x27c zephyr/drivers/serial/libdrivers__serial.a(uart_nrfx_uarte.c.obj)
 .text.uarte_nrfx_poll_out
                0x000000000000ba28       0xcc zephyr/drivers/serial/libdrivers__serial.a(uart_nrfx_uarte.c.obj)
 .text.compare_int_lock
                0x000000000000baf4       0x40 zephyr/drivers/timer/libdrivers__timer.a(nrf_rtc_timer.c.obj)
 .text.sys_clock_timeout_handler
                0x000000000000bb34       0x48 zephyr/drivers/timer/libdrivers__timer.a(nrf_rtc_timer.c.obj)
 .text.compare_int_unlock
                0x000000000000bb7c       0x4c zephyr/drivers/timer/libdrivers__timer.a(nrf_rtc_timer.c.obj)
 .text.z_nrf_rtc_timer_compare_evt_address_get
                0x000000000000bbc8       0x10 zephyr/drivers/timer/libdrivers__timer.a(nrf_rtc_timer.c.obj)
                0x000000000000bbc8                z_nrf_rtc_timer_compare_evt_address_get
 .text.z_nrf_rtc_timer_compare_read
                0x000000000000bbd8       0x10 zephyr/drivers/timer/libdrivers__timer.a(nrf_rtc_timer.c.obj)
                0x000000000000bbd8                z_nrf_rtc_timer_compare_read
 .text.z_nrf_rtc_timer_read
                0x000000000000bbe8       0x44 zephyr/drivers/timer/libdrivers__timer.a(nrf_rtc_timer.c.obj)
                0x000000000000bbe8                z_nrf_rtc_timer_read
 .text.compare_set
                0x000000000000bc2c      0x124 zephyr/drivers/timer/libdrivers__timer.a(nrf_rtc_timer.c.obj)
 .text.sys_clock_driver_init
                0x000000000000bd50       0xa4 zephyr/drivers/timer/libdrivers__timer.a(nrf_rtc_timer.c.obj)
 .text.rtc_nrf_isr
                0x000000000000bdf4      0x100 zephyr/drivers/timer/libdrivers__timer.a(nrf_rtc_timer.c.obj)
                0x000000000000bdf4                rtc_nrf_isr
 .text.z_nrf_rtc_timer_chan_alloc
                0x000000000000bef4       0x3c zephyr/drivers/timer/libdrivers__timer.a(nrf_rtc_timer.c.obj)
                0x000000000000bef4                z_nrf_rtc_timer_chan_alloc
 .text.z_nrf_rtc_timer_chan_free
                0x000000000000bf30       0x1c zephyr/drivers/timer/libdrivers__timer.a(nrf_rtc_timer.c.obj)
                0x000000000000bf30                z_nrf_rtc_timer_chan_free
 .text.sys_clock_set_timeout
                0x000000000000bf4c       0x5c zephyr/drivers/timer/libdrivers__timer.a(nrf_rtc_timer.c.obj)
                0x000000000000bf4c                sys_clock_set_timeout
 .text.sys_clock_elapsed
                0x000000000000bfa8       0x14 zephyr/drivers/timer/libdrivers__timer.a(nrf_rtc_timer.c.obj)
                0x000000000000bfa8                sys_clock_elapsed
 .text.k_sys_fatal_error_handler
                0x000000000000bfbc       0x20 modules/nrf/lib/fatal_error/lib..__nrf__lib__fatal_error.a(fatal_error.c.obj)
                0x000000000000bfbc                k_sys_fatal_error_handler
 .text.ns_fault_init
                0x000000000000bfdc       0x30 modules/nrf/modules/trusted-firmware-m/lib..__nrf__modules__trusted-firmware-m.a(fault.c.obj)
 .text.arm_fault
                0x000000000000c00c      0x24c modules/nrf/modules/trusted-firmware-m/lib..__nrf__modules__trusted-firmware-m.a(fault.c.obj)
                0x000000000000c00c                arm_fault
 .text.tfm_ns_fault_handler_callback
                0x000000000000c258       0x48 modules/nrf/modules/trusted-firmware-m/lib..__nrf__modules__trusted-firmware-m.a(fault.c.obj)
                0x000000000000c258                tfm_ns_fault_handler_callback
 .text.tfm_ns_interface_dispatch
                0x000000000000c2a0       0x68 modules/trusted-firmware-m/libtfm_api.a(interface.c.obj)
                0x000000000000c2a0                tfm_ns_interface_dispatch
 .text.tfm_platform_ioctl
                0x000000000000c308       0x4c modules/trusted-firmware-m/libtfm_api.a(tfm_platform_api.c.obj)
                0x000000000000c308                tfm_platform_ioctl
 .text.psa_call
                0x000000000000c354       0x34 modules/trusted-firmware-m/libtfm_api.a(tfm_tz_psa_ns_api.c.obj)
                0x000000000000c354                psa_call
 .text.nrfx_flag32_alloc
                0x000000000000c388       0x40 modules/hal_nordic/nrfx/libmodules__hal_nordic__nrfx.a(nrfx_flag32_allocator.c.obj)
                0x000000000000c388                nrfx_flag32_alloc
 .text.nrfx_flag32_free
                0x000000000000c3c8       0x38 modules/hal_nordic/nrfx/libmodules__hal_nordic__nrfx.a(nrfx_flag32_allocator.c.obj)
                0x000000000000c3c8                nrfx_flag32_free
 .text.nrfx_gppi_channels_enable
                0x000000000000c400        0xc modules/hal_nordic/nrfx/libmodules__hal_nordic__nrfx.a(nrfx_gppi_dppi.c.obj)
                0x000000000000c400                nrfx_gppi_channels_enable
 .text.nrfx_gppi_channels_disable
                0x000000000000c40c        0xc modules/hal_nordic/nrfx/libmodules__hal_nordic__nrfx.a(nrfx_gppi_dppi.c.obj)
                0x000000000000c40c                nrfx_gppi_channels_disable
 .text.clock_stop
                0x000000000000c418      0x158 modules/hal_nordic/nrfx/libmodules__hal_nordic__nrfx.a(nrfx_clock.c.obj)
 .text.nrfx_clock_init
                0x000000000000c570       0x20 modules/hal_nordic/nrfx/libmodules__hal_nordic__nrfx.a(nrfx_clock.c.obj)
                0x000000000000c570                nrfx_clock_init
 .text.nrfx_clock_enable
                0x000000000000c590       0x30 modules/hal_nordic/nrfx/libmodules__hal_nordic__nrfx.a(nrfx_clock.c.obj)
                0x000000000000c590                nrfx_clock_enable
 .text.nrfx_clock_start
                0x000000000000c5c0       0xd8 modules/hal_nordic/nrfx/libmodules__hal_nordic__nrfx.a(nrfx_clock.c.obj)
                0x000000000000c5c0                nrfx_clock_start
 .text.nrfx_power_clock_irq_handler
                0x000000000000c698       0xac modules/hal_nordic/nrfx/libmodules__hal_nordic__nrfx.a(nrfx_clock.c.obj)
                0x000000000000c698                nrfx_power_clock_irq_handler
 .text.nrfx_dppi_channel_alloc
                0x000000000000c744        0xc modules/hal_nordic/nrfx/libmodules__hal_nordic__nrfx.a(nrfx_dppi.c.obj)
                0x000000000000c744                nrfx_dppi_channel_alloc
 .text.nrfx_dppi_channel_free
                0x000000000000c750       0x1c modules/hal_nordic/nrfx/libmodules__hal_nordic__nrfx.a(nrfx_dppi.c.obj)
                0x000000000000c750                nrfx_dppi_channel_free
 .text.nrf_gpio_pin_port_decode
                0x000000000000c76c       0x24 modules/hal_nordic/nrfx/libmodules__hal_nordic__nrfx.a(nrfx_gpiote.c.obj)
 .text.get_pin_idx
                0x000000000000c790       0x14 modules/hal_nordic/nrfx/libmodules__hal_nordic__nrfx.a(nrfx_gpiote.c.obj)
 .text.release_handler
                0x000000000000c7a4       0x70 modules/hal_nordic/nrfx/libmodules__hal_nordic__nrfx.a(nrfx_gpiote.c.obj)
 .text.latch_pending_read_and_check
                0x000000000000c814       0x3c modules/hal_nordic/nrfx/libmodules__hal_nordic__nrfx.a(nrfx_gpiote.c.obj)
 .text.pin_te_get.isra.0
                0x000000000000c850       0x20 modules/hal_nordic/nrfx/libmodules__hal_nordic__nrfx.a(nrfx_gpiote.c.obj)
 .text.pin_is_output.isra.0
                0x000000000000c870       0x24 modules/hal_nordic/nrfx/libmodules__hal_nordic__nrfx.a(nrfx_gpiote.c.obj)
 .text.pin_in_use_by_te.isra.0
                0x000000000000c894       0x24 modules/hal_nordic/nrfx/libmodules__hal_nordic__nrfx.a(nrfx_gpiote.c.obj)
 .text.__nrfy_internal_gpiote_events_process.constprop.0
                0x000000000000c8b8       0x5c modules/hal_nordic/nrfx/libmodules__hal_nordic__nrfx.a(nrfx_gpiote.c.obj)
 .text.irq_handler.constprop.0
                0x000000000000c914      0x1a8 modules/hal_nordic/nrfx/libmodules__hal_nordic__nrfx.a(nrfx_gpiote.c.obj)
 .text.pin_uninit
                0x000000000000cabc       0xa4 modules/hal_nordic/nrfx/libmodules__hal_nordic__nrfx.a(nrfx_gpiote.c.obj)
 .text.nrfx_gpiote_input_configure
                0x000000000000cb60      0x1ec modules/hal_nordic/nrfx/libmodules__hal_nordic__nrfx.a(nrfx_gpiote.c.obj)
                0x000000000000cb60                nrfx_gpiote_input_configure
 .text.nrfx_gpiote_output_configure
                0x000000000000cd4c      0x138 modules/hal_nordic/nrfx/libmodules__hal_nordic__nrfx.a(nrfx_gpiote.c.obj)
                0x000000000000cd4c                nrfx_gpiote_output_configure
 .text.nrfx_gpiote_global_callback_set
                0x000000000000ce84       0x1c modules/hal_nordic/nrfx/libmodules__hal_nordic__nrfx.a(nrfx_gpiote.c.obj)
                0x000000000000ce84                nrfx_gpiote_global_callback_set
 .text.nrfx_gpiote_channel_get
                0x000000000000cea0       0x3c modules/hal_nordic/nrfx/libmodules__hal_nordic__nrfx.a(nrfx_gpiote.c.obj)
                0x000000000000cea0                nrfx_gpiote_channel_get
 .text.nrfx_gpiote_init
                0x000000000000cedc       0x80 modules/hal_nordic/nrfx/libmodules__hal_nordic__nrfx.a(nrfx_gpiote.c.obj)
                0x000000000000cedc                nrfx_gpiote_init
 .text.nrfx_gpiote_init_check
                0x000000000000cf5c       0x1c modules/hal_nordic/nrfx/libmodules__hal_nordic__nrfx.a(nrfx_gpiote.c.obj)
                0x000000000000cf5c                nrfx_gpiote_init_check
 .text.nrfx_gpiote_channel_free
                0x000000000000cf78       0x18 modules/hal_nordic/nrfx/libmodules__hal_nordic__nrfx.a(nrfx_gpiote.c.obj)
                0x000000000000cf78                nrfx_gpiote_channel_free
 .text.nrfx_gpiote_channel_alloc
                0x000000000000cf90       0x18 modules/hal_nordic/nrfx/libmodules__hal_nordic__nrfx.a(nrfx_gpiote.c.obj)
                0x000000000000cf90                nrfx_gpiote_channel_alloc
 .text.nrfx_gpiote_trigger_enable
                0x000000000000cfa8       0xa4 modules/hal_nordic/nrfx/libmodules__hal_nordic__nrfx.a(nrfx_gpiote.c.obj)
                0x000000000000cfa8                nrfx_gpiote_trigger_enable
 .text.nrfx_gpiote_1_irq_handler
                0x000000000000d04c        0xc modules/hal_nordic/nrfx/libmodules__hal_nordic__nrfx.a(nrfx_gpiote.c.obj)
                0x000000000000d04c                nrfx_gpiote_1_irq_handler
 .text.nrfx_ipc_init
                0x000000000000d058       0x30 modules/hal_nordic/nrfx/libmodules__hal_nordic__nrfx.a(nrfx_ipc.c.obj)
                0x000000000000d058                nrfx_ipc_init
 .text.nrfx_ipc_config_load
                0x000000000000d088       0x40 modules/hal_nordic/nrfx/libmodules__hal_nordic__nrfx.a(nrfx_ipc.c.obj)
                0x000000000000d088                nrfx_ipc_config_load
 .text.nrfx_ipc_receive_event_enable
                0x000000000000d0c8       0x10 modules/hal_nordic/nrfx/libmodules__hal_nordic__nrfx.a(nrfx_ipc.c.obj)
                0x000000000000d0c8                nrfx_ipc_receive_event_enable
 .text.nrfx_ipc_receive_event_disable
                0x000000000000d0d8       0x10 modules/hal_nordic/nrfx/libmodules__hal_nordic__nrfx.a(nrfx_ipc.c.obj)
                0x000000000000d0d8                nrfx_ipc_receive_event_disable
 .text.nrfx_ipc_irq_handler
                0x000000000000d0e8       0x40 modules/hal_nordic/nrfx/libmodules__hal_nordic__nrfx.a(nrfx_ipc.c.obj)
                0x000000000000d0e8                nrfx_ipc_irq_handler
 .text.z_fatal_error
                0x000000000000d128       0xec zephyr/kernel/libkernel.a(fatal.c.obj)
                0x000000000000d128                z_fatal_error
 .text.z_sys_init_run_level
                0x000000000000d214       0x48 zephyr/kernel/libkernel.a(init.c.obj)
 .text.bg_thread_main
                0x000000000000d25c       0x34 zephyr/kernel/libkernel.a(init.c.obj)
 .text.z_bss_zero
                0x000000000000d290       0x18 zephyr/kernel/libkernel.a(init.c.obj)
                0x000000000000d290                z_bss_zero
 .text.z_init_cpu
                0x000000000000d2a8       0x7c zephyr/kernel/libkernel.a(init.c.obj)
                0x000000000000d2a8                z_init_cpu
 .text.z_cstart
                0x000000000000d324       0xe0 zephyr/kernel/libkernel.a(init.c.obj)
                0x000000000000d324                z_cstart
 .text.z_setup_new_thread
                0x000000000000d404       0x7c zephyr/kernel/libkernel.a(thread.c.obj)
                0x000000000000d404                z_setup_new_thread
 .text.z_impl_k_thread_create
                0x000000000000d480       0x58 zephyr/kernel/libkernel.a(thread.c.obj)
                0x000000000000d480                z_impl_k_thread_create
 .text.z_init_static_threads
                0x000000000000d4d8       0x98 zephyr/kernel/libkernel.a(thread.c.obj)
                0x000000000000d4d8                z_init_static_threads
 .text.z_impl_k_mutex_unlock
                0x000000000000d570       0x78 zephyr/kernel/libkernel.a(mutex.c.obj)
                0x000000000000d570                z_impl_k_mutex_unlock
 .text.z_impl_k_mutex_lock
                0x000000000000d5e8       0xf4 zephyr/kernel/libkernel.a(mutex.c.obj)
                0x000000000000d5e8                z_impl_k_mutex_lock
 .text.z_impl_k_sem_give
                0x000000000000d6dc       0x48 zephyr/kernel/libkernel.a(sem.c.obj)
                0x000000000000d6dc                z_impl_k_sem_give
 .text.z_impl_k_sem_take
                0x000000000000d724       0x50 zephyr/kernel/libkernel.a(sem.c.obj)
                0x000000000000d724                z_impl_k_sem_take
 .text.sliceable
                0x000000000000d774       0x3c zephyr/kernel/libkernel.a(sched.c.obj)
 .text.slice_timeout
                0x000000000000d7b0       0x20 zephyr/kernel/libkernel.a(sched.c.obj)
 .text.z_reset_time_slice
                0x000000000000d7d0       0x50 zephyr/kernel/libkernel.a(sched.c.obj)
                0x000000000000d7d0                z_reset_time_slice
 .text.update_cache
                0x000000000000d820       0x3c zephyr/kernel/libkernel.a(sched.c.obj)
 .text.move_thread_to_end_of_prio_q
                0x000000000000d85c       0x74 zephyr/kernel/libkernel.a(sched.c.obj)
 .text.ready_thread
                0x000000000000d8d0       0x68 zephyr/kernel/libkernel.a(sched.c.obj)
 .text.unready_thread
                0x000000000000d938       0x30 zephyr/kernel/libkernel.a(sched.c.obj)
 .text.pend_locked
                0x000000000000d968       0x30 zephyr/kernel/libkernel.a(sched.c.obj)
 .text.z_thread_halt
                0x000000000000d998       0xa0 zephyr/kernel/libkernel.a(sched.c.obj)
 .text.z_time_slice
                0x000000000000da38       0x60 zephyr/kernel/libkernel.a(sched.c.obj)
                0x000000000000da38                z_time_slice
 .text.z_pend_curr
                0x000000000000da98       0x3c zephyr/kernel/libkernel.a(sched.c.obj)
                0x000000000000da98                z_pend_curr
 .text.z_set_prio
                0x000000000000dad4       0x8c zephyr/kernel/libkernel.a(sched.c.obj)
                0x000000000000dad4                z_set_prio
 .text.z_reschedule
                0x000000000000db60       0x24 zephyr/kernel/libkernel.a(sched.c.obj)
                0x000000000000db60                z_reschedule
 .text.z_sched_start
                0x000000000000db84       0x3c zephyr/kernel/libkernel.a(sched.c.obj)
                0x000000000000db84                z_sched_start
 .text.k_sched_lock
                0x000000000000dbc0       0x28 zephyr/kernel/libkernel.a(sched.c.obj)
                0x000000000000dbc0                k_sched_lock
 .text.k_sched_unlock
                0x000000000000dbe8       0x38 zephyr/kernel/libkernel.a(sched.c.obj)
                0x000000000000dbe8                k_sched_unlock
 .text.z_sched_init
                0x000000000000dc20       0x10 zephyr/kernel/libkernel.a(sched.c.obj)
                0x000000000000dc20                z_sched_init
 .text.z_impl_k_yield
                0x000000000000dc30       0x7c zephyr/kernel/libkernel.a(sched.c.obj)
                0x000000000000dc30                z_impl_k_yield
 .text.z_tick_sleep
                0x000000000000dcac       0x88 zephyr/kernel/libkernel.a(sched.c.obj)
 .text.z_impl_k_sleep
                0x000000000000dd34       0x34 zephyr/kernel/libkernel.a(sched.c.obj)
                0x000000000000dd34                z_impl_k_sleep
 .text.z_impl_k_sched_current_thread_query
                0x000000000000dd68        0xc zephyr/kernel/libkernel.a(sched.c.obj)
                0x000000000000dd68                z_impl_k_sched_current_thread_query
 .text.z_data_copy
                0x000000000000dd74       0x34 zephyr/kernel/libkernel.a(xip.c.obj)
                0x000000000000dd74                z_data_copy
 .text.elapsed  0x000000000000dda8       0x14 zephyr/kernel/libkernel.a(timeout.c.obj)
 .text.next_timeout
                0x000000000000ddbc       0x40 zephyr/kernel/libkernel.a(timeout.c.obj)
 .text.remove_timeout
                0x000000000000ddfc       0x38 zephyr/kernel/libkernel.a(timeout.c.obj)
 .text.z_add_timeout
                0x000000000000de34       0xec zephyr/kernel/libkernel.a(timeout.c.obj)
                0x000000000000de34                z_add_timeout
 .text.sys_clock_announce
                0x000000000000df20       0xd4 zephyr/kernel/libkernel.a(timeout.c.obj)
                0x000000000000df20                sys_clock_announce
 .text.sys_clock_tick_get
                0x000000000000dff4       0x34 zephyr/kernel/libkernel.a(timeout.c.obj)
                0x000000000000dff4                sys_clock_tick_get
 .text.z_timer_expiration_handler
                0x000000000000e028       0xe4 zephyr/kernel/libkernel.a(timer.c.obj)
                0x000000000000e028                z_timer_expiration_handler
 .text.z_impl_k_timer_start
                0x000000000000e10c       0x74 zephyr/kernel/libkernel.a(timer.c.obj)
                0x000000000000e10c                z_impl_k_timer_start
 .text.boot_banner
                0x000000000000e180        0xc zephyr/kernel/libkernel.a(banner.c.obj)
                0x000000000000e180                boot_banner
 .text.snprintf
                0x000000000000e18c       0x58 c:\ncs\toolchains\ce3b5ff664\opt\zephyr-sdk\arm-zephyr-eabi\bin\../lib/gcc/../../picolibc/arm-zephyr-eabi/lib/thumb/v8-m.main/nofp\libc.a(libc_tinystdio_snprintf.c.o)
                0x000000000000e18c                snprintf
 .text.__l_vfprintf
                0x000000000000e1e4      0x4b4 c:\ncs\toolchains\ce3b5ff664\opt\zephyr-sdk\arm-zephyr-eabi\bin\../lib/gcc/../../picolibc/arm-zephyr-eabi/lib/thumb/v8-m.main/nofp\libc.a(libc_tinystdio_vflprintf.c.o)
                0x000000000000e1e4                __l_vfprintf
 .text._OffsetAbsSyms
                0x000000000000e698        0x2 zephyr/CMakeFiles/offsets.dir/./arch/arm/core/offsets/offsets.c.obj
                0x000000000000e698                _OffsetAbsSyms
 .text.cbpprintf_external
                0x000000000000e69a       0x62 zephyr/libzephyr.a(cbprintf_packaged.c.obj)
                0x000000000000e69a                cbpprintf_external
 .text.is_ptr   0x000000000000e6fc       0x4a zephyr/libzephyr.a(cbprintf_packaged.c.obj)
                0x000000000000e6fc                is_ptr
 .text.arch_printk_char_out
                0x000000000000e746        0x4 zephyr/libzephyr.a(printk.c.obj)
                0x000000000000e746                arch_printk_char_out
 .text.printk   0x000000000000e74a       0x1a zephyr/libzephyr.a(printk.c.obj)
                0x000000000000e74a                printk
 .text.chunk_field
                0x000000000000e764       0x16 zephyr/libzephyr.a(heap.c.obj)
 .text.chunk_set
                0x000000000000e77a       0x16 zephyr/libzephyr.a(heap.c.obj)
 .text.chunk_size
                0x000000000000e790        0xc zephyr/libzephyr.a(heap.c.obj)
 .text.set_chunk_used
                0x000000000000e79c       0x30 zephyr/libzephyr.a(heap.c.obj)
 .text.set_chunk_size
                0x000000000000e7cc        0x8 zephyr/libzephyr.a(heap.c.obj)
 .text.bucket_idx.isra.0
                0x000000000000e7d4       0x1c zephyr/libzephyr.a(heap.c.obj)
 .text.free_list_add
                0x000000000000e7f0       0x84 zephyr/libzephyr.a(heap.c.obj)
 .text.sys_heap_init
                0x000000000000e874       0xb0 zephyr/libzephyr.a(heap.c.obj)
                0x000000000000e874                sys_heap_init
 .text.process_recheck
                0x000000000000e924       0x38 zephyr/libzephyr.a(onoff.c.obj)
 .text.validate_args
                0x000000000000e95c       0x20 zephyr/libzephyr.a(onoff.c.obj)
 .text.notify_one
                0x000000000000e97c       0x2c zephyr/libzephyr.a(onoff.c.obj)
 .text.transition_complete
                0x000000000000e9a8       0x1c zephyr/libzephyr.a(onoff.c.obj)
 .text.onoff_manager_init
                0x000000000000e9c4       0x26 zephyr/libzephyr.a(onoff.c.obj)
                0x000000000000e9c4                onoff_manager_init
 .text.onoff_request
                0x000000000000e9ea       0xb0 zephyr/libzephyr.a(onoff.c.obj)
                0x000000000000e9ea                onoff_request
 .text.sys_notify_validate
                0x000000000000ea9a       0x22 zephyr/libzephyr.a(notify.c.obj)
                0x000000000000ea9a                sys_notify_validate
 .text.sys_notify_finalize
                0x000000000000eabc       0x1a zephyr/libzephyr.a(notify.c.obj)
                0x000000000000eabc                sys_notify_finalize
 .text.free_space
                0x000000000000ead6       0x26 zephyr/libzephyr.a(mpsc_pbuf.c.obj)
 .text.get_usage
                0x000000000000eafc       0x22 zephyr/libzephyr.a(mpsc_pbuf.c.obj)
 .text.idx_inc  0x000000000000eb1e       0x1c zephyr/libzephyr.a(mpsc_pbuf.c.obj)
 .text.rd_idx_inc
                0x000000000000eb3a       0x18 zephyr/libzephyr.a(mpsc_pbuf.c.obj)
 .text.add_skip_item
                0x000000000000eb52       0x3e zephyr/libzephyr.a(mpsc_pbuf.c.obj)
 .text.drop_item_locked
                0x000000000000eb90       0xee zephyr/libzephyr.a(mpsc_pbuf.c.obj)
 .text.post_drop_action
                0x000000000000ec7e       0x36 zephyr/libzephyr.a(mpsc_pbuf.c.obj)
 .text.max_utilization_update
                0x000000000000ecb4       0x1a zephyr/libzephyr.a(mpsc_pbuf.c.obj)
 .text.mpsc_pbuf_init
                0x000000000000ecce       0x42 zephyr/libzephyr.a(mpsc_pbuf.c.obj)
                0x000000000000ecce                mpsc_pbuf_init
 .text.mpsc_pbuf_alloc
                0x000000000000ed10       0xfc zephyr/libzephyr.a(mpsc_pbuf.c.obj)
                0x000000000000ed10                mpsc_pbuf_alloc
 .text.mpsc_pbuf_commit
                0x000000000000ee0c       0x40 zephyr/libzephyr.a(mpsc_pbuf.c.obj)
                0x000000000000ee0c                mpsc_pbuf_commit
 .text.mpsc_pbuf_claim
                0x000000000000ee4c       0xa4 zephyr/libzephyr.a(mpsc_pbuf.c.obj)
                0x000000000000ee4c                mpsc_pbuf_claim
 .text.mpsc_pbuf_free
                0x000000000000eef0       0x78 zephyr/libzephyr.a(mpsc_pbuf.c.obj)
                0x000000000000eef0                mpsc_pbuf_free
 .text.mpsc_pbuf_is_pending
                0x000000000000ef68       0x1a zephyr/libzephyr.a(mpsc_pbuf.c.obj)
                0x000000000000ef68                mpsc_pbuf_is_pending
 .text._ConfigAbsSyms
                0x000000000000ef82        0x2 zephyr/libzephyr.a(configs.c.obj)
                0x000000000000ef82                _ConfigAbsSyms
 .text.log_msg_generic_get_wlen
                0x000000000000ef84       0x20 zephyr/libzephyr.a(log_core.c.obj)
 .text.dummy_timestamp
                0x000000000000efa4        0x4 zephyr/libzephyr.a(log_core.c.obj)
 .text.default_get_timestamp
                0x000000000000efa8        0x4 zephyr/libzephyr.a(log_core.c.obj)
 .text.atomic_inc
                0x000000000000efac       0x12 zephyr/libzephyr.a(log_core.c.obj)
 .text.z_log_vprintk
                0x000000000000efbe       0x1c zephyr/libzephyr.a(log_core.c.obj)
                0x000000000000efbe                z_log_vprintk
 .text.z_log_notify_drop
                0x000000000000efda        0x6 zephyr/libzephyr.a(log_core.c.obj)
 .text.z_log_get_tag
                0x000000000000efe0        0x4 zephyr/libzephyr.a(log_core.c.obj)
                0x000000000000efe0                z_log_get_tag
 .text.z_cbprintf_cpy
                0x000000000000efe4       0x2c zephyr/libzephyr.a(log_msg.c.obj)
 .text.z_log_msg_finalize
                0x000000000000f010       0x32 zephyr/libzephyr.a(log_msg.c.obj)
                0x000000000000f010                z_log_msg_finalize
 .text.z_log_msg_simple_create
                0x000000000000f042       0x6e zephyr/libzephyr.a(log_msg.c.obj)
 .text.z_impl_z_log_msg_simple_create_0
                0x000000000000f0b0       0x12 zephyr/libzephyr.a(log_msg.c.obj)
                0x000000000000f0b0                z_impl_z_log_msg_simple_create_0
 .text.z_impl_z_log_msg_simple_create_1
                0x000000000000f0c2       0x14 zephyr/libzephyr.a(log_msg.c.obj)
                0x000000000000f0c2                z_impl_z_log_msg_simple_create_1
 .text.z_impl_z_log_msg_simple_create_2
                0x000000000000f0d6       0x18 zephyr/libzephyr.a(log_msg.c.obj)
                0x000000000000f0d6                z_impl_z_log_msg_simple_create_2
 .text.buffer_write
                0x000000000000f0ee       0x1a zephyr/libzephyr.a(log_output.c.obj)
 .text.log_output_flush
                0x000000000000f108       0x1a zephyr/libzephyr.a(log_output.c.obj)
                0x000000000000f108                log_output_flush
 .text.out_func
                0x000000000000f122       0x2e zephyr/libzephyr.a(log_output.c.obj)
 .text.cr_out_func
                0x000000000000f150       0x1c zephyr/libzephyr.a(log_output.c.obj)
 .text.format_set
                0x000000000000f16c        0xc zephyr/libzephyr.a(log_backend_uart.c.obj)
 .text.log_backend_uart_init
                0x000000000000f178        0xc zephyr/libzephyr.a(log_backend_uart.c.obj)
 .text.panic    0x000000000000f184       0x10 zephyr/libzephyr.a(log_backend_uart.c.obj)
 .text.dropped  0x000000000000f194        0xa zephyr/libzephyr.a(log_backend_uart.c.obj)
 .text.process  0x000000000000f19e       0x1e zephyr/libzephyr.a(log_backend_uart.c.obj)
 .text.z_do_kernel_oops
                0x000000000000f1bc        0x8 zephyr/arch/arch/arm/core/libarch__arm__core.a(fatal.c.obj)
                0x000000000000f1bc                z_do_kernel_oops
 .text.z_arm_nmi
                0x000000000000f1c4        0xe zephyr/arch/arch/arm/core/libarch__arm__core.a(nmi.c.obj)
                0x000000000000f1c4                z_arm_nmi
 .text.z_log_msg_simple_create_0.constprop.0
                0x000000000000f1d2        0x8 zephyr/arch/arch/arm/core/cortex_m/libarch__arm__core__cortex_m.a(fault.c.obj)
 .text.z_arm_save_fp_context
                0x000000000000f1da        0x2 zephyr/arch/arch/arm/core/cortex_m/libarch__arm__core__cortex_m.a(fpu.c.obj)
                0x000000000000f1da                z_arm_save_fp_context
 .text.z_arm_restore_fp_context
                0x000000000000f1dc        0x2 zephyr/arch/arch/arm/core/cortex_m/libarch__arm__core__cortex_m.a(fpu.c.obj)
                0x000000000000f1dc                z_arm_restore_fp_context
 .text.z_irq_spurious
                0x000000000000f1de        0x8 zephyr/arch/arch/arm/core/cortex_m/libarch__arm__core__cortex_m.a(irq_manage.c.obj)
                0x000000000000f1de                z_irq_spurious
 .text.configure_builtin_stack_guard
                0x000000000000f1e6        0x8 zephyr/arch/arch/arm/core/cortex_m/libarch__arm__core__cortex_m.a(thread.c.obj)
                0x000000000000f1e6                configure_builtin_stack_guard
 .text.arm_cmse_mpu_region_get
                0x000000000000f1ee       0x12 zephyr/arch/arch/arm/core/cortex_m/cmse/libarch__arm__core__cortex_m__cmse.a(arm_core_cmse.c.obj)
                0x000000000000f1ee                arm_cmse_mpu_region_get
 .text.mpu_configure_region
                0x000000000000f200       0x32 zephyr/arch/arch/arm/core/mpu/libarch__arm__core__mpu.a(arm_mpu.c.obj)
 .text.cbputc   0x000000000000f232        0xc zephyr/lib/libc/picolibc/liblib__libc__picolibc.a(libc-hooks.c.obj)
 .text.picolibc_put
                0x000000000000f23e        0xa zephyr/lib/libc/picolibc/liblib__libc__picolibc.a(libc-hooks.c.obj)
 .text.nordicsemi_nrf53_init
                0x000000000000f248       0x1c zephyr/soc/soc/arm/nordic_nrf/libsoc__arm__nordic_nrf.a(soc.c.obj)
 .text.adc_context_on_timer_expired
                0x000000000000f264       0x26 zephyr/drivers/adc/libdrivers__adc.a(adc_nrfx_saadc.c.obj)
 .text.get_status
                0x000000000000f28a       0x12 zephyr/drivers/clock_control/libdrivers__clock_control.a(clock_control_nrf.c.obj)
 .text.set_on_state
                0x000000000000f29c       0x26 zephyr/drivers/clock_control/libdrivers__clock_control.a(clock_control_nrf.c.obj)
 .text.stop     0x000000000000f2c2       0x52 zephyr/drivers/clock_control/libdrivers__clock_control.a(clock_control_nrf.c.obj)
 .text.api_stop
                0x000000000000f314        0x6 zephyr/drivers/clock_control/libdrivers__clock_control.a(clock_control_nrf.c.obj)
 .text.async_start
                0x000000000000f31a       0x5c zephyr/drivers/clock_control/libdrivers__clock_control.a(clock_control_nrf.c.obj)
 .text.api_start
                0x000000000000f376        0xe zephyr/drivers/clock_control/libdrivers__clock_control.a(clock_control_nrf.c.obj)
 .text.onoff_started_callback
                0x000000000000f384       0x12 zephyr/drivers/clock_control/libdrivers__clock_control.a(clock_control_nrf.c.obj)
 .text.hfclkaudio_start
                0x000000000000f396        0x6 zephyr/drivers/clock_control/libdrivers__clock_control.a(clock_control_nrf.c.obj)
 .text.hfclk192m_start
                0x000000000000f39c        0x6 zephyr/drivers/clock_control/libdrivers__clock_control.a(clock_control_nrf.c.obj)
 .text.lfclk_start
                0x000000000000f3a2        0x6 zephyr/drivers/clock_control/libdrivers__clock_control.a(clock_control_nrf.c.obj)
 .text.hfclkaudio_stop
                0x000000000000f3a8        0x6 zephyr/drivers/clock_control/libdrivers__clock_control.a(clock_control_nrf.c.obj)
 .text.hfclk192m_stop
                0x000000000000f3ae        0x6 zephyr/drivers/clock_control/libdrivers__clock_control.a(clock_control_nrf.c.obj)
 .text.lfclk_stop
                0x000000000000f3b4        0x6 zephyr/drivers/clock_control/libdrivers__clock_control.a(clock_control_nrf.c.obj)
 .text.blocking_start_callback
                0x000000000000f3ba        0x6 zephyr/drivers/clock_control/libdrivers__clock_control.a(clock_control_nrf.c.obj)
 .text.gpio_nrfx_port_get_raw
                0x000000000000f3c0        0xc zephyr/drivers/gpio/libdrivers__gpio.a(gpio_nrfx.c.obj)
 .text.gpio_nrfx_port_set_masked_raw
                0x000000000000f3cc       0x14 zephyr/drivers/gpio/libdrivers__gpio.a(gpio_nrfx.c.obj)
 .text.gpio_nrfx_port_set_bits_raw
                0x000000000000f3e0        0xa zephyr/drivers/gpio/libdrivers__gpio.a(gpio_nrfx.c.obj)
 .text.gpio_nrfx_port_clear_bits_raw
                0x000000000000f3ea        0xa zephyr/drivers/gpio/libdrivers__gpio.a(gpio_nrfx.c.obj)
 .text.gpio_nrfx_port_toggle_bits
                0x000000000000f3f4       0x14 zephyr/drivers/gpio/libdrivers__gpio.a(gpio_nrfx.c.obj)
 .text.gpio_nrfx_manage_callback
                0x000000000000f408       0x52 zephyr/drivers/gpio/libdrivers__gpio.a(gpio_nrfx.c.obj)
 .text.mbox_nrf_register_callback
                0x000000000000f45a       0x1c zephyr/drivers/mbox/libdrivers__mbox.a(mbox_nrfx_ipc.c.obj)
 .text.mbox_nrf_mtu_get
                0x000000000000f476        0x4 zephyr/drivers/mbox/libdrivers__mbox.a(mbox_nrfx_ipc.c.obj)
 .text.mbox_nrf_max_channels_get
                0x000000000000f47a        0x4 zephyr/drivers/mbox/libdrivers__mbox.a(mbox_nrfx_ipc.c.obj)
 .text.pinctrl_lookup_state
                0x000000000000f47e       0x26 zephyr/drivers/pinctrl/libdrivers__pinctrl.a(common.c.obj)
                0x000000000000f47e                pinctrl_lookup_state
 .text.uarte_nrfx_err_check
                0x000000000000f4a4        0xe zephyr/drivers/serial/libdrivers__serial.a(uart_nrfx_uarte.c.obj)
 .text.uarte_nrfx_poll_in
                0x000000000000f4b2       0x28 zephyr/drivers/serial/libdrivers__serial.a(uart_nrfx_uarte.c.obj)
 .text.is_tx_ready.isra.0
                0x000000000000f4da       0x20 zephyr/drivers/serial/libdrivers__serial.a(uart_nrfx_uarte.c.obj)
 .text.uarte_nrfx_isr_int
                0x000000000000f4fa       0x72 zephyr/drivers/serial/libdrivers__serial.a(uart_nrfx_uarte.c.obj)
 .text.event_clear
                0x000000000000f56c       0x18 zephyr/drivers/timer/libdrivers__timer.a(nrf_rtc_timer.c.obj)
 .text.z_nrf_rtc_timer_capture_task_address_get
                0x000000000000f584       0x12 zephyr/drivers/timer/libdrivers__timer.a(nrf_rtc_timer.c.obj)
                0x000000000000f584                z_nrf_rtc_timer_capture_task_address_get
 .text.z_nrf_rtc_timer_set
                0x000000000000f596       0x18 zephyr/drivers/timer/libdrivers__timer.a(nrf_rtc_timer.c.obj)
                0x000000000000f596                z_nrf_rtc_timer_set
 .text.sys_clock_cycle_get_32
                0x000000000000f5ae        0x8 zephyr/drivers/timer/libdrivers__timer.a(nrf_rtc_timer.c.obj)
                0x000000000000f5ae                sys_clock_cycle_get_32
 .text.z_log_msg_simple_create_0.constprop.0
                0x000000000000f5b6        0x8 modules/nrf/modules/trusted-firmware-m/lib..__nrf__modules__trusted-firmware-m.a(fault.c.obj)
 .text.tfm_platform_ns_fault_set_handler
                0x000000000000f5be       0x4e modules/nrf/modules/trusted-firmware-m/libtfm_api_nrf.a(tfm_ioctl_ns_api.c.obj)
                0x000000000000f5be                tfm_platform_ns_fault_set_handler
 .text.ns_interface_init
                0x000000000000f60c        0x4 modules/trusted-firmware-m/libtfm_api.a(interface.c.obj)
 .text.SystemInit
                0x000000000000f610        0x2 modules/hal_nordic/nrfx/libmodules__hal_nordic__nrfx.a(system_nrf5340_application.c.obj)
                0x000000000000f610                SystemInit
 .text.nrfx_isr
                0x000000000000f612        0x2 modules/hal_nordic/nrfx/libmodules__hal_nordic__nrfx.a(nrfx_glue.c.obj)
                0x000000000000f612                nrfx_isr
 .text.nrfx_busy_wait
                0x000000000000f614        0x4 modules/hal_nordic/nrfx/libmodules__hal_nordic__nrfx.a(nrfx_glue.c.obj)
                0x000000000000f614                nrfx_busy_wait
 .text.nrfx_gppi_event_endpoint_setup
                0x000000000000f618        0xa modules/hal_nordic/nrfx/libmodules__hal_nordic__nrfx.a(nrfx_gppi_dppi.c.obj)
                0x000000000000f618                nrfx_gppi_event_endpoint_setup
 .text.nrfx_gppi_task_endpoint_setup
                0x000000000000f622        0xa modules/hal_nordic/nrfx/libmodules__hal_nordic__nrfx.a(nrfx_gppi_dppi.c.obj)
                0x000000000000f622                nrfx_gppi_task_endpoint_setup
 .text.nrfx_gppi_channel_endpoints_setup
                0x000000000000f62c        0xe modules/hal_nordic/nrfx/libmodules__hal_nordic__nrfx.a(nrfx_gppi_dppi.c.obj)
                0x000000000000f62c                nrfx_gppi_channel_endpoints_setup
 .text.nrfx_gppi_event_endpoint_clear
                0x000000000000f63a        0x8 modules/hal_nordic/nrfx/libmodules__hal_nordic__nrfx.a(nrfx_gppi_dppi.c.obj)
                0x000000000000f63a                nrfx_gppi_event_endpoint_clear
 .text.nrfx_gppi_task_endpoint_clear
                0x000000000000f642        0x8 modules/hal_nordic/nrfx/libmodules__hal_nordic__nrfx.a(nrfx_gppi_dppi.c.obj)
                0x000000000000f642                nrfx_gppi_task_endpoint_clear
 .text.nrfx_gppi_channel_alloc
                0x000000000000f64a        0x4 modules/hal_nordic/nrfx/libmodules__hal_nordic__nrfx.a(nrfx_gppi_dppi.c.obj)
                0x000000000000f64a                nrfx_gppi_channel_alloc
 .text.nrfx_clock_stop
                0x000000000000f64e        0x4 modules/hal_nordic/nrfx/libmodules__hal_nordic__nrfx.a(nrfx_clock.c.obj)
                0x000000000000f64e                nrfx_clock_stop
 .text.nrf_gpio_reconfigure
                0x000000000000f652       0x92 modules/hal_nordic/nrfx/libmodules__hal_nordic__nrfx.a(nrfx_gpiote.c.obj)
 .text.nrf_gpio_cfg_sense_set
                0x000000000000f6e4       0x1e modules/hal_nordic/nrfx/libmodules__hal_nordic__nrfx.a(nrfx_gpiote.c.obj)
 .text.call_handler
                0x000000000000f702       0x3e modules/hal_nordic/nrfx/libmodules__hal_nordic__nrfx.a(nrfx_gpiote.c.obj)
 .text.pin_trigger_disable
                0x000000000000f740       0x4a modules/hal_nordic/nrfx/libmodules__hal_nordic__nrfx.a(nrfx_gpiote.c.obj)
 .text.nrfx_gpiote_pin_uninit
                0x000000000000f78a        0x4 modules/hal_nordic/nrfx/libmodules__hal_nordic__nrfx.a(nrfx_gpiote.c.obj)
                0x000000000000f78a                nrfx_gpiote_pin_uninit
 .text.nrfx_gpiote_trigger_disable
                0x000000000000f78e        0x4 modules/hal_nordic/nrfx/libmodules__hal_nordic__nrfx.a(nrfx_gpiote.c.obj)
                0x000000000000f78e                nrfx_gpiote_trigger_disable
 .text.z_impl_k_busy_wait
                0x000000000000f792        0x8 zephyr/kernel/libkernel.a(busy_wait.c.obj)
                0x000000000000f792                z_impl_k_busy_wait
 .text.z_device_state_init
                0x000000000000f79a        0x2 zephyr/kernel/libkernel.a(device.c.obj)
                0x000000000000f79a                z_device_state_init
 .text.z_device_is_ready
                0x000000000000f79c       0x16 zephyr/kernel/libkernel.a(device.c.obj)
                0x000000000000f79c                z_device_is_ready
 .text.z_early_memset
                0x000000000000f7b2        0x4 zephyr/kernel/libkernel.a(init.c.obj)
                0x000000000000f7b2                z_early_memset
 .text.z_early_memcpy
                0x000000000000f7b6        0x4 zephyr/kernel/libkernel.a(init.c.obj)
                0x000000000000f7b6                z_early_memcpy
 .text.k_is_in_isr
                0x000000000000f7ba        0xc zephyr/kernel/libkernel.a(thread.c.obj)
                0x000000000000f7ba                k_is_in_isr
 .text.z_impl_k_thread_name_set
                0x000000000000f7c6        0x6 zephyr/kernel/libkernel.a(thread.c.obj)
                0x000000000000f7c6                z_impl_k_thread_name_set
 .text.k_thread_name_get
                0x000000000000f7cc        0x4 zephyr/kernel/libkernel.a(thread.c.obj)
                0x000000000000f7cc                k_thread_name_get
 .text.idle     0x000000000000f7d0       0x18 zephyr/kernel/libkernel.a(idle.c.obj)
                0x000000000000f7d0                idle
 .text.adjust_owner_prio.isra.0
                0x000000000000f7e8       0x10 zephyr/kernel/libkernel.a(mutex.c.obj)
 .text.z_impl_k_sem_init
                0x000000000000f7f8       0x18 zephyr/kernel/libkernel.a(sem.c.obj)
                0x000000000000f7f8                z_impl_k_sem_init
 .text.sys_dlist_remove
                0x000000000000f810       0x10 zephyr/kernel/libkernel.a(sched.c.obj)
 .text.unpend_thread_no_timeout
                0x000000000000f820       0x14 zephyr/kernel/libkernel.a(sched.c.obj)
 .text.add_to_waitq_locked
                0x000000000000f834       0x50 zephyr/kernel/libkernel.a(sched.c.obj)
 .text.z_ready_thread
                0x000000000000f884       0x20 zephyr/kernel/libkernel.a(sched.c.obj)
                0x000000000000f884                z_ready_thread
 .text.z_impl_k_thread_suspend
                0x000000000000f8a4       0x36 zephyr/kernel/libkernel.a(sched.c.obj)
                0x000000000000f8a4                z_impl_k_thread_suspend
 .text.z_unpend_thread_no_timeout
                0x000000000000f8da       0x24 zephyr/kernel/libkernel.a(sched.c.obj)
                0x000000000000f8da                z_unpend_thread_no_timeout
 .text.z_sched_wake_thread
                0x000000000000f8fe       0x44 zephyr/kernel/libkernel.a(sched.c.obj)
                0x000000000000f8fe                z_sched_wake_thread
 .text.z_thread_timeout
                0x000000000000f942        0x8 zephyr/kernel/libkernel.a(sched.c.obj)
                0x000000000000f942                z_thread_timeout
 .text.z_unpend1_no_timeout
                0x000000000000f94a       0x2e zephyr/kernel/libkernel.a(sched.c.obj)
                0x000000000000f94a                z_unpend1_no_timeout
 .text.z_unpend_first_thread
                0x000000000000f978       0x38 zephyr/kernel/libkernel.a(sched.c.obj)
                0x000000000000f978                z_unpend_first_thread
 .text.z_reschedule_irqlock
                0x000000000000f9b0       0x18 zephyr/kernel/libkernel.a(sched.c.obj)
                0x000000000000f9b0                z_reschedule_irqlock
 .text.z_reschedule_unlocked
                0x000000000000f9c8       0x14 zephyr/kernel/libkernel.a(sched.c.obj)
 .text.z_thread_abort
                0x000000000000f9dc       0x42 zephyr/kernel/libkernel.a(sched.c.obj)
                0x000000000000f9dc                z_thread_abort
 .text.z_abort_timeout
                0x000000000000fa1e       0x2c zephyr/kernel/libkernel.a(timeout.c.obj)
                0x000000000000fa1e                z_abort_timeout
 .text.sys_clock_tick_get_32
                0x000000000000fa4a        0x8 zephyr/kernel/libkernel.a(timeout.c.obj)
                0x000000000000fa4a                sys_clock_tick_get_32
 .text.z_impl_k_uptime_ticks
                0x000000000000fa52        0x4 zephyr/kernel/libkernel.a(timeout.c.obj)
                0x000000000000fa52                z_impl_k_uptime_ticks
 .text.k_timer_init
                0x000000000000fa56       0x18 zephyr/kernel/libkernel.a(timer.c.obj)
                0x000000000000fa56                k_timer_init
 .text.z_impl_k_timer_stop
                0x000000000000fa6e       0x3a zephyr/kernel/libkernel.a(timer.c.obj)
                0x000000000000fa6e                z_impl_k_timer_stop
 .text.strnlen  0x000000000000faa8       0x18 c:\ncs\toolchains\ce3b5ff664\opt\zephyr-sdk\arm-zephyr-eabi\bin\../lib/gcc/../../picolibc/arm-zephyr-eabi/lib/thumb/v8-m.main/nofp\libc.a(libc_string_strnlen.c.o)
                0x000000000000faa8                strnlen
 .text.__ultoa_invert
                0x000000000000fac0       0xac c:\ncs\toolchains\ce3b5ff664\opt\zephyr-sdk\arm-zephyr-eabi\bin\../lib/gcc/../../picolibc/arm-zephyr-eabi/lib/thumb/v8-m.main/nofp\libc.a(libc_tinystdio_vflprintf.c.o)
 .text.memcpy   0x000000000000fb6c       0x1a c:\ncs\toolchains\ce3b5ff664\opt\zephyr-sdk\arm-zephyr-eabi\bin\../lib/gcc/../../picolibc/arm-zephyr-eabi/lib/thumb/v8-m.main/nofp\libc.a(memcpy.c.o)
                0x000000000000fb6c                __aeabi_memcpy
                0x000000000000fb6c                __aeabi_memcpy4
                0x000000000000fb6c                __aeabi_memcpy8
                0x000000000000fb6c                memcpy
 .text.memset   0x000000000000fb86       0x10 c:\ncs\toolchains\ce3b5ff664\opt\zephyr-sdk\arm-zephyr-eabi\bin\../lib/gcc/../../picolibc/arm-zephyr-eabi/lib/thumb/v8-m.main/nofp\libc.a(memset.c.o)
                0x000000000000fb86                memset
 .text.__file_str_put
                0x000000000000fb96       0x10 c:\ncs\toolchains\ce3b5ff664\opt\zephyr-sdk\arm-zephyr-eabi\bin\../lib/gcc/../../picolibc/arm-zephyr-eabi/lib/thumb/v8-m.main/nofp\libc.a(libc_tinystdio_filestrput.c.o)
                0x000000000000fb96                __file_str_put
 *(SORT_BY_ALIGNMENT(.TEXT.*))
 *fill*         0x000000000000fba6        0x2 
 .TEXT.__aeabi_read_tp
                0x000000000000fba8        0xc zephyr/arch/arch/arm/core/cortex_m/libarch__arm__core__cortex_m.a(__aeabi_read_tp.S.obj)
                0x000000000000fba8                __aeabi_read_tp
 *(SORT_BY_ALIGNMENT(.gnu.linkonce.t.*))
 *(SORT_BY_ALIGNMENT(.glue_7t))
 .glue_7t       0x000000000000fbb4        0x0 linker stubs
 *(SORT_BY_ALIGNMENT(.glue_7))
 .glue_7        0x000000000000fbb4        0x0 linker stubs
 *(SORT_BY_ALIGNMENT(.vfp11_veneer))
 .vfp11_veneer  0x000000000000fbb4        0x0 linker stubs
 *(SORT_BY_ALIGNMENT(.v4_bx))
 .v4_bx         0x000000000000fbb4        0x0 linker stubs
                0x000000000000fbb4                . = ALIGN (0x4)
                0x000000000000fbb4                __text_region_end = .

.ARM.exidx      0x000000000000fbb4        0x8
                0x000000000000fbb4                __exidx_start = .
 *(SORT_BY_ALIGNMENT(.ARM.exidx*) SORT_BY_ALIGNMENT(gnu.linkonce.armexidx.*))
 .ARM.exidx     0x000000000000fbb4        0x8 c:/ncs/toolchains/ce3b5ff664/opt/zephyr-sdk/arm-zephyr-eabi/bin/../lib/gcc/arm-zephyr-eabi/12.2.0/thumb/v8-m.main/nofp\libgcc.a(_udivmoddi4.o)
 .ARM.exidx     0x000000000000fbbc        0x0 c:\ncs\toolchains\ce3b5ff664\opt\zephyr-sdk\arm-zephyr-eabi\bin\../lib/gcc/../../picolibc/arm-zephyr-eabi/lib/thumb/v8-m.main/nofp\libc.a(strlen.S.o)
                                          0x8 (size before relaxing)
                0x000000000000fbbc                __exidx_end = .
                0x000000000000fbbc                __rodata_region_start = .

initlevel       0x000000000000fbbc       0x78
                0x000000000000fbbc                __init_start = .
                0x000000000000fbbc                __init_EARLY_start = .
 *(SORT_BY_NAME(SORT_BY_ALIGNMENT(.z_init_EARLY?_*)))
 *(SORT_BY_NAME(SORT_BY_ALIGNMENT(.z_init_EARLY??_*)))
                0x000000000000fbbc                __init_PRE_KERNEL_1_start = .
 *(SORT_BY_NAME(SORT_BY_ALIGNMENT(.z_init_PRE_KERNEL_1?_*)))
 .z_init_PRE_KERNEL_10_0_
                0x000000000000fbbc        0x8 zephyr/soc/soc/arm/nordic_nrf/libsoc__arm__nordic_nrf.a(soc.c.obj)
 .z_init_PRE_KERNEL_10_0_
                0x000000000000fbc4        0x8 modules/nrf/modules/trusted-firmware-m/lib..__nrf__modules__trusted-firmware-m.a(fault.c.obj)
 *(SORT_BY_NAME(SORT_BY_ALIGNMENT(.z_init_PRE_KERNEL_1??_*)))
 .z_init_PRE_KERNEL_130_00073_
                0x000000000000fbcc        0x8 zephyr/drivers/clock_control/libdrivers__clock_control.a(clock_control_nrf.c.obj)
 .z_init_PRE_KERNEL_140_00015_
                0x000000000000fbd4        0x8 zephyr/drivers/gpio/libdrivers__gpio.a(gpio_nrfx.c.obj)
 .z_init_PRE_KERNEL_140_00034_
                0x000000000000fbdc        0x8 zephyr/drivers/gpio/libdrivers__gpio.a(gpio_nrfx.c.obj)
 .z_init_PRE_KERNEL_155_00112_
                0x000000000000fbe4        0x8 zephyr/drivers/serial/libdrivers__serial.a(uart_nrfx_uarte.c.obj)
 .z_init_PRE_KERNEL_160_0_
                0x000000000000fbec        0x8 zephyr/drivers/console/libdrivers__console.a(uart_console.c.obj)
                0x000000000000fbf4                __init_PRE_KERNEL_2_start = .
 *(SORT_BY_NAME(SORT_BY_ALIGNMENT(.z_init_PRE_KERNEL_2?_*)))
 .z_init_PRE_KERNEL_20_0_
                0x000000000000fbf4        0x8 zephyr/drivers/timer/libdrivers__timer.a(nrf_rtc_timer.c.obj)
 *(SORT_BY_NAME(SORT_BY_ALIGNMENT(.z_init_PRE_KERNEL_2??_*)))
                0x000000000000fbfc                __init_POST_KERNEL_start = .
 *(SORT_BY_NAME(SORT_BY_ALIGNMENT(.z_init_POST_KERNEL?_*)))
 .z_init_POST_KERNEL0_0_
                0x000000000000fbfc        0x8 zephyr/libzephyr.a(log_core.c.obj)
 .z_init_POST_KERNEL0_0_
                0x000000000000fc04        0x8 zephyr/soc/soc/arm/nordic_nrf/libsoc__arm__nordic_nrf.a(soc.c.obj)
 *(SORT_BY_NAME(SORT_BY_ALIGNMENT(.z_init_POST_KERNEL??_*)))
 .z_init_POST_KERNEL40_00027_
                0x000000000000fc0c        0x8 zephyr/drivers/mbox/libdrivers__mbox.a(mbox_nrfx_ipc.c.obj)
 .z_init_POST_KERNEL40_0_
                0x000000000000fc14        0x8 zephyr/lib/libc/common/liblib__libc__common.a(malloc.c.obj)
 .z_init_POST_KERNEL40_0_
                0x000000000000fc1c        0x8 modules/trusted-firmware-m/libtfm_api.a(interface.c.obj)
 .z_init_POST_KERNEL50_00012_
                0x000000000000fc24        0x8 zephyr/drivers/adc/libdrivers__adc.a(adc_nrfx_saadc.c.obj)
 .z_init_POST_KERNEL90_0_
                0x000000000000fc2c        0x8 zephyr/soc/soc/arm/nordic_nrf/libsoc__arm__nordic_nrf.a(sync_rtc.c.obj)
                0x000000000000fc34                __init_APPLICATION_start = .
 *(SORT_BY_NAME(SORT_BY_ALIGNMENT(.z_init_APPLICATION?_*)))
 *(SORT_BY_NAME(SORT_BY_ALIGNMENT(.z_init_APPLICATION??_*)))
                0x000000000000fc34                __init_SMP_start = .
 *(SORT_BY_NAME(SORT_BY_ALIGNMENT(.z_init_SMP?_*)))
 *(SORT_BY_NAME(SORT_BY_ALIGNMENT(.z_init_SMP??_*)))
                0x000000000000fc34                __init_end = .

device_area     0x000000000000fc34       0x78
                0x000000000000fc34                _device_list_start = .
 *(SORT_BY_NAME(SORT_BY_ALIGNMENT(._device.static.*_?_*)))
 *(SORT_BY_NAME(SORT_BY_ALIGNMENT(._device.static.*_??_*)))
 ._device.static.1_30_
                0x000000000000fc34       0x14 zephyr/drivers/clock_control/libdrivers__clock_control.a(clock_control_nrf.c.obj)
                0x000000000000fc34                __device_dts_ord_73
 ._device.static.1_40_
                0x000000000000fc48       0x28 zephyr/drivers/gpio/libdrivers__gpio.a(gpio_nrfx.c.obj)
                0x000000000000fc48                __device_dts_ord_34
                0x000000000000fc5c                __device_dts_ord_15
 ._device.static.1_55_
                0x000000000000fc70       0x14 zephyr/drivers/serial/libdrivers__serial.a(uart_nrfx_uarte.c.obj)
                0x000000000000fc70                __device_dts_ord_112
 ._device.static.3_40_
                0x000000000000fc84       0x14 zephyr/drivers/mbox/libdrivers__mbox.a(mbox_nrfx_ipc.c.obj)
                0x000000000000fc84                __device_dts_ord_27
 ._device.static.3_50_
                0x000000000000fc98       0x14 zephyr/drivers/adc/libdrivers__adc.a(adc_nrfx_saadc.c.obj)
                0x000000000000fc98                __device_dts_ord_12
                0x000000000000fcac                _device_list_end = .

sw_isr_table    0x000000000000fcac      0x228
                0x000000000000fcac                . = ALIGN (0x4)
 *(SORT_BY_ALIGNMENT(.gnu.linkonce.sw_isr_table*))
 .gnu.linkonce.sw_isr_table
                0x000000000000fcac      0x228 zephyr/CMakeFiles/zephyr_final.dir/isr_tables.c.obj
                0x000000000000fcac                _sw_isr_table

initlevel_error
                0x000000000000fbbc        0x0
 *(SORT_BY_NAME(SORT_BY_ALIGNMENT(.z_init_[_A-Z0-9]*)))
                0x0000000000000001                ASSERT ((SIZEOF (initlevel_error) == 0x0), Undefined initialization levels used.)

app_shmem_regions
                0x000000000000fed4        0x0
                0x000000000000fed4                __app_shmem_regions_start = .
 *(SORT_BY_NAME(SORT_BY_ALIGNMENT(.app_regions.*)))
                0x000000000000fed4                __app_shmem_regions_end = .

k_p4wq_initparam_area
                0x000000000000fed4        0x0
                0x000000000000fed4                _k_p4wq_initparam_list_start = .
 *(SORT_BY_NAME(SORT_BY_ALIGNMENT(._k_p4wq_initparam.static.*)))
                0x000000000000fed4                _k_p4wq_initparam_list_end = .

_static_thread_data_area
                0x000000000000fed4        0x0
                0x000000000000fed4                __static_thread_data_list_start = .
 *(SORT_BY_NAME(SORT_BY_ALIGNMENT(.__static_thread_data.static.*)))
                0x000000000000fed4                __static_thread_data_list_end = .

device_deps     0x000000000000fed4        0x0
                0x000000000000fed4                __device_deps_start = .
 *(SORT_BY_NAME(SORT_BY_ALIGNMENT(.__device_deps_pass2*)))
                0x000000000000fed4                __device_deps_end = .

ztest           0x000000000000fed4        0x0
                0x000000000000fed4                _ztest_expected_result_entry_list_start = .
 *(SORT_BY_NAME(SORT_BY_ALIGNMENT(._ztest_expected_result_entry.static.*)))
                0x000000000000fed4                _ztest_expected_result_entry_list_end = .
                0x000000000000fed4                _ztest_suite_node_list_start = .
 *(SORT_BY_NAME(SORT_BY_ALIGNMENT(._ztest_suite_node.static.*)))
                0x000000000000fed4                _ztest_suite_node_list_end = .
                0x000000000000fed4                _ztest_unit_test_list_start = .
 *(SORT_BY_NAME(SORT_BY_ALIGNMENT(._ztest_unit_test.static.*)))
                0x000000000000fed4                _ztest_unit_test_list_end = .
                0x000000000000fed4                _ztest_test_rule_list_start = .
 *(SORT_BY_NAME(SORT_BY_ALIGNMENT(._ztest_test_rule.static.*)))
                0x000000000000fed4                _ztest_test_rule_list_end = .

bt_l2cap_fixed_chan_area
                0x000000000000fed4        0x0
                0x000000000000fed4                _bt_l2cap_fixed_chan_list_start = .
 *(SORT_BY_NAME(SORT_BY_ALIGNMENT(._bt_l2cap_fixed_chan.static.*)))
                0x000000000000fed4                _bt_l2cap_fixed_chan_list_end = .

bt_gatt_service_static_area
                0x000000000000fed4        0x0
                0x000000000000fed4                _bt_gatt_service_static_list_start = .
 *(SORT_BY_NAME(SORT_BY_ALIGNMENT(._bt_gatt_service_static.static.*)))
                0x000000000000fed4                _bt_gatt_service_static_list_end = .

log_strings_area
                0x000000000000fed4        0x0
                0x000000000000fed4                _log_strings_list_start = .
 *(SORT_BY_NAME(SORT_BY_ALIGNMENT(._log_strings.static.*)))
                0x000000000000fed4                _log_strings_list_end = .

log_const_area  0x000000000000fed4       0x70
                0x000000000000fed4                _log_const_list_start = .
 *(SORT_BY_NAME(SORT_BY_ALIGNMENT(._log_const.static.*)))
 ._log_const.static.log_const_HeartRateMonitor_
                0x000000000000fed4        0x8 app/libapp.a(main.c.obj)
                0x000000000000fed4                log_const_HeartRateMonitor
 ._log_const.static.log_const_adc_nrfx_saadc_
                0x000000000000fedc        0x8 zephyr/drivers/adc/libdrivers__adc.a(adc_nrfx_saadc.c.obj)
                0x000000000000fedc                log_const_adc_nrfx_saadc
 ._log_const.static.log_const_cbprintf_package_
                0x000000000000fee4        0x8 zephyr/libzephyr.a(cbprintf_packaged.c.obj)
                0x000000000000fee4                log_const_cbprintf_package
 ._log_const.static.log_const_clock_control_
                0x000000000000feec        0x8 zephyr/drivers/clock_control/libdrivers__clock_control.a(clock_control_nrf.c.obj)
                0x000000000000feec                log_const_clock_control
 ._log_const.static.log_const_fatal_error_
                0x000000000000fef4        0x8 modules/nrf/lib/fatal_error/lib..__nrf__lib__fatal_error.a(fatal_error.c.obj)
                0x000000000000fef4                log_const_fatal_error
 ._log_const.static.log_const_log_
                0x000000000000fefc        0x8 zephyr/libzephyr.a(log_core.c.obj)
                0x000000000000fefc                log_const_log
 ._log_const.static.log_const_log_mgmt_
                0x000000000000ff04        0x8 zephyr/libzephyr.a(log_mgmt.c.obj)
                0x000000000000ff04                log_const_log_mgmt
 ._log_const.static.log_const_log_uart_
                0x000000000000ff0c        0x8 zephyr/libzephyr.a(log_backend_uart.c.obj)
                0x000000000000ff0c                log_const_log_uart
 ._log_const.static.log_const_mbox_nrfx_ipc_
                0x000000000000ff14        0x8 zephyr/drivers/mbox/libdrivers__mbox.a(mbox_nrfx_ipc.c.obj)
                0x000000000000ff14                log_const_mbox_nrfx_ipc
 ._log_const.static.log_const_mpu_
                0x000000000000ff1c        0x8 zephyr/arch/arch/arm/core/mpu/libarch__arm__core__mpu.a(arm_core_mpu.c.obj)
                0x000000000000ff1c                log_const_mpu
 ._log_const.static.log_const_os_
                0x000000000000ff24        0x8 zephyr/kernel/libkernel.a(init.c.obj)
                0x000000000000ff24                log_const_os
 ._log_const.static.log_const_soc_
                0x000000000000ff2c        0x8 zephyr/soc/soc/arm/nordic_nrf/libsoc__arm__nordic_nrf.a(soc.c.obj)
                0x000000000000ff2c                log_const_soc
 ._log_const.static.log_const_sync_rtc_
                0x000000000000ff34        0x8 zephyr/soc/soc/arm/nordic_nrf/libsoc__arm__nordic_nrf.a(sync_rtc.c.obj)
                0x000000000000ff34                log_const_sync_rtc
 ._log_const.static.log_const_uart_nrfx_uarte_
                0x000000000000ff3c        0x8 zephyr/drivers/serial/libdrivers__serial.a(uart_nrfx_uarte.c.obj)
                0x000000000000ff3c                log_const_uart_nrfx_uarte
                0x000000000000ff44                _log_const_list_end = .

log_backend_area
                0x000000000000ff44       0x10
                0x000000000000ff44                _log_backend_list_start = .
 *(SORT_BY_NAME(SORT_BY_ALIGNMENT(._log_backend.static.*)))
 ._log_backend.static.log_backend_uart_
                0x000000000000ff44       0x10 zephyr/libzephyr.a(log_backend_uart.c.obj)
                0x000000000000ff54                _log_backend_list_end = .

log_link_area   0x000000000000ff54        0x0
                0x000000000000ff54                _log_link_list_start = .
 *(SORT_BY_NAME(SORT_BY_ALIGNMENT(._log_link.static.*)))
                0x000000000000ff54                _log_link_list_end = .

tracing_backend_area
                0x000000000000ff54        0x0
                0x000000000000ff54                _tracing_backend_list_start = .
 *(SORT_BY_NAME(SORT_BY_ALIGNMENT(._tracing_backend.static.*)))
                0x000000000000ff54                _tracing_backend_list_end = .

zephyr_dbg_info
 *(SORT_BY_ALIGNMENT(.dbg_thread_info))

symbol_to_keep  0x000000000000ff54        0x0
                0x000000000000ff54                __symbol_to_keep_start = .
 *(SORT_BY_NAME(SORT_BY_ALIGNMENT(.symbol_to_keep*)))
                0x000000000000ff54                __symbol_to_keep_end = .

shell_area      0x000000000000ff54        0x0
                0x000000000000ff54                _shell_list_start = .
 *(SORT_BY_NAME(SORT_BY_ALIGNMENT(._shell.static.*)))
                0x000000000000ff54                _shell_list_end = .

shell_root_cmds_area
                0x000000000000ff54        0x0
                0x000000000000ff54                _shell_root_cmds_list_start = .
 *(SORT_BY_NAME(SORT_BY_ALIGNMENT(._shell_root_cmds.static.*)))
                0x000000000000ff54                _shell_root_cmds_list_end = .

shell_subcmds_area
                0x000000000000ff54        0x0
                0x000000000000ff54                _shell_subcmds_list_start = .
 *(SORT_BY_NAME(SORT_BY_ALIGNMENT(._shell_subcmds.static.*)))
                0x000000000000ff54                _shell_subcmds_list_end = .

shell_dynamic_subcmds_area
                0x000000000000ff54        0x0
                0x000000000000ff54                _shell_dynamic_subcmds_list_start = .
 *(SORT_BY_NAME(SORT_BY_ALIGNMENT(._shell_dynamic_subcmds.static.*)))
                0x000000000000ff54                _shell_dynamic_subcmds_list_end = .

cfb_font_area   0x000000000000ff54        0x0
                0x000000000000ff54                _cfb_font_list_start = .
 *(SORT_BY_NAME(SORT_BY_ALIGNMENT(._cfb_font.static.*)))
                0x000000000000ff54                _cfb_font_list_end = .

tdata           0x000000000000ff54        0x0
 *(SORT_BY_ALIGNMENT(.tdata) SORT_BY_ALIGNMENT(.tdata.*) SORT_BY_ALIGNMENT(.gnu.linkonce.td.*))

tbss            0x000000000000ff54        0x4
 *(SORT_BY_ALIGNMENT(.tbss) SORT_BY_ALIGNMENT(.tbss.*) SORT_BY_ALIGNMENT(.gnu.linkonce.tb.*) SORT_BY_ALIGNMENT(.tcommon))
 .tbss.z_tls_current
                0x000000000000ff54        0x4 zephyr/libzephyr.a(thread_entry.c.obj)
                0x000000000000ff54                z_tls_current
                0x000000000000ff54                PROVIDE (__tdata_start = LOADADDR (tdata))
                0x0000000000000000                PROVIDE (__tdata_size = SIZEOF (tdata))
                [!provide]                        PROVIDE (__tdata_end = (__tdata_start + __tdata_size))
                0x0000000000000001                PROVIDE (__tdata_align = ALIGNOF (tdata))
                [!provide]                        PROVIDE (__tbss_start = ADDR (tbss))
                0x0000000000000004                PROVIDE (__tbss_size = SIZEOF (tbss))
                [!provide]                        PROVIDE (__tbss_end = (__tbss_start + __tbss_size))
                0x0000000000000004                PROVIDE (__tbss_align = ALIGNOF (tbss))
                [!provide]                        PROVIDE (__tls_start = __tdata_start)
                [!provide]                        PROVIDE (__tls_end = __tbss_end)
                [!provide]                        PROVIDE (__tls_size = (__tbss_end - __tdata_start))

rodata          0x000000000000ff60      0xee8
 *(SORT_BY_ALIGNMENT(.rodata))
 *(SORT_BY_ALIGNMENT(.rodata.*))
 .rodata.delay_machine_code.0
                0x000000000000ff60        0x6 zephyr/soc/soc/arm/nordic_nrf/libsoc__arm__nordic_nrf.a(soc.c.obj)
 *fill*         0x000000000000ff66        0x2 
 .rodata.adc_channel
                0x000000000000ff68       0x14 app/libapp.a(main.c.obj)
 .rodata.mpsc_config
                0x000000000000ff7c       0x14 zephyr/libzephyr.a(log_core.c.obj)
 .rodata.format_table
                0x000000000000ff90       0x10 zephyr/libzephyr.a(log_core.c.obj)
 .rodata.colors
                0x000000000000ffa0       0x14 zephyr/libzephyr.a(log_output.c.obj)
 .rodata.severity
                0x000000000000ffb4       0x14 zephyr/libzephyr.a(log_output.c.obj)
 .rodata.lbu_cb_ctx
                0x000000000000ffc8        0x8 zephyr/libzephyr.a(log_backend_uart.c.obj)
 .rodata.lbu_output
                0x000000000000ffd0       0x10 zephyr/libzephyr.a(log_backend_uart.c.obj)
 .rodata.log_backend_uart_api
                0x000000000000ffe0       0x1c zephyr/libzephyr.a(log_backend_uart.c.obj)
                0x000000000000ffe0                log_backend_uart_api
 .rodata.mem_attr_region
                0x000000000000fffc        0x0 zephyr/libzephyr.a(mem_attr.c.obj)
 .rodata.static_regions
                0x000000000000fffc        0xc zephyr/arch/arch/arm/core/mpu/libarch__arm__core__mpu.a(arm_core_mpu.c.obj)
 .rodata.mpu_config
                0x0000000000010008        0x8 zephyr/arch/arch/arm/core/mpu/libarch__arm__core__mpu.a(arm_mpu_regions.c.obj)
                0x0000000000010008                mpu_config
 .rodata.mpu_regions
                0x0000000000010010       0x20 zephyr/arch/arch/arm/core/mpu/libarch__arm__core__mpu.a(arm_mpu_regions.c.obj)
 .rodata.adc_nrfx_driver_api
                0x0000000000010030        0xc zephyr/drivers/adc/libdrivers__adc.a(adc_nrfx_saadc.c.obj)
 .rodata.transitions.0
                0x000000000001003c        0xc zephyr/drivers/clock_control/libdrivers__clock_control.a(clock_control_nrf.c.obj)
 .rodata.config
                0x0000000000010048       0x30 zephyr/drivers/clock_control/libdrivers__clock_control.a(clock_control_nrf.c.obj)
 .rodata.clock_control_api
                0x0000000000010078       0x1c zephyr/drivers/clock_control/libdrivers__clock_control.a(clock_control_nrf.c.obj)
 .rodata.gpio_nrfx_p1_cfg
                0x0000000000010094       0x18 zephyr/drivers/gpio/libdrivers__gpio.a(gpio_nrfx.c.obj)
 .rodata.gpio_nrfx_p0_cfg
                0x00000000000100ac       0x18 zephyr/drivers/gpio/libdrivers__gpio.a(gpio_nrfx.c.obj)
 .rodata.gpio_nrfx_drv_api_funcs
                0x00000000000100c4       0x24 zephyr/drivers/gpio/libdrivers__gpio.a(gpio_nrfx.c.obj)
 .rodata.mbox_nrf_driver_api
                0x00000000000100e8       0x14 zephyr/drivers/mbox/libdrivers__mbox.a(mbox_nrfx_ipc.c.obj)
 .rodata.uarte_0z_config
                0x00000000000100fc       0x10 zephyr/drivers/serial/libdrivers__serial.a(uart_nrfx_uarte.c.obj)
 .rodata.__pinctrl_dev_config__device_dts_ord_112
                0x000000000001010c        0xc zephyr/drivers/serial/libdrivers__serial.a(uart_nrfx_uarte.c.obj)
 .rodata.__pinctrl_states__device_dts_ord_112
                0x0000000000010118        0x8 zephyr/drivers/serial/libdrivers__serial.a(uart_nrfx_uarte.c.obj)
 .rodata.__pinctrl_state_pins_0__device_dts_ord_112
                0x0000000000010120       0x10 zephyr/drivers/serial/libdrivers__serial.a(uart_nrfx_uarte.c.obj)
 .rodata.uart_nrfx_uarte_driver_api
                0x0000000000010130        0xc zephyr/drivers/serial/libdrivers__serial.a(uart_nrfx_uarte.c.obj)
 .rodata.CSWTCH.489
                0x000000000001013c       0x14 zephyr/kernel/libkernel.a(fatal.c.obj)
 .rodata.levels.0
                0x0000000000010150       0x18 zephyr/kernel/libkernel.a(init.c.obj)
 .rodata.main.str1.1
                0x0000000000010168       0x68 app/libapp.a(main.c.obj)
 .rodata.str1.1
                0x00000000000101d0       0x11 app/libapp.a(main.c.obj)
 .rodata.cbprintf_package_convert.str1.1
                0x00000000000101e1       0xa3 zephyr/libzephyr.a(cbprintf_packaged.c.obj)
 .rodata.str1.1
                0x0000000000010284       0x11 zephyr/libzephyr.a(cbprintf_packaged.c.obj)
 .rodata.enable_logger.str1.1
                0x0000000000010295        0x8 zephyr/libzephyr.a(log_core.c.obj)
 .rodata.str1.1
                0x000000000001029d        0x4 zephyr/libzephyr.a(log_core.c.obj)
 .rodata.str1.1
                0x00000000000102a1        0x9 zephyr/libzephyr.a(log_mgmt.c.obj)
 .rodata.z_impl_z_log_msg_static_create.str1.1
                0x00000000000102aa       0x3f zephyr/libzephyr.a(log_msg.c.obj)
 .rodata.newline_print.str1.1
                0x00000000000102e9        0x3 zephyr/libzephyr.a(log_output.c.obj)
                                          0x5 (size before relaxing)
 .rodata.log_output_process.str1.1
                0x00000000000102ec       0x4f zephyr/libzephyr.a(log_output.c.obj)
                                         0x51 (size before relaxing)
 .rodata.log_output_dropped_process.str1.1
                0x000000000001033b       0x4f zephyr/libzephyr.a(log_output.c.obj)
                                          0x3 (size before relaxing)
 .rodata.postfix.0
                0x000000000001033b       0x1c zephyr/libzephyr.a(log_output.c.obj)
 .rodata.prefix.1
                0x0000000000010357        0xc zephyr/libzephyr.a(log_output.c.obj)
 .rodata.str1.1
                0x0000000000010363       0x20 zephyr/libzephyr.a(log_output.c.obj)
 .rodata.str1.1
                0x0000000000010383       0x1a zephyr/libzephyr.a(log_backend_uart.c.obj)
 .rodata.z_arm_fatal_error.str1.1
                0x000000000001039d       0x9b zephyr/arch/arch/arm/core/libarch__arm__core.a(fatal.c.obj)
 .rodata.mem_manage_fault.constprop.0.str1.1
                0x0000000000010438       0xd8 zephyr/arch/arch/arm/core/cortex_m/libarch__arm__core__cortex_m.a(fault.c.obj)
 .rodata.usage_fault.constprop.0.str1.1
                0x0000000000010510       0xf7 zephyr/arch/arch/arm/core/cortex_m/libarch__arm__core__cortex_m.a(fault.c.obj)
 .rodata.bus_fault.constprop.0.str1.1
                0x0000000000010607       0x88 zephyr/arch/arch/arm/core/cortex_m/libarch__arm__core__cortex_m.a(fault.c.obj)
 .rodata.z_arm_fault.str1.1
                0x000000000001068f      0x109 zephyr/arch/arch/arm/core/cortex_m/libarch__arm__core__cortex_m.a(fault.c.obj)
 .rodata.str1.1
                0x0000000000010798        0x4 zephyr/arch/arch/arm/core/mpu/libarch__arm__core__mpu.a(arm_core_mpu.c.obj)
 .rodata.region_allocate_and_init.str1.1
                0x000000000001079c       0x26 zephyr/arch/arch/arm/core/mpu/libarch__arm__core__mpu.a(arm_mpu.c.obj)